## ---------------------------------------- ##
## GnuCOBOL 3.2 test suite: GnuCOBOL Tests. ##
## ---------------------------------------- ##

testsuite: command line was:
  $ ./testsuite --jobs=4

## ---------- ##
## ChangeLog. ##
## ---------- ##

| 
| 2023-07-28  Simon Sobisch <simonsobisch@gnu.org>
| 
| 	* configure.ac: check for mousemask and mmask_t
| 
| 2023-07-24  Simon Sobisch <simonsobisch@gnu.org>
| 
| 	* configure.ac: fix for resolving COBCRUN_NAME
| 
| 2023-05-25  Chuck Haatvedt <chuck.haatvedt+cobol@gmail.com>

## --------- ##
## Platform. ##
## --------- ##

hostname = 3570K
uname -m = x86_64
uname -r = 3.4.7.x86_64
uname -s = MINGW64_NT-10.0-19045
uname -v = 2023-07-14 16:57 UTC

/usr/bin/uname -p = unknown
/bin/uname -X     = unknown

/bin/arch              = x86_64
/usr/bin/arch -k       = unknown
/usr/convex/getsysinfo = unknown
/usr/bin/hostinfo      = unknown
/bin/machine           = unknown
/usr/bin/oslevel       = unknown
/bin/universe          = unknown

PATH: /home/spcwh2/x64/gnucobol-trunk/tests/
PATH: /home/spcwh2/x64/gnucobol-trunk/libcob/.libs/
PATH: /home/spcwh2/x64/gnucobol-trunk/cobc/
PATH: /home/spcwh2/x64/gnucobol-trunk/bin/
PATH: /mingw64/bin/
PATH: /mingw64/bin/site_perl/5.32.1/
PATH: /mingw64/bin/vendor_perl/
PATH: /mingw64/bin/core_perl/
PATH: /usr/bin/
PATH: /bin/
PATH: /c/Windows/System32/
PATH: /c/Windows/
PATH: /c/Windows/System32/Wbem/
PATH: /c/Windows/System32/WindowsPowerShell/v1.0/

testsuite: atconfig:
| # Configurable variable values for building test suites.
| # Generated by ./config.status.
| # Copyright (C) 2021 Free Software Foundation, Inc.
| 
| # The test suite will define top_srcdir=/../.. etc.
| at_testdir='tests'
| abs_builddir='/home/spcwh2/x64/gnucobol-trunk/tests'
| at_srcdir='.'
| abs_srcdir='/home/spcwh2/x64/gnucobol-trunk/tests'
| at_top_srcdir='..'
| abs_top_srcdir='/home/spcwh2/x64/gnucobol-trunk'
| at_top_build_prefix='../'
| abs_top_builddir='/home/spcwh2/x64/gnucobol-trunk'
| 
| # Backward compatibility with Autotest <= 2.59b:
| at_top_builddir=$at_top_build_prefix
| 
| 
| EXEEXT='.exe'
| AUTOTEST_PATH='tests'
| 
| SHELL=${CONFIG_SHELL-'/bin/sh'}

testsuite: atlocal:
| #
| # atlocal gnucobol/tests
| #
| # Copyright (C) 2003-2012, 2014-2023 Free Software Foundation, Inc.
| # Written by Keisuke Nishida, Roger While, Simon Sobisch, Edward Hart
| #
| # This file is part of GnuCOBOL.
| #
| # The GnuCOBOL compiler is free software: you can redistribute it
| # and/or modify it under the terms of the GNU General Public License
| # as published by the Free Software Foundation, either version 3 of the
| # License, or (at your option) any later version.
| #
| # GnuCOBOL is distributed in the hope that it will be useful,
| # but WITHOUT ANY WARRANTY; without even the implied warranty of
| # MERCHANTABILITY or FITNESS FOR A PARTICULAR PURPOSE.  See the
| # GNU General Public License for more details.
| #
| # You should have received a copy of the GNU General Public License
| # along with GnuCOBOL.  If not, see <https://www.gnu.org/licenses/>.
| 
| 
| TEMPLATE="${abs_srcdir}/testsuite.src"
| 
| # TODO: add missing parts for installcheck
| 
| if test "$GNUCOBOL_ENV_SETUP" != "1" -a "$GNUCOBOL_TEST_LOCAL" != "1"; then
| 	COBC="cobc"
| 	COBCRUN="cobcrun"
| 	COBCRUN_DIRECT="" # used for running created executables through tools
| 	# prepend PATH with the actual binaries to let the testsuite find them for
| 	# general check and version output, otherwise not needed
| 	PATH="${abs_top_builddir}/cobc:${abs_top_builddir}/bin:${PATH}"
| 	LOCAL_ENV="${abs_top_builddir}/pre-inst-env"
| else
| 	if test "x${COBC}" = "x"; then
| 		COBC="cobc.exe"
| 	fi
| 	if test "x${COBCRUN}" = "x"; then
| 		COBCRUN="cobcrun.exe"
| 	fi
| 	if test "x${COBCRUN_DIRECT}" = "x"; then
| 		COBCRUN_DIRECT=""
| 	fi
| 	LOCAL_ENV=""
| fi
| 
| if test "$GNUCOBOL_TEST_LOCAL" != "1"; then
| 	ABS_COBC="${abs_top_builddir}/cobc/cobc.exe"
| 	ABS_COBCRUN="${abs_top_builddir}/bin/cobcrun.exe"
| else
| 	ABS_COBC="$(which cobc)"
| 	ABS_COBCRUN="$(which cobcrun)"
| fi
| 
| AWK=gawk
| GREP=/usr/bin/grep
| SED=/usr/bin/sed
| export AWK GREP SED
| 
| # be sure to use the English messages
| LC_ALL=C
| export LC_ALL
| unset LANG
| 
| # define for performance checks (running code several thousand times)
| if test "x$PERFSUFFIX" != "x" -o "x$CGSUFFIX" != "x" -o "no" = yes; then
| 	if test "x$VGSUFFIX" = "x"; then
| 		COBOL_FLAGS="-DCHECK-PERF ${COBOL_FLAGS}"
| 	fi
| fi
| 
| FLAGS="-debug -Wall ${COBOL_FLAGS} -fdiagnostics-plain-output"
| # workaround to adjust the testsuite later:
| FLAGS="${FLAGS} -fno-diagnostics-show-option"
| 
| COBC="${COBC}"
| COMPILE="${COBC} -x ${FLAGS}"
| COMPILE_ONLY="${COBC} -fsyntax-only ${FLAGS} -Wno-unsupported"
| COMPILE_MODULE="${COBC} -m ${FLAGS}"
| LISTING_FLAGS="-fttitle=GnuCOBOL_V.R.P -fno-ttimestamp"
| COMPILE_LISTING="${COMPILE_ONLY} ${LISTING_FLAGS}"
| COMPILE_LISTING0="${COMPILE_LISTING} -tlines=0"
| 
| # get performance counters for compiler and/or runtime
| if test "x${PERFSUFFIX}" != "x"; then
|   export PATH="${abs_top_builddir}/cobc/.libs:${abs_top_builddir}/bin.libs:${PATH}"
|   LOG_DIR="${abs_builddir}/perf"
|   LOG_DIR_COMP="${LOG_DIR}/cobc"
|   LOG_DIR_RUN="${LOG_DIR}/cobcrun"
|   PERF="perf stat -e instructions --append"
|   # most reasonable: check actual COBOL runtime performance (only)
|   COBC="${COBC} -g"
|   #mkdir -p "${LOG_DIR_COMP}"
|   # COBC="${PERF} --output ${LOG_DIR_COMP}/${PERFSUFFIX}.log ${COBC} -O0"   # note: full check including C compiler!
|   # COMPILE_ONLY="${PERF} --output ${LOG_DIR_COMP}/${PERFSUFFIX}.log ${COMPILE_ONLY}"  # more reasonable - checks cobc only, but misses codegen
|   mkdir -p "${LOG_DIR_RUN}"
|   COBCRUN="${PERF} --output ${LOG_DIR_RUN}/${PERFSUFFIX}.log ${COBCRUN}"
|   COBCRUN_DIRECT="${PERF} --output ${LOG_DIR_RUN}/${PERFSUFFIX}.log ${COBCRUN_DIRECT}"
| elif test "x${CGSUFFIX}" != "x"; then
|   export PATH="${abs_top_builddir}/cobc/.libs:${abs_top_builddir}/bin.libs:${PATH}"
|   LOG_DIR="${abs_builddir}/callgrind/${CGSUFFIX}"
|   LOG_DIR_COMP="${LOG_DIR}/cobc"
|   LOG_DIR_RUN="${LOG_DIR}"
|   CG="valgrind --tool=callgrind --dump-instr=yes --collect-jumps=yes --collect-atstart=no --toggle-collect=_start --fn-skip=_dl_runtime_resolve_xsave --fn-skip=_dl_fixup  --toggle-collect=cob_init"
|   if test "x$at_group" = "x"; then
|     at_group="cg"	# must be set as it is part of CG_PREFIX
|   fi
|   export at_group
|   CG_PREFIX="%q{at_group}_%p"
|   LOG_NAME=${CG_PREFIX}.log
|   CG_NAME=callgrind.out.${CG_PREFIX}
| 
|   # callgrind takes a while - so we only trace COBOL runtime by default
|   COBC="${COBC} -g"
|   #mkdir -p "${LOG_DIR_COMP}"
|   #COBC="${CG} --log-file=${LOG_DIR_COMP}/${LOG_NAME} --callgrind-out-file=${LOG_DIR_COMP}/${CG_NAME} ${COBC}"
|   mkdir -p "${LOG_DIR_RUN}"
|   CG_RUNTIME="${CG} --log-file=${LOG_DIR_RUN}/${LOG_NAME} --callgrind-out-file=${LOG_DIR_RUN}/${CG_NAME} --dump-before=cob_terminate_routines"
|   COBCRUN="${CG_RUNTIME} ${COBCRUN}"
|   COBCRUN_DIRECT="${CG_RUNTIME} ${COBCRUN_DIRECT}"
| 
| elif test "x${VGSUFFIX}" != "x"; then
| 
|   # To check with valgrind:
|   # * ideally: reconfigure with `./configure --enable-debug & make`
|   # * if your system ships with valgrind suppression files (default.supp is always active) you likely
|   #   want to activate at least the suppressions below (adjusted to your directory);
|   #   some additional common suppressions (bash + BDB) are found in valgrind.supp and added by default
|   # * if you stumble over (other) system library errors you likely want to suppress some of them
|   #   --> re-run single tests with --gen-suppressions=yes # when it seems to be stuck press [Y]+[RETURN]...
|   #   --> inspect and modify the suppression file
|   #   --> add to $VG_SUPPR below (in "local" tests/atlocal)
|   # * choose below  (in "local" tests/atlocal) the valgrind tool you want to use and
|   #   choose if to run valgrind only for the compiler, runtime, or both
|   # * then run with `make check[all] VGSUFFIX (logs will be saved in valgrind/$VGSUFFIX
| 
|   export PATH="${abs_top_builddir}/cobc/.libs:${abs_top_builddir}/bin.libs:${PATH}"
|   LOG_DIR="${abs_builddir}/valgrind/${VGSUFFIX}"
|   LOG_DIR_COMP="${LOG_DIR}/cobc"
|   LOG_DIR_RUN="${LOG_DIR}"
|   
|   if test "x$at_group" = "x"; then
|     at_group="valgrind"	# must be set as it is part of VG_PREFIX
|   fi
|   export at_group
|   VG_PREFIX="%q{at_group}_%p"
|   LOG_NAME=${VG_PREFIX}.log
|   
|   # if you stumble over system library errors you may want to suppress some of them
|   # re-run with --gen-suppressions=yes and then point to the file (after inspecting and
|   # modifying it via --suppressions=${abs_builddir}/local.supp)
|   #VG_SUPPR_DIR="/usr/lib/valgrind"
|   #VG_SUPPR="--suppressions=${VG_SUPPR_DIR}/debian.supp ${VG_SUPPR}"
|   #VG_SUPPR="--suppressions=${VG_SUPPR_DIR}/ncurses.supp ${VG_SUPPR}"
|   VG_SUPPR="--suppressions=${abs_srcdir}/valgrind.supp ${VG_SUPPR}"
|   # Note: other issue, not suppressible is that some COBOL storage is local
|   #       and can currently not be freed on STOP RUN (or abort).
|   #       It applies to the following elements in the local include files (prog.l*.h)
|   #       and dynamically allocated LOCAL-STORAGE (cob_loc_ptr), temporary decimals,
|   #       frame_stack, cob_procedure_params.
| 
|   MEMCHECK="valgrind --tool=memcheck --read-var-info=yes --track-origins=yes --leak-check=full --show-leak-kinds=all ${VG_SUPPR}"
|   SGCHECK="valgrind --tool=exp-sgcheck --read-var-info=yes ${VG_SUPPR}"
| 
|   #COBC="${COBC} -g"
|   mkdir -p "${LOG_DIR_COMP}"
|   COBC="${MEMCHECK} --log-file=${LOG_DIR_COMP}/${LOG_NAME} ${COBC}"
|   
|   mkdir -p "${LOG_DIR_RUN}"
|   VG_RUNTIME="${MEMCHECK} --log-file=${LOG_DIR_RUN}/${LOG_NAME}"
|   COBCRUN="${VG_RUNTIME} ${COBCRUN}"
|   COBCRUN_DIRECT="${VG_RUNTIME} ${COBCRUN_DIRECT}"
| fi
| 
| # Helper script to unify listings (replace version, date, time)
| UNIFY_LISTING="${abs_srcdir}/listings-sed.sh"
| 
| # test runner for manual tests, content may be adjusted by the user
| RUN_PROG_MANUAL="${abs_builddir}/run_prog_manual.sh"
| 
| # unset option if not internally set in this script - or external
| _unset_option () {
| 	if test "$1" != "COB_CONFIG_DIR" \
| 	     -a "$1" != "COB_COPY_DIR" \
| 	     -a "$1" != "COB_RUNTIME_CONFIG" \
| 	     -a "$1" != "COB_LIBRARY_PATH" \
| 	     -a "$1" != "COB_CFLAGS" \
| 	     -a "$1" != "COB_LIBS" \
| 	     -a "$1" != "COB_UNIX_LF" \
| 	     -a "$1" != "OS"; then
| 		unset $1
| 	fi
| }
| 
| # possible path conversion for running the testsuite in an environment
| # that doesn't match the one where the tested binaries were built
| # Note: not needed for running the testsuite with MSYS as this translates the path
| _return_path () {
| 	echo "$1"
| }
| 
| # ensure we don't execute windows paths within programs generated by cygwin
| # by passing a hint
| if test "$OSTYPE" = "cygwin"; then
|    COB_ON_CYGWIN=1
|    export COB_ON_CYGWIN
| fi
| 
| # Fix for testcases where cobc translates path to win32 equivalents
| if test "x$MSYSTEM" != "x"; then
| 	PATHSEP=";"
| 	# finding the cobc executable is done from MSYS, but if this calls cobcrun
| 	# it just uses the PATH variable which not necessarily has the correct
| 	# order - especially if the current system has cobcrun installed - so
| 	# let that cobc call COBCRUN with a full path (converted by MSYS into
| 	# the Win32 variant when starting the cobc process)
| 	COBCRUN=${ABS_COBCRUN}
| else
| 	PATHSEP=':'
| fi
| export PATHSEP
| 
| # entries likely referenced in the LIBS entries below
| prefix="/mingw64"
| exec_prefix="${prefix}"
| 
| # options that are also used in pre-inst-env (always add to both)
| # but not directly in the testsuite
| if test "$GNUCOBOL_ENV_SETUP" != "1" -a "$GNUCOBOL_TEST_LOCAL" != "1"; then
| 	COB_CFLAGS="-I${abs_top_srcdir} -pipe -I/mingw64/include -I/mingw64/include -Wno-unused -fsigned-char -Wno-pointer-sign"
| 	COB_LIBS="-L${abs_top_builddir}/libcob/.libs -L${exec_prefix}/lib -lcob"
| 	COB_CONFIG_DIR="${abs_top_srcdir}/config"
| 	COB_COPY_DIR="${abs_top_srcdir}/copy"
| 	LD_LIBRARY_PATH="${abs_top_builddir}/libcob/.libs:$LD_LIBRARY_PATH"
| 	PATH="${abs_top_builddir}/libcob/.libs:$PATH"
| 	DYLD_LIBRARY_PATH="${abs_top_builddir}/libcob/.libs:$DYLD_LIBRARY_PATH"
| 	SHLIB_PATH="${abs_top_builddir}/libcob/.libs:$SHLIB_PATH"
| 	LIBPATH="${abs_top_builddir}/libcob/.libs:$LIBPATH"
| 	COB_LIBRARY_PATH="${abs_top_builddir}/extras"
| 
| 	export COB_CFLAGS COB_LIBS
| 	export COB_CONFIG_DIR COB_COPY_DIR
| 	export LD_LIBRARY_PATH PATH DYLD_LIBRARY_PATH SHLIB_PATH LIBPATH
| 	export COB_LIBRARY_PATH
| fi
| COB_UNIX_LF=1
| export COB_UNIX_LF
| 
| # unset all environment variables that are used in libcob
| # for runtime configuration ...
| COB_RUNTIME_CONFIG="${abs_top_srcdir}/config/runtime_empty.cfg"
| export COB_RUNTIME_CONFIG
| for cobenv in $(${LOCAL_ENV} ${ABS_COBCRUN} --runtime-conf \
|                  | grep " env:" | cut -d: -f2 | cut -d= -f1 \
|                  | grep -v "PATH" | grep -v "TERM"); \
| 	do _unset_option $cobenv; \
| done
| 
| # prevent multiple calls by caching the output
| ${LOCAL_ENV} ${ABS_COBC} --verbose --info > info.out
| 
| # ... and also unset for the compiler
| if test "$GNUCOBOL_TEST_LOCAL" != "1"; then
| 	for cobenv in $(grep "env:" info.out | cut -d: -f2 | cut -d= -f1 \
| 	              | grep -v "PATH"); \
| 		do _unset_option $cobenv; \
| 	done
| fi
| 
| COB_STACKTRACE=0
| export COB_STACKTRACE
| 
| 
| # different flags checked in the testsuite
| if test "$GNUCOBOL_TEST_LOCAL" != "1"; then
| 	COB_OBJECT_EXT="o"
| 	COB_EXE_EXT=".exe"
| 	COB_MODULE_EXT="dll"
| 	COB_BIGENDIAN="no"
| 	COB_HAS_64_BIT_POINTER="yes"
| 	COB_HAS_ISAM="db"
| 	COB_HAS_XML2="yes"
| 	COB_HAS_JSON="cjson"
| 	COB_HAS_CURSES="yes"
| else
| 
| 	COB_OBJECT_EXT="$(grep COB_OBJECT_EXT info.out | cut -d: -f2 | cut -b2-)"
| 	COB_EXE_EXT="$(grep COB_EXE_EXT info.out | cut -d: -f2 | cut -b2-)"
| 	COB_MODULE_EXT="$(grep COB_MODULE_EXT info.out | cut -d: -f2 | cut -b2-)"
| 
| 	if test $(grep -i -c "little-endian" info.out) = 0; then
| 		COB_BIGENDIAN="yes"
| 	else
| 		COB_BIGENDIAN="no"
| 	fi
| 	COB_HAS_64_BIT_POINTER=$(grep "64bit-mode" info.out | cut -d: -f2 | cut -b2-)
| 
| 	cob_indexed=$(grep -i "indexed file" info.out | cut -d: -f2)
| 	if test "x$cob_indexed" = "x"; then
| 		cob_indexed=$(grep ISAM info.out | cut -d: -f2)
| 	fi
| 	case "$cob_indexed" in
| 	" disabled")	COB_HAS_ISAM="no";;
| 	" BDB") 		COB_HAS_ISAM="db";;
| 	" VBISAM"*)	COB_HAS_ISAM="vbisam";;
| 	" D-ISAM")	COB_HAS_ISAM="disam";;
| 	" C-ISAM")	COB_HAS_ISAM="cisam";;
| 	" EXTFH")	COB_HAS_ISAM="index_extfh";;
| 	*)		echo "unknown entry for indexed handler: '"$cob_indexed"' please report" && exit 1;;
| 	esac
| 
| 	if test $(grep -i -c "XML library.*disabled" info.out) = 0; then
| 		COB_HAS_XML2="yes"
| 	else
| 		COB_HAS_XML2="no"
| 	fi
| 	if test $(grep -i -c "JSON library.*disabled" info.out) = 0; then
| 		COB_HAS_JSON="yes"
| 	else
| 		COB_HAS_JSON="no"
| 	fi
| 	# see note below
| 	if test $(grep -i -c " screen .*disabled" info.out) = 0; then
| 		COB_HAS_CURSES="yes"
| 	else
| 		COB_HAS_CURSES="no"
| 	fi
| fi
| 
| if test "x$MSYSTEM" != "x" -o "$OSTYPE" = "cygwin"; then
| 	# running MSYS builds as not-visible child processes result in
| 	# "Redirection is not supported" (at least with PDCurses "wincon" port)
| 	# --> disabling the tests for this feature
| 	# ncurses is known to work as long as TERM is appropriate
| 	if test $(grep -i -c "ncurses" info.out) != 0; then
| 		if test "x$MSYSTEM" != "x"; then
| 			TERM=""
| 		else
| 			TERM="xterm"
| 		fi
| 		export TERM
| 		# no change here... COB_HAS_CURSES="yes"
| 	else
| 		# manual tests are executed in separate window
| 		# and are visible - so no need to handle it there
| 		echo "$at_help_all" | grep -q "run_manual_screen" 2>/dev/null
| 		if test $? -ne 0; then
| 		   COB_HAS_CURSES="no"
| 		fi
| 	fi
| fi
| 
| rm -rf info.out
| 
| # NIST tests (tests/cobol85) are executed in a separate perl process with a new environment --> export needed
| export COB_HAS_ISAM COB_HAS_XML2 COB_HAS_JSON COB_HAS_CURSES COB_HAS_64_BIT_POINTER
| export COBC COBCRUN COBCRUN_DIRECT RUN_PROG_MANUAL
| export COB_OBJECT_EXT COB_EXE_EXT COB_MODULE_EXT
| 
| # to ensure that no external DB_HOME is polluted: unset
| DB_HOME="" && export DB_HOME
| 
| # For the very rare cases where cobc/libcob may need to know if they're running in test mode:
| COB_IS_RUNNING_IN_TESTMODE=1 && export COB_IS_RUNNING_IN_TESTMODE

## ---------------- ##
## Tested programs. ##
## ---------------- ##

./testsuite.at:26: /home/spcwh2/x64/gnucobol-trunk/cobc/cobc --version
cobc (GnuCOBOL) 3.2.0
Copyright (C) 2023 Free Software Foundation, Inc.
License GPLv3+: GNU GPL version 3 or later <https://gnu.org/licenses/gpl.html>
This is free software; see the source for copying conditions.  There is NO
warranty; not even for MERCHANTABILITY or FITNESS FOR A PARTICULAR PURPOSE.
Written by Keisuke Nishida, Roger While, Ron Norman, Simon Sobisch, Edward Hart
Built     Jul 28 2023 16:08:08
Packaged  Jul 28 2023 16:58:47 UTC
C version (MinGW) "13.1.0"

./testsuite.at:26: /home/spcwh2/x64/gnucobol-trunk/bin/cobcrun --version
cobcrun (GnuCOBOL) 3.2.0
Copyright (C) 2023 Free Software Foundation, Inc.
License GPLv3+: GNU GPL version 3 or later <https://gnu.org/licenses/gpl.html>
This is free software; see the source for copying conditions.  There is NO
warranty; not even for MERCHANTABILITY or FITNESS FOR A PARTICULAR PURPOSE.
Written by Roger While, Simon Sobisch, Brian Tiffin
Built     Jul 28 2023 16:08:00
Packaged  Jul 28 2023 16:58:47 UTC

libcob (GnuCOBOL) 3.2.0
Copyright (C) 2023 Free Software Foundation, Inc.
License LGPLv3+: GNU LGPL version 3 or later <https://gnu.org/licenses/lgpl.html>
This is free software; see the source for copying conditions.  There is NO
warranty; not even for MERCHANTABILITY or FITNESS FOR A PARTICULAR PURPOSE.
Written by Keisuke Nishida, Roger While, Ron Norman, Simon Sobisch, Edward Hart
Built     Jul 28 2023 16:07:51
Packaged  Jul 28 2023 16:58:47 UTC

## ------------------ ##
## Running the tests. ##
## ------------------ ##
testsuite: starting at: Fri Jul 28 16:08:27 CDT 2023
3. compiler outputs (general) (used_binaries.at:179): ok     (0m0.122s 0m0.425s)
1. compiler help and information (used_binaries.at:27): ok     (0m0.045s 0m0.285s)
2. compiler warnings (used_binaries.at:51): ok     (0m0.090s 0m0.701s)
7. source file not found (used_binaries.at:364): ok     (0m0.000s 0m0.046s)
4. compiler outputs (file specified) (used_binaries.at:219): ok     (0m0.226s 0m0.680s)
6. compiler outputs (assembler) (used_binaries.at:329): ok     (0m0.045s 0m0.195s)
9. use of full path for cobc (used_binaries.at:409): ok     (0m0.000s 0m0.092s)
5. compiler outputs (path specified) (used_binaries.at:300): ok     (0m0.030s 0m0.303s)
11. invalid cobc option (used_binaries.at:464): ok     (0m0.015s 0m0.107s)
12. cobcrun help and information (used_binaries.at:484): ok     (0m0.137s 0m0.120s)
13. cobcrun validation (used_binaries.at:500): ok     (0m0.000s 0m0.122s)
15. cobcrun -M directory/ default (used_binaries.at:626): ok     (0m0.015s 0m0.077s)
14. cobcrun -M DSO entry argument (used_binaries.at:540): ok     (0m0.061s 0m0.182s)
16. cobcrun -M directory/dso alternate (used_binaries.at:665): ok     (0m0.015s 0m0.091s)
19. run job with unsuccessful compilation (used_binaries.at:796): ok     (0m0.015s 0m0.061s)
17. cobcrun -M DSO entry multiple arguments (used_binaries.at:716): ok     (0m0.030s 0m0.105s)
18. cobcrun error messages (used_binaries.at:762): ok     (0m0.015s 0m0.274s)
20. run job after compilation (used_binaries.at:815): ok     (0m0.030s 0m0.107s)
10. C Compiler optimizations (used_binaries.at:427): ok     (0m0.152s 0m0.501s)
21. run job after compilation (path specified) (used_binaries.at:832): ok     (0m0.061s 0m0.123s)
23. compile from stdin (used_binaries.at:872): ok     (0m0.000s 0m0.106s)
24. run job after compilation from stdin (used_binaries.at:900): ok     (0m0.015s 0m0.137s)
22. run job with optional arguments (used_binaries.at:850): ok     (0m0.060s 0m0.076s)
26. cobc with standard configuration file (configuration.at:22): ok     (0m0.046s 0m0.061s)
25. cobc diagnostics show caret (used_binaries.at:924): ok     (0m0.060s 0m0.211s)
28. cobc with configuration file via -std (configuration.at:105): ok     (0m0.000s 0m0.030s)
29. cobc with standard configuration file via -conf (configuration.at:126): ok     (0m0.030s 0m0.076s)
31. cobc configuration: recursive include (configuration.at:176): ok     (0m0.000s 0m0.075s)
30. cobc with own configuration file via -conf (configuration.at:147): ok     (0m0.015s 0m0.045s)
32. cobc with -std and -conf (configuration.at:214): ok     (0m0.000s 0m0.030s)
33. cobc compiler flag on command line (configuration.at:241): ok     (0m0.000s 0m0.015s)
34. cobc compiler flag on command line (priority) (configuration.at:260): ok     (0m0.000s 0m0.091s)
36. cobc configuration: conf missing (configuration.at:340): ok     (0m0.060s 0m0.138s)
37. cobc configuration: conf optional (configuration.at:368): ok     (0m0.045s 0m0.030s)
35. cobc configuration: entries (configuration.at:293): ok     (0m0.122s 0m0.321s)
38. cobc configuration: incomplete (configuration.at:404): ok     (0m0.030s 0m0.046s)
39. runtime configuration (configuration.at:546): ok     (0m0.045s 0m0.031s)
41. runtime configuration: recursive include (configuration.at:608): ok     (0m0.045s 0m0.076s)
42. runtime configuration: environment priority (configuration.at:637): ok     (0m0.030s 0m0.060s)
27. cobc dialect features for all -std (configuration.at:43): ok     (0m0.135s 0m0.607s)
43. runtime configuration: entries (configuration.at:650): ok     (0m0.000s 0m0.107s)
45. runtime configuration: conf optional (configuration.at:760): ok     (0m0.000s 0m0.030s)
40. runtime configuration file (configuration.at:565): ok     (0m0.091s 0m0.333s)
44. runtime configuration: conf missing (configuration.at:731): ok     (0m0.045s 0m0.154s)
47. validation of COB_CONFIG_DIR (configuration.at:787): ok     (0m0.015s 0m0.092s)
46. runtime configuration: strings and environment (configuration.at:773): ok     (0m0.030s 0m0.107s)
48. cobc configuration: source format (configuration.at:827): ok     (0m0.091s 0m0.135s)
50. COPY: IN / OF / -I (syn_copy.at:23): ok     (0m0.015s 0m0.226s)
53. COPY: within comment (syn_copy.at:257): ok     (0m0.000s 0m0.061s)
52. COPY: extension (syn_copy.at:170): ok     (0m0.000s 0m0.121s)
55. COPY: recursive (syn_copy.at:342): ok     (0m0.045s 0m0.076s)
49. cobc configuration: ebcdic-table (configuration.at:885): ok     (0m0.045s 0m0.396s)
56. COPY: replacement order (syn_copy.at:382): ok     (0m0.000s 0m0.076s)
54. COPY: file not found (syn_copy.at:286): ok     (0m0.045s 0m0.199s)
57. COPY: separators (syn_copy.at:409): ok     (0m0.015s 0m0.076s)
58. COPY: partial replacement (syn_copy.at:438): ok     (0m0.000s 0m0.076s)
59. COPY: LEADING replacement (syn_copy.at:468): ok     (0m0.000s 0m0.076s)
60. COPY: TRAILING replacement (syn_copy.at:498): ok     (0m0.015s 0m0.045s)
62. COPY: recursive replacement (syn_copy.at:630): ok     (0m0.045s 0m0.075s)
63. COPY: fixed/free format (syn_copy.at:660): ok     (0m0.000s 0m0.091s)
65. COPY: simple partial match (syn_copy.at:739): ok     (0m0.015s 0m0.030s)
61. COPY: partial replacement BY literal (syn_copy.at:528): ok     (0m0.092s 0m0.319s)
66. COPY: with LEADING, multiple partial matches (syn_copy.at:766): ok     (0m0.015s 0m0.015s)
67. COPY: multiple partial matches with an error (syn_copy.at:804): ok     (0m0.015s 0m0.075s)
68. COPY: Multiple partial matches (1) (syn_copy.at:844): ok     (0m0.000s 0m0.046s)
64. REPLACE: partial replacement BY SPACE (syn_copy.at:686): ok     (0m0.091s 0m0.258s)
69. COPY: Multiple partial matches (2) (syn_copy.at:884): ok     (0m0.000s 0m0.030s)
71. COPY and REPLACE errors (syn_copy.at:997): ok     (0m0.015s 0m0.045s)
72. COPY and REPLACE with reserved words (syn_copy.at:1041): ok     (0m0.000s 0m0.060s)
70. COPY and REPLACE in same file (syn_copy.at:923): ok     (0m0.015s 0m0.138s)
73. Invalid source name (syn_definition.at:25): ok     (0m0.000s 0m0.045s)
77. INITIAL / RECURSIVE before COMMON (syn_definition.at:123): ok     (0m0.000s 0m0.015s)
75. Invalid PROGRAM-ID type clause (1) (syn_definition.at:89): ok     (0m0.015s 0m0.076s)
76. invalid PROGRAM-ID type clause (2) (syn_definition.at:106): ok     (0m0.000s 0m0.061s)
78. Undefined data name (syn_definition.at:155): ok     (0m0.000s 0m0.061s)
79. Undefined group name (syn_definition.at:173): ok     (0m0.046s 0m0.046s)
80. Undefined data name in group (syn_definition.at:194): ok     (0m0.000s 0m0.061s)
74. Invalid PROGRAM-ID (syn_definition.at:37): ok     (0m0.045s 0m0.227s)
82. Incomplete 01 definition (syn_definition.at:239): ok     (0m0.000s 0m0.076s)
81. Reference not a group name (syn_definition.at:217): ok     (0m0.000s 0m0.045s)
83. error handling in conditions (syn_definition.at:257): ok     (0m0.030s 0m0.061s)
84. Same paragraphs in different sections (syn_definition.at:333): ok     (0m0.046s 0m0.045s)
87. Redefinition of 01 and 02 items (syn_definition.at:442): ok     (0m0.015s 0m0.045s)
85. GO TO sections and foreign paragraphs (syn_definition.at:376): ok     (0m0.015s 0m0.107s)
88. Redefinition of 02 items (syn_definition.at:462): ok     (0m0.000s 0m0.091s)
89. Redefinition of 77 items (syn_definition.at:495): ok     (0m0.015s 0m0.046s)
90. Redefinition of 01 and 77 items (syn_definition.at:515): ok     (0m0.000s 0m0.076s)
86. Redefinition of 01 items (syn_definition.at:413): ok     (0m0.031s 0m0.182s)
91. Redefinition of 88 items (syn_definition.at:535): ok     (0m0.046s 0m0.076s)
94. Redefinition of function-prototype name (syn_definition.at:666): ok     (0m0.000s 0m0.061s)
92. Redefinition of program-name by other programs (syn_definition.at:556): ok     (0m0.060s 0m0.076s)
93. Redefinition of program-name within program (syn_definition.at:636): ok     (0m0.000s 0m0.122s)
96. PROCEDURE DIVISION RETURNING OMITTED: FUNCTION (syn_definition.at:711): ok     (0m0.015s 0m0.046s)
95. PROCEDURE DIVISION RETURNING OMITTED: main (syn_definition.at:691): ok     (0m0.000s 0m0.091s)
98. Data item with same name as program-name (syn_definition.at:825): ok     (0m0.015s 0m0.030s)
99. Ambiguous reference to 02 items (syn_definition.at:852): ok     (0m0.030s 0m0.015s)
100. Ambiguous reference to 02 and 03 items (syn_definition.at:878): ok     (0m0.000s 0m0.061s)
101. Ambiguous reference with qualification (syn_definition.at:903): ok     (0m0.000s 0m0.045s)
102. Unique reference with ambiguous qualifiers (syn_definition.at:931): ok     (0m0.000s 0m0.015s)
97. PROCEDURE DIVISION RETURNING item (syn_definition.at:730): ok     (0m0.015s 0m0.289s)
104. Undefined procedure name (syn_definition.at:998): ok     (0m0.015s 0m0.046s)
103. SYNCHRONIZED clause (syn_definition.at:955): ok     (0m0.015s 0m0.045s)
105. Redefinition of section names (syn_definition.at:1018): ok     (0m0.015s 0m0.060s)
106. Redefinition of section and paragraph names (syn_definition.at:1043): ok     (0m0.000s 0m0.045s)
108. Redefinition of paragraph names (syn_definition.at:1106): ok     (0m0.000s 0m0.000s)
109. Ambiguous reference to paragraph name (syn_definition.at:1132): ok     (0m0.015s 0m0.076s)
111. CALL BY VALUE alphanumeric item (extension) (syn_definition.at:1190): ok     (0m0.046s 0m0.046s)
112. CALL BY VALUE national item (extension) (syn_definition.at:1212): ok     (0m0.000s 0m0.061s)
110. Non-matching level numbers (extension) (syn_definition.at:1158): ok     (0m0.015s 0m0.122s)
113. CALL BY VALUE figurative constants (syn_definition.at:1235): ok     (0m0.015s 0m0.015s)
114. Duplicate identification division header (syn_definition.at:1269): ok     (0m0.000s 0m0.061s)
117. Invalid ENVIRONMENT DIVISION order (syn_definition.at:1405): ok     (0m0.000s 0m0.076s)
118. Function without END FUNCTION (syn_definition.at:1430): ok     (0m0.015s 0m0.015s)
119. Nested programs without END PROGRAM (syn_definition.at:1444): ok     (0m0.015s 0m0.000s)
115. RETURNING in STOP RUN / GOBACK / EXIT PROGRAM (syn_definition.at:1284): ok     (0m0.015s 0m0.076s)
120. Nested programs not in procedure division (syn_definition.at:1466): ok     (0m0.015s 0m0.030s)
121. Screen section starts with 78-level (syn_definition.at:1485): ok     (0m0.000s 0m0.000s)
124. PICTURE strings invalid with BLANK WHEN ZERO (syn_definition.at:1779): ok     (0m0.000s 0m0.061s)
123. PICTURE string with control character (syn_definition.at:1761): ok     (0m0.000s 0m0.046s)
122. Invalid PICTURE strings (syn_definition.at:1501): ok     (0m0.000s 0m0.122s)
125. PICTURE strings invalid with USAGE (syn_definition.at:1802): ok     (0m0.000s 0m0.046s)
126. Edited monetary PICTURE strings (syn_definition.at:1822): ok     (0m0.000s 0m0.015s)
127. ALPHABET definition (syn_definition.at:1849): ok     (0m0.000s 0m0.076s)
129. RENAMES item (syn_definition.at:2055): ok     (0m0.015s 0m0.030s)
130. RENAMES of 01-, 66- and 77-level items (syn_definition.at:2129): ok     (0m0.015s 0m0.076s)
128. PROGRAM COLLATING SEQUENCE (syn_definition.at:1872): ok     (0m0.046s 0m0.151s)
131. SAME AS clause (syn_definition.at:2155): ok     (0m0.045s 0m0.121s)
134. APPLY COMMIT clause (syn_definition.at:2629): ok     (0m0.015s 0m0.062s)
135. GLOBAL record-names (syn_definition.at:2734): ok     (0m0.000s 0m0.046s)
136. Invalid USE BEFORE (syn_definition.at:2853): ok     (0m0.015s 0m0.015s)
137. Non-numeric subscript (syn_subscripts.at:23): ok     (0m0.015s 0m0.061s)
139. Subscript bounds with OCCURS DEPENDING ON (syn_subscripts.at:98): ok     (0m0.015s 0m0.060s)
140. Subscripted item requires OCCURS clause (syn_subscripts.at:125): ok     (0m0.031s 0m0.060s)
138. Subscript range check (syn_subscripts.at:50): ok     (0m0.000s 0m0.137s)
132. TYPEDEF clause (syn_definition.at:2219): ok     (0m0.045s 0m0.333s)
142. SET SSRANGE syntax (syn_subscripts.at:195): ok     (0m0.030s 0m0.045s)
141. Number of subscripts (syn_subscripts.at:151): ok     (0m0.030s 0m0.122s)
144. OCCURS with level 66 (syn_occurs.at:84): ok     (0m0.000s 0m0.076s)
143. OCCURS with level 01 and 77 (syn_occurs.at:29): ok     (0m0.030s 0m0.138s)
146. OCCURS with level 88 (syn_occurs.at:121): ok     (0m0.000s 0m0.076s)
145. OCCURS with level 78 (syn_occurs.at:103): ok     (0m0.000s 0m0.060s)
149. OCCURS data-items for INDEXED and KEY (syn_occurs.at:359): ok     (0m0.000s 0m0.046s)
150. Nested OCCURS clause (syn_occurs.at:399): ok     (0m0.000s 0m0.000s)
151. OCCURS DEPENDING with wrong size (syn_occurs.at:436): ok     (0m0.031s 0m0.046s)
152. OCCURS DEPENDING followed by another field (syn_occurs.at:475): ok     (0m0.000s 0m0.076s)
148. OCCURS UNBOUNDED (syn_occurs.at:248): ok     (0m0.091s 0m0.272s)
147. OCCURS with variable-occurrence data item (syn_occurs.at:143): ok     (0m0.075s 0m0.336s)
154. OCCURS INDEXED before KEY (syn_occurs.at:560): ok     (0m0.045s 0m0.107s)
153. OCCURS with unmatched DEPENDING / TO phrases (syn_occurs.at:517): ok     (0m0.000s 0m0.198s)
155. OCCURS size check (syn_occurs.at:598): ok     (0m0.030s 0m0.045s)
156. REDEFINES: not following entry-name (syn_redefines.at:28): ok     (0m0.000s 0m0.122s)
157. REDEFINES: level 02 by 01 (syn_redefines.at:53): ok     (0m0.000s 0m0.045s)
158. REDEFINES: level 03 by 02 (syn_redefines.at:74): ok     (0m0.030s 0m0.046s)
159. REDEFINES: level 66 (syn_redefines.at:96): ok     (0m0.015s 0m0.030s)
161. REDEFINES: lower level number (syn_redefines.at:146): ok     (0m0.015s 0m0.061s)
160. REDEFINES: level 88 (syn_redefines.at:118): ok     (0m0.015s 0m0.045s)
162. REDEFINES: with OCCURS (syn_redefines.at:172): ok     (0m0.015s 0m0.030s)
163. REDEFINES: with subscript (syn_redefines.at:196): ok     (0m0.000s 0m0.076s)
165. REDEFINES: with qualification (syn_redefines.at:254): ok     (0m0.030s 0m0.030s)
164. REDEFINES: with variable occurrence (syn_redefines.at:219): ok     (0m0.000s 0m0.061s)
166. REDEFINES: multiple redefinition (syn_redefines.at:280): ok     (0m0.061s 0m0.015s)
169. REDEFINES: with intervention (syn_redefines.at:392): ok     (0m0.015s 0m0.045s)
170. REDEFINES: within REDEFINES (syn_redefines.at:424): ok     (0m0.015s 0m0.015s)
168. REDEFINES: with VALUE (syn_redefines.at:359): ok     (0m0.015s 0m0.030s)
167. REDEFINES: size exceeds (syn_redefines.at:308): ok     (0m0.015s 0m0.091s)
171. REDEFINES: for ANY LENGTH item (syn_redefines.at:467): ok     (0m0.000s 0m0.076s)
172. REDEFINES: non-referenced ambiguous item (syn_redefines.at:500): ok     (0m0.015s 0m0.030s)
174. OCCURS too many VALUEs (syn_value.at:76): ok     (0m0.031s 0m0.077s)
175. Numeric item (integer) (syn_value.at:162): ok     (0m0.015s 0m0.061s)
176. Numeric item (non-integer) (syn_value.at:189): ok     (0m0.000s 0m0.045s)
173. bad VALUES / VALUES ARE in format-1 (syn_value.at:28): ok     (0m0.030s 0m0.076s)
177. Numeric item with picture P (syn_value.at:213): ok     (0m0.000s 0m0.061s)
178. Signed numeric literal (syn_value.at:245): ok     (0m0.015s 0m0.046s)
179. Alphabetic item (syn_value.at:271): ok     (0m0.000s 0m0.092s)
180. Alphanumeric item (syn_value.at:299): ok     (0m0.030s 0m0.045s)
181. Alphanumeric group item (syn_value.at:325): ok     (0m0.045s 0m0.030s)
182. National item (syn_value.at:352): ok     (0m0.015s 0m0.046s)
184. Alphanumeric-edited item (syn_value.at:425): ok     (0m0.000s 0m0.045s)
186. Missing SELECT (syn_file.at:23): ok     (0m0.046s 0m0.076s)
183. Numeric-edited item (syn_value.at:389): ok     (0m0.030s 0m0.151s)
185. Implicit picture from value (syn_value.at:494): ok     (0m0.015s 0m0.046s)
187. Duplicated SELECT (syn_file.at:50): ok     (0m0.000s 0m0.061s)
189. Duplicated FD (syn_file.at:108): ok     (0m0.045s 0m0.015s)
188. Missing FD (syn_file.at:82): ok     (0m0.000s 0m0.092s)
190. ASSIGN to device-name (syn_file.at:137): ok     (0m0.045s 0m0.030s)
192. ASSIGN to lsq-device-name (syn_file.at:271): ok     (0m0.000s 0m0.015s)
191. ASSIGN to printer-name (syn_file.at:204): ok     (0m0.015s 0m0.030s)
193. ASSIGN to variable (syn_file.at:326): ok     (0m0.000s 0m0.122s)
195. START on SEQUENTIAL file (syn_file.at:459): ok     (0m0.000s 0m0.046s)
194. SELECT without ASSIGN (syn_file.at:431): ok     (0m0.000s 0m0.092s)
196. OPEN SEQUENTIAL file REVERSED (syn_file.at:496): ok     (0m0.000s 0m0.106s)
197. OPEN SEQUENTIAL file NO REWIND (syn_file.at:544): ok     (0m0.015s 0m0.061s)
198. valid key items (syn_file.at:583): ok     (0m0.000s 0m0.030s)
199. INDEXED file invalid key items (syn_file.at:633): ok     (0m0.000s 0m0.046s)
203. DECLARATIVES invalid procedure reference (2) (syn_file.at:999): ok     (0m0.000s 0m0.045s)
204. EXTERNAL file (syn_file.at:1040): ok     (0m0.000s 0m0.015s)
201. variable record length DEPENDING item (syn_file.at:808): ok     (0m0.030s 0m0.259s)
202. DECLARATIVES invalid procedure reference (1) (syn_file.at:910): ok     (0m0.030s 0m0.138s)
200. variable record length (syn_file.at:697): ok     (0m0.060s 0m0.334s)
207. CODE-SET FOR clause (syn_file.at:1147): ok     (0m0.000s 0m0.061s)
205. RECORDING MODE (syn_file.at:1068): ok     (0m0.045s 0m0.046s)
206. CODE-SET clause (syn_file.at:1097): ok     (0m0.015s 0m0.045s)
208. WRITE / REWRITE FROM clause and FILE (syn_file.at:1180): ok     (0m0.015s 0m0.045s)
210. RELATIVE KEY type validation (syn_file.at:1265): ok     (0m0.000s 0m0.045s)
209. Clauses following invalid ACCESS clause (syn_file.at:1241): ok     (0m0.015s 0m0.045s)
211. Mismatched KEY clause (syn_file.at:1325): ok     (0m0.000s 0m0.076s)
212. RECORD DELIMITER (syn_file.at:1352): ok     (0m0.000s 0m0.076s)
213. FILE STATUS (syn_file.at:1460): ok     (0m0.030s 0m0.030s)
215. INDEXED file PASSWORD clause (syn_file.at:1603): ok     (0m0.000s 0m0.060s)
216. RECORD clause equal limits (syn_file.at:1654): ok     (0m0.015s 0m0.045s)
214. VSAM status (syn_file.at:1557): ok     (0m0.030s 0m0.137s)
218. WRITE / REWRITE on REPORT files (syn_file.at:1753): ok     (0m0.031s 0m0.061s)
219. SELECT without fd-name (syn_file.at:1790): ok     (0m0.015s 0m0.045s)
217. FILE ... FROM literal (syn_file.at:1694): ok     (0m0.015s 0m0.137s)
220. Undeclared FILE-ID variable (syn_file.at:1811): ok     (0m0.000s 0m0.046s)
221. ASSIGN external-name matching filename (syn_file.at:1836): ok     (0m0.000s 0m0.045s)
222. Undeclared ASSIGN variable (syn_file.at:1864): ok     (0m0.015s 0m0.061s)
224. ALTERNATE RECORD KEY SUPPRESS WHEN (syn_file.at:1970): ok     (0m0.000s 0m0.015s)
223. ACCESS RANDOM with ORG SEQUENTIAL (syn_file.at:1943): ok     (0m0.015s 0m0.030s)
225. RECORD definition with SOURCE IS / = (syn_file.at:2015): ok     (0m0.015s 0m0.015s)
228. SELECT/OPEN syntax extensions (syn_file.at:2125): ok     (0m0.030s 0m0.091s)
230. Invalid file name in SELECT (syn_file.at:2258): ok     (0m0.000s 0m0.046s)
231. REPORT error/warning (syn_reportwriter.at:23): ok     (0m0.000s 0m0.061s)
229. GLOBAL FD nested progam (syn_file.at:2220): ok     (0m0.015s 0m0.015s)
233. Missing PICTURE for SOURCE (syn_reportwriter.at:177): ok     (0m0.000s 0m0.076s)
232. REPORT not positive integers in COL / LINE PLUS (syn_reportwriter.at:124): ok     (0m0.000s 0m0.061s)
234. Missing DETAIL line (syn_reportwriter.at:218): ok     (0m0.015s 0m0.076s)
235. REPORT LINE PLUS ZERO (syn_reportwriter.at:261): ok     (0m0.015s 0m0.045s)
237. REPORT with PLUS RIGHT/CENTER (syn_reportwriter.at:428): ok     (0m0.015s 0m0.045s)
238. PAGE LIMITS clause (syn_reportwriter.at:521): ok     (0m0.000s 0m0.076s)
236. Incorrect REPORT NAME (syn_reportwriter.at:311): ok     (0m0.045s 0m0.091s)
239. Report FD without period (syn_reportwriter.at:556): ok     (0m0.046s 0m0.092s)
240. REPORT with unreferenced control field (syn_reportwriter.at:598): ok     (0m0.000s 0m0.015s)
241. Incorrect USAGE clause (syn_reportwriter.at:626): ok     (0m0.015s 0m0.060s)
243. invalid reference-modification (syn_refmod.at:55): ok     (0m0.031s 0m0.046s)
242. valid reference-modification (syn_refmod.at:26): ok     (0m0.015s 0m0.076s)
244. Static out of bounds (syn_refmod.at:79): ok     (0m0.000s 0m0.061s)
246. no static bound check for ANY LENGTH (syn_refmod.at:159): ok     (0m0.000s 0m0.015s)
245. constant-folding out of bounds (syn_refmod.at:123): ok     (0m0.000s 0m0.076s)
247. ambiguous AND/OR (syn_misc.at:23): ok     (0m0.030s 0m0.061s)
249. warn literal size (syn_misc.at:120): ok     (0m0.045s 0m0.060s)
250. warn literal size in constant expr. (level 88) (syn_misc.at:388): ok     (0m0.000s 0m0.060s)
251. Invalid conditional expression (1) (syn_misc.at:438): ok     (0m0.031s 0m0.061s)
248. warn constant expressions (syn_misc.at:54): ok     (0m0.015s 0m0.243s)
252. Invalid conditional expression (2) (syn_misc.at:550): ok     (0m0.000s 0m0.106s)
253. Invalid conditional expression (3) (syn_misc.at:619): ok     (0m0.000s 0m0.060s)
254. Valid conditional expression (syn_misc.at:683): ok     (0m0.015s 0m0.061s)
255. missing headers (syn_misc.at:716): ok     (0m0.015s 0m0.061s)
256. one line program (syn_misc.at:773): ok     (0m0.046s 0m0.122s)
258. INITIALIZE constant (syn_misc.at:842): ok     (0m0.000s 0m0.076s)
259. CLASS duplicate values (syn_misc.at:869): ok     (0m0.015s 0m0.030s)
260. INSPECT invalid size (syn_misc.at:902): ok     (0m0.045s 0m0.030s)
261. INSPECT invalid target (syn_misc.at:943): ok     (0m0.000s 0m0.091s)
262. INSPECT missing keyword (syn_misc.at:966): ok     (0m0.015s 0m0.076s)
263. INSPECT repeated keywords (syn_misc.at:987): ok     (0m0.030s 0m0.061s)
264. INSPECT incomplete clause (syn_misc.at:1023): ok     (0m0.000s 0m0.060s)
265. INSPECT multiple BEFORE/AFTER clauses (syn_misc.at:1045): ok     (0m0.000s 0m0.091s)
266. EXAMINE invalid literals (syn_misc.at:1068): ok     (0m0.015s 0m0.076s)
267. maximum data size (syn_misc.at:1104): ok     (0m0.000s 0m0.107s)
268. unreachable statement (syn_misc.at:1152): ok     (0m0.045s 0m0.030s)
257. empty program (syn_misc.at:794): ok     (0m0.030s 0m0.242s)
269. CRT STATUS (syn_misc.at:1202): ok     (0m0.000s 0m0.076s)
273. unexpected mnemonic-name location (syn_misc.at:1583): ok     (0m0.000s 0m0.076s)
272. SWITCHES (syn_misc.at:1457): ok     (0m0.000s 0m0.121s)
270. SPECIAL-NAMES clause (syn_misc.at:1244): ok     (0m0.015s 0m0.258s)
274. wrong device for mnemonic-name (syn_misc.at:1610): ok     (0m0.030s 0m0.061s)
275. missing mnemonic-name declaration (syn_misc.at:1635): ok     (0m0.015s 0m0.045s)
271. CURRENCY SIGN (syn_misc.at:1345): ok     (0m0.121s 0m0.336s)
276. unknown device in dialect (syn_misc.at:1656): ok     (0m0.030s 0m0.061s)
277. ACCEPT WITH ( NO ) UPDATE / DEFAULT (syn_misc.at:1686): ok     (0m0.000s 0m0.045s)
278. ACCEPT WITH AUTO / TAB (syn_misc.at:1711): ok     (0m0.000s 0m0.015s)
279. ACCEPT WITH LOWER / UPPER (syn_misc.at:1736): ok     (0m0.000s 0m0.000s)
280. ACCEPT WITH SIZE (syn_misc.at:1758): ok     (0m0.000s 0m0.015s)
281. DISPLAY WITH SIZE (syn_misc.at:1787): ok     (0m0.000s 0m0.045s)
282. source text after program-text area (syn_misc.at:1812): ok     (0m0.015s 0m0.046s)
285. continuation of COBOL words (syn_misc.at:1925): ok     (0m0.045s 0m0.091s)
284. missing newline in fixed-form / free-form (syn_misc.at:1891): ok     (0m0.046s 0m0.136s)
283. line overflow in fixed-form / free-form (syn_misc.at:1833): ok     (0m0.030s 0m0.321s)
289. ACCEPT FROM ESCAPE KEY (syn_misc.at:2356): ok     (0m0.000s 0m0.030s)
288. Segmentation Module (syn_misc.at:2264): ok     (0m0.030s 0m0.107s)
290. ACUCOBOL USAGE FLOAT / DOUBLE (syn_misc.at:2382): ok     (0m0.061s 0m0.046s)
287. word length (syn_misc.at:2101): ok     (0m0.122s 0m0.274s)
291. ACUCOBOL USAGE HANDLE (syn_misc.at:2411): ok     (0m0.030s 0m0.061s)
293. ACUCOBOL GRAPHICAL controls (syn_misc.at:2603): ok     (0m0.015s 0m0.031s)
294. DISPLAY MESSAGE BOX (syn_misc.at:2681): ok     (0m0.015s 0m0.060s)
292. ACUCOBOL WINDOW statements (syn_misc.at:2518): ok     (0m0.030s 0m0.091s)
295. DISPLAY OMITTED (syn_misc.at:2724): ok     (0m0.000s 0m0.091s)
296. CGI: EXTERNAL-FORM (syn_misc.at:2745): ok     (0m0.015s 0m0.046s)
297. adding/removing reserved words (syn_misc.at:2800): ok     (0m0.030s 0m0.076s)
299. overriding default words (syn_misc.at:2864): ok     (0m0.000s 0m0.091s)
298. adding aliases (syn_misc.at:2830): ok     (0m0.030s 0m0.076s)
286. line and floating comments (syn_misc.at:1947): ok     (0m0.121s 0m0.550s)
300. complete specified word list (syn_misc.at:2895): ok     (0m0.000s 0m0.107s)
302. ANY LENGTH item as BY VALUE formal parameter (syn_misc.at:2950): ok     (0m0.000s 0m0.076s)
301. ANY LENGTH item as formal parameter (syn_misc.at:2915): ok     (0m0.015s 0m0.121s)
303. swapped SOURCE- and OBJECT-COMPUTER (syn_misc.at:2973): ok     (0m0.000s 0m0.092s)
304. CONF. SECTION paragraphs in wrong order (syn_misc.at:2995): ok     (0m0.015s 0m0.122s)
307. wrong dialect hints (syn_misc.at:3179): ok     (0m0.000s 0m0.061s)
306. NOT ON EXCEPTION phrases before ON EXCEPTION (syn_misc.at:3115): ok     (0m0.031s 0m0.091s)
308. redundant periods (syn_misc.at:3204): ok     (0m0.030s 0m0.031s)
305. NOT ON EXCEPTION with STATIC CALL convention (syn_misc.at:3067): ok     (0m0.091s 0m0.121s)
311. statement in Area A (syn_misc.at:3363): ok     (0m0.000s 0m0.091s)
309. missing periods (syn_misc.at:3234): ok     (0m0.061s 0m0.183s)
310. missing periods with COPYs (syn_misc.at:3275): ok     (0m0.030s 0m0.180s)
312. pseudotext replacement with text in area A (syn_misc.at:3406): ok     (0m0.000s 0m0.137s)
313. IF-ELSE statement list with invalid syntax (syn_misc.at:3473): ok     (0m0.015s 0m0.061s)
314. EVALUATE statement with invalid syntax (syn_misc.at:3506): ok     (0m0.000s 0m0.076s)
315. COBOL-WORDS directive (syn_misc.at:3555): ok     (0m0.000s 0m0.076s)
316. MF reserved word directives (syn_misc.at:3629): ok     (0m0.000s 0m0.076s)
317. TURN directive (syn_misc.at:3691): ok     (0m0.015s 0m0.061s)
318. STRING / UNSTRING with invalid syntax (syn_misc.at:3724): ok     (0m0.015s 0m0.030s)
319. STRING / UNSTRING POINTER clause (syn_misc.at:3789): ok     (0m0.000s 0m0.091s)
320. STRING with non-DISPLAY (syn_misc.at:3864): ok     (0m0.000s 0m0.076s)
321. UNSTRING COUNT clause (syn_misc.at:3903): ok     (0m0.015s 0m0.030s)
322. use of program-prototype-names (syn_misc.at:3951): ok     (0m0.030s 0m0.030s)
324. invalid INSPECT/TRANSFORM operands (syn_misc.at:4115): ok     (0m0.000s 0m0.076s)
325. SIGN clause checks (syn_misc.at:4167): ok     (0m0.015s 0m0.060s)
328. dangling LINKAGE items (syn_misc.at:4290): ok     (0m0.000s 0m0.046s)
327. conflicting call conventions (syn_misc.at:4261): ok     (0m0.000s 0m0.137s)
329. duplicate PROCEDURE DIVISION/ENTRY USING items (syn_misc.at:4346): ok     (0m0.000s 0m0.015s)
326. conflicting entry conventions (syn_misc.at:4192): ok     (0m0.030s 0m0.106s)
330. duplicate CALL USING BY REFERENCE items (syn_misc.at:4367): ok     (0m0.000s 0m0.106s)
331. ADD / SUBTRACT TABLE (syn_misc.at:4393): ok     (0m0.000s 0m0.076s)
332. USE FOR DEBUGGING invalid ref-mod / subscripts (syn_misc.at:4436): ok     (0m0.000s 0m0.092s)
333. USE FOR DEBUGGING duplicate targets (syn_misc.at:4481): ok     (0m0.031s 0m0.030s)
334. USE FOR DEBUGGING implicit statements (syn_misc.at:4534): ok     (0m0.000s 0m0.015s)
337. Empty PERFORM with DEBUGGING MODE (syn_misc.at:4748): ok     (0m0.015s 0m0.031s)
338. whitespace handling (syn_misc.at:4776): ok     (0m0.000s 0m0.015s)
339. STOP identifier (syn_misc.at:4864): ok     (0m0.030s 0m0.046s)
335. USE FOR DEBUGGING syntax-checks (1) (syn_misc.at:4582): ok     (0m0.030s 0m0.213s)
342. level 78 NEXT / START OF (syn_misc.at:4985): ok     (0m0.015s 0m0.061s)
340. 01 CONSTANT (syn_misc.at:4890): ok     (0m0.030s 0m0.245s)
341. 78 VALUE (syn_misc.at:4938): ok     (0m0.061s 0m0.167s)
344. Constant Expressions (1) (syn_misc.at:5093): ok     (0m0.030s 0m0.015s)
343. SYMBOLIC CONSTANT (syn_misc.at:5044): ok     (0m0.015s 0m0.183s)
345. Constant Expressions (2) (syn_misc.at:5218): ok     (0m0.031s 0m0.046s)
347. Constant Expressions (4) (syn_misc.at:5365): ok     (0m0.015s 0m0.061s)
348. Constant Expressions (5) (syn_misc.at:5399): ok     (0m0.015s 0m0.121s)
349. Missing imperative statements (syn_misc.at:5499): ok     (0m0.015s 0m0.122s)
346. Constant Expressions (3) (syn_misc.at:5274): ok     (0m0.091s 0m0.228s)
351. CONSTANT LENGTH / BYTE-LENGTH (syn_misc.at:5629): ok     (0m0.000s 0m0.046s)
352. ANY LENGTH/NUMERIC with incorrect PIC (syn_misc.at:5653): ok     (0m0.000s 0m0.061s)
353. VOLATILE clause (syn_misc.at:5699): ok     (0m0.000s 0m0.045s)
354. SET SOURCEFORMAT syntax checks (syn_misc.at:5743): ok     (0m0.000s 0m0.061s)
357. tokens consisting of multiple words (syn_misc.at:5834): ok     (0m0.000s 0m0.030s)
358. @OPTIONS parsing (syn_misc.at:5862): ok     (0m0.031s 0m0.060s)
356. LIN / COL register (syn_misc.at:5802): ok     (0m0.015s 0m0.167s)
360. *CONTROL / *CBL parsing (syn_misc.at:5971): ok     (0m0.000s 0m0.030s)
355. WHEN-COMPILED register in dialect (syn_misc.at:5776): ok     (0m0.030s 0m0.106s)
359. PROCESS / CBL parsing (syn_misc.at:5906): ok     (0m0.000s 0m0.060s)
362. invalid use of condition-name (syn_misc.at:6033): ok     (0m0.000s 0m0.061s)
361. system routines with wrong number of parameters (syn_misc.at:6004): ok     (0m0.000s 0m0.076s)
363. XML GENERATE syntax checks (syn_misc.at:6097): ok     (0m0.015s 0m0.030s)
364. BASED clause, ALLOCATE / FREE statements (syn_misc.at:6315): ok     (0m0.061s 0m0.076s)
367. SORT syntax (syn_misc.at:6499): ok     (0m0.000s 0m0.061s)
365. CONTINUE statement (syn_misc.at:6396): ok     (0m0.046s 0m0.152s)
366. conflict markers (syn_misc.at:6440): ok     (0m0.030s 0m0.092s)
368. OSVS I/O extensions (syn_misc.at:6553): ok     (0m0.000s 0m0.061s)
372. DISPLAY directive (1) (syn_misc.at:6789): ok     (0m0.046s 0m0.030s)
370. SEARCH ALL checks (syn_misc.at:6646): ok     (0m0.000s 0m0.092s)
371. Invalid parentheses around condition (syn_misc.at:6766): ok     (0m0.000s 0m0.060s)
369. EQUALS in expressions (syn_misc.at:6620): ok     (0m0.000s 0m0.030s)
374. DISPLAY directive (3) (syn_misc.at:6832): ok     (0m0.015s 0m0.030s)
373. DISPLAY directive (2) (syn_misc.at:6812): ok     (0m0.030s 0m0.045s)
376. conditional / define directives (1) (syn_misc.at:6950): ok     (0m0.015s 0m0.046s)
378. conditional / define directives (3) (syn_misc.at:7003): ok     (0m0.000s 0m0.045s)
379. conditional / define directives (4) (syn_misc.at:7033): ok     (0m0.000s 0m0.015s)
375. SET CONSTANT directive (syn_misc.at:6851): ok     (0m0.015s 0m0.075s)
377. conditional / define directives (2) (syn_misc.at:6975): ok     (0m0.000s 0m0.138s)
383. Missing reserved word with DEBUGGING MODE (syn_misc.at:7168): ok     (0m0.000s 0m0.015s)
380. error handling in conditional directives (syn_misc.at:7055): ok     (0m0.015s 0m0.107s)
386. VALIDATE parsing (syn_misc.at:7276): ok     (0m0.000s 0m0.030s)
384. Invalid PERFORM statement (syn_misc.at:7197): ok     (0m0.000s 0m0.046s)
385. PERFORM THRU syntax checks (syn_misc.at:7228): ok     (0m0.031s 0m0.046s)
387. field-tree via COBC_GEN_DUMP_COMMENTS (syn_misc.at:7423): ok     (0m0.060s 0m0.288s)
389. CONTROL: empty default section (syn_misc.at:7755): ok     (0m0.015s 0m0.122s)
390. CONTROL: default section (syn_misc.at:7781): ok     (0m0.015s 0m0.168s)
392. CONTROL DIVISION & AREACHECK (syn_misc.at:7894): ok     (0m0.000s 0m0.060s)
388. CONTROL DIVISION (syn_misc.at:7703): ok     (0m0.060s 0m0.197s)
394. AREACHECK / NOAREACHECK directives (syn_misc.at:8025): ok     (0m0.030s 0m0.061s)
393. PICTURE L (syn_misc.at:7930): ok     (0m0.045s 0m0.227s)
395. AREACHECK / NOAREACHECK directives (2) (syn_misc.at:8065): ok     (0m0.015s 0m0.168s)
391. CONTROL: substitution & default section (syn_misc.at:7815): ok     (0m0.075s 0m0.227s)
396. optional dots (syn_misc.at:8117): ok     (0m0.030s 0m0.122s)
397. optional dots before PROCEDURE DIVISION (syn_misc.at:8172): ok     (0m0.046s 0m0.060s)
398. AREACHECK (syn_misc.at:8209): ok     (0m0.000s 0m0.076s)
402. MOVE ZERO TO alphabetic item (syn_move.at:64): ok     (0m0.015s 0m0.045s)
401. MOVE SPACE TO numeric or numeric-edited item (syn_move.at:38): ok     (0m0.000s 0m0.045s)
400. context sensitive alias (syn_misc.at:8323): ok     (0m0.000s 0m0.091s)
404. MOVE alphanumeric TO x (syn_move.at:124): ok     (0m0.000s 0m0.015s)
403. MOVE alphabetic TO x (syn_move.at:90): ok     (0m0.030s 0m0.045s)
405. MOVE alphanumeric-edited TO x (syn_move.at:155): ok     (0m0.015s 0m0.015s)
399. autodetect format (syn_misc.at:8249): ok     (0m0.105s 0m0.289s)
406. MOVE numeric (integer) TO x (syn_move.at:189): ok     (0m0.030s 0m0.045s)
407. MOVE numeric (non-integer) TO x (syn_move.at:222): ok     (0m0.015s 0m0.046s)
408. MOVE numeric-edited TO x (syn_move.at:258): ok     (0m0.015s 0m0.061s)
409. MOVE national TO x (syn_move.at:293): ok     (0m0.000s 0m0.045s)
410. MOVE national-edited TO x (syn_move.at:330): ok     (0m0.000s 0m0.030s)
411. CORRESPONDING - Operands must be groups (syn_move.at:374): ok     (0m0.015s 0m0.061s)
412. CORRESPONDING - Target has no matching items (syn_move.at:404): ok     (0m0.015s 0m0.030s)
413. MOVE to erroneous field (syn_move.at:430): ok     (0m0.000s 0m0.060s)
415. invalid source for MOVE (syn_move.at:552): ok     (0m0.000s 0m0.030s)
416. invalid target for MOVE (syn_move.at:582): ok     (0m0.030s 0m0.046s)
417. SET error (syn_move.at:618): ok     (0m0.000s 0m0.107s)
419. Category check of Format 1 (syn_multiply.at:28): ok     (0m0.000s 0m0.045s)
420. Category check of Format 2 (syn_multiply.at:64): ok     (0m0.015s 0m0.031s)
421. Category check of literals (syn_multiply.at:102): ok     (0m0.030s 0m0.015s)
418. MOVE FIGURATIVE to NUMERIC (syn_move.at:653): ok     (0m0.030s 0m0.182s)
414. Overlapping MOVE (syn_move.at:453): ok     (0m0.015s 0m0.185s)
422. Flexible ACCEPT/DISPLAY syntax (syn_screen.at:24): ok     (0m0.000s 0m0.075s)
423. Duplicate ACCEPT/DISPLAY clauses (syn_screen.at:92): ok     (0m0.000s 0m0.045s)
424. AT clause (syn_screen.at:121): ok     (0m0.015s 0m0.061s)
425. ACCEPT/DISPLAY extensions detection (syn_screen.at:175): ok     (0m0.000s 0m0.046s)
426. FROM clause (syn_screen.at:221): ok     (0m0.015s 0m0.045s)
427. Incorrect USAGE clause (syn_screen.at:250): ok     (0m0.000s 0m0.076s)
428. SCREEN SECTION clause numbers (syn_screen.at:283): ok     (0m0.015s 0m0.046s)
429. Screen clauses (syn_screen.at:315): ok     (0m0.000s 0m0.045s)
430. ACCEPT ON EXCEPTION/ESCAPE (syn_screen.at:341): ok     (0m0.015s 0m0.015s)
431. Referencing 88-level (syn_screen.at:371): ok     (0m0.015s 0m0.045s)
433. Redundant screen clauses (syn_screen.at:473): ok     (0m0.015s 0m0.060s)
432. Conflicting screen clauses (syn_screen.at:402): ok     (0m0.061s 0m0.123s)
436. FULL on numeric item (syn_screen.at:592): ok     (0m0.015s 0m0.060s)
435. VALUE clause missing (syn_screen.at:566): ok     (0m0.000s 0m0.030s)
434. Screen item OCCURS w-/wo relative LINE/COL (syn_screen.at:506): ok     (0m0.000s 0m0.167s)
438. MS-COBOL position-spec (syn_screen.at:774): ok     (0m0.015s 0m0.076s)
439. Screen with invalid FROM clause (syn_screen.at:822): ok     (0m0.030s 0m0.107s)
440. DISPLAY WITH CONVERSION (syn_screen.at:867): ok     (0m0.000s 0m0.076s)
441. SET ADDRESS OF item (syn_set.at:24): ok     (0m0.000s 0m0.061s)
437. Compiler-specific SCREEN SECTION clause rules (syn_screen.at:616): ok     (0m0.015s 0m0.258s)
442. SET item TO 88-level (syn_set.at:53): ok     (0m0.015s 0m0.046s)
444. REPOSITORY INTRINSIC phrase (syn_functions.at:64): ok     (0m0.000s 0m0.015s)
443. ANY LENGTH / NUMERIC as function RETURNING item (syn_functions.at:22): ok     (0m0.015s 0m0.122s)
445. REPOSITORY FUNCTION phrase (syn_functions.at:87): ok     (0m0.000s 0m0.015s)
446. Redundant REPOSITORY entries (syn_functions.at:135): ok     (0m0.015s 0m0.061s)
447. Missing prototype/definition (syn_functions.at:174): ok     (0m0.000s 0m0.076s)
448. Empty function (syn_functions.at:205): ok     (0m0.015s 0m0.061s)
449. Function definition inside program (syn_functions.at:232): ok     (0m0.000s 0m0.046s)
450. Intrinsic functions: dialect (syn_functions.at:255): ok     (0m0.015s 0m0.046s)
451. Intrinsic functions: replaced (syn_functions.at:280): ok     (0m0.000s 0m0.076s)
453. Intrinsic functions: reference modification (syn_functions.at:364): ok     (0m0.000s 0m0.076s)
452. Intrinsic functions: number of arguments (syn_functions.at:324): ok     (0m0.000s 0m0.076s)
455. invalid formatted date/time args (syn_functions.at:433): ok     (0m0.015s 0m0.061s)
454. Intrinsic functions: argument type (syn_functions.at:410): ok     (0m0.000s 0m0.076s)
457. Specified offset and SYSTEM-OFFSET (syn_functions.at:544): ok     (0m0.015s 0m0.046s)
456. invalid formats w/ DECIMAL-POINT IS COMMA (syn_functions.at:514): ok     (0m0.030s 0m0.031s)
458. FUNCTION LENGTH / BYTE-LENGTH (syn_functions.at:568): ok     (0m0.000s 0m0.092s)
459. continuation Indicator - too many lines (syn_literals.at:25): ok     (0m0.030s 0m0.075s)
461. numeric literals (syn_literals.at:819): ok     (0m0.060s 0m0.090s)
462. floating-point literals (syn_literals.at:998): ok     (0m0.030s 0m0.090s)
463. X literals (syn_literals.at:1105): ok     (0m0.000s 0m0.091s)
460. literal too long (syn_literals.at:583): ok     (0m0.045s 0m0.212s)
464. national literals (syn_literals.at:1140): ok     (0m0.030s 0m0.061s)
465. NX literals (syn_literals.at:1178): ok     (0m0.015s 0m0.061s)
466. binary literals (syn_literals.at:1216): ok     (0m0.030s 0m0.092s)
467. binary-hexadecimal literals (syn_literals.at:1252): ok     (0m0.015s 0m0.061s)
468. HP COBOL octal literals (syn_literals.at:1281): ok     (0m0.030s 0m0.061s)
469. ACUCOBOL literals (syn_literals.at:1317): ok     (0m0.045s 0m0.060s)
470. ACUCOBOL 32bit literal size (syn_literals.at:1379): skipped (syn_literals.at:1383)
472. long literal in error message (syn_literals.at:1472): ok     (0m0.031s 0m0.030s)
471. zero-length literals (syn_literals.at:1412): ok     (0m0.015s 0m0.151s)
473. literal missing terminating character (syn_literals.at:1504): ok     (0m0.000s 0m0.076s)
477. Replacement w/o strings (listings.at:149): ok     (0m0.000s 0m0.045s)
476. COPY within comment (listings.at:85): ok     (0m0.030s 0m0.060s)
475. Minimal lines per listing pages (listings.at:21): ok     (0m0.045s 0m0.106s)
478. Partial replacement with literals (listings.at:205): ok     (0m0.000s 0m0.045s)
474. GCOS literals with EBCDIC symbols (syntax) (syn_literals.at:1525): ok     (0m0.015s 0m0.151s)
479. COPY replacement with partial match (listings.at:269): ok     (0m0.015s 0m0.076s)
482. COPY separators (listings.at:608): ok     (0m0.015s 0m0.046s)
480. COPY replacement with multiple partial matches (listings.at:318): ok     (0m0.030s 0m0.151s)
481. COPY replacement order (listings.at:517): ok     (0m0.015s 0m0.136s)
484. COPY LEADING replacement (listings.at:869): ok     (0m0.061s 0m0.030s)
483. COPY partial replacement (listings.at:667): ok     (0m0.015s 0m0.136s)
485. COPY TRAILING replacement (listings.at:932): ok     (0m0.015s 0m0.076s)
486. COPY recursive replacement (listings.at:996): ok     (0m0.030s 0m0.076s)
487. COPY multiple files (listings.at:1055): ok     (0m0.015s 0m0.105s)
489. Two source files (listings.at:1590): ok     (0m0.015s 0m0.076s)
492. command line (listings.at:2038): ok     (0m0.030s 0m0.060s)
491. Multiple programs in one compilation group (listings.at:1860): ok     (0m0.030s 0m0.106s)
488. Error/Warning messages (listings.at:1269): ok     (0m0.136s 0m0.364s)
493. Wide listing (listings.at:2102): ok     (0m0.030s 0m0.122s)
495. Symbols: pointer (listings.at:2320): ok     (0m0.030s 0m0.060s)
490. Multiple programs in one file (listings.at:1651): ok     (0m0.090s 0m0.366s)
496. Symbols: multiple programs/functions (listings.at:2598): ok     (0m0.030s 0m0.046s)
497. Symbols: OCCURS and REDEFINES (listings.at:2718): ok     (0m0.015s 0m0.076s)
494. Symbols: simple (listings.at:2178): ok     (0m0.030s 0m0.182s)
499. File descriptions (listings.at:2907): ok     (0m0.015s 0m0.061s)
498. Conditional compilation (listings.at:2808): ok     (0m0.030s 0m0.106s)
500. Invalid PICTURE strings (listings.at:3245): ok     (0m0.045s 0m0.105s)
501. Variable format (listings.at:3689): ok     (0m0.015s 0m0.030s)
503. LISTING directive (listings.at:3788): ok     (0m0.000s 0m0.091s)
502. MFCOMMENT (listings.at:3726): ok     (0m0.000s 0m0.122s)
504. LISTING directive free-form reference-format (listings.at:3884): ok     (0m0.030s 0m0.046s)
505. Listing-directive statements (listings.at:3980): ok     (0m0.060s 0m0.045s)
508. Report Writer (listings.at:5716): ok     (0m0.000s 0m0.060s)
507. Cross reference (listings.at:4220): ok     (0m0.030s 0m0.166s)
506. Eject page (listings.at:4042): ok     (0m0.060s 0m0.151s)
509. huge REPLACE (listings.at:6018): ok     (0m0.015s 0m0.105s)
510. Long concatenated literal (listings.at:6928): ok     (0m0.015s 0m0.045s)
511. DISPLAY literals (run_fundamental.at:25): ok     (0m0.000s 0m0.030s)
512. DISPLAY literals, DECIMAL-POINT is COMMA (run_fundamental.at:72): ok     (0m0.000s 0m0.091s)
514. DISPLAY data items with VALUE clause (run_fundamental.at:146): ok     (0m0.015s 0m0.076s)
513. Hexadecimal literal (run_fundamental.at:105): ok     (0m0.000s 0m0.060s)
515. DISPLAY data items with MOVE statement (run_fundamental.at:193): ok     (0m0.015s 0m0.045s)
516. MOVE to edited item (1) (run_fundamental.at:247): ok     (0m0.000s 0m0.076s)
517. MOVE to edited item (2) (run_fundamental.at:296): ok     (0m0.030s 0m0.076s)
518. MOVE to edited item (3) (run_fundamental.at:345): ok     (0m0.000s 0m0.045s)
519. MOVE to item with simple and floating insertion (run_fundamental.at:450): ok     (0m0.000s 0m0.091s)
520. MOVE to JUSTIFIED item (run_fundamental.at:485): ok     (0m0.046s 0m0.076s)
522. Compare FLOAT-LONG with floating-point literal (run_fundamental.at:567): ok     (0m0.000s 0m0.045s)
523. equality of FLOAT-SHORT / FLOAT-LONG (run_fundamental.at:620): ok     (0m0.000s 0m0.000s)
521. MOVE integer literal to alphanumeric (run_fundamental.at:530): ok     (0m0.045s 0m0.168s)
524. equality of FLOAT-SHORT / FLOAT-EXTENDED (run_fundamental.at:743): ok     (0m0.030s 0m0.000s)
527. ALPHABETIC test (run_fundamental.at:1039): ok     (0m0.015s 0m0.030s)
528. ALPHABETIC-UPPER test (run_fundamental.at:1071): ok     (0m0.000s 0m0.030s)
525. Overlapping MOVE (GnuCOBOL) (run_fundamental.at:874): ok     (0m0.045s 0m0.136s)
529. ALPHABETIC-LOWER test (run_fundamental.at:1103): ok     (0m0.000s 0m0.045s)
526. Overlapping MOVE (IBM) (run_fundamental.at:958): ok     (0m0.077s 0m0.107s)
530. GLOBAL at same level (run_fundamental.at:1135): ok     (0m0.030s 0m0.060s)
531. GLOBAL at lower level (run_fundamental.at:1184): ok     (0m0.015s 0m0.030s)
532. GLOBAL CONSTANT (run_fundamental.at:1233): ok     (0m0.031s 0m0.075s)
533. GLOBAL identifiers from ENVIRONMENT DIVISION (run_fundamental.at:1317): ok     (0m0.015s 0m0.015s)
534. GLOBAL REDEFINES (run_fundamental.at:1398): ok     (0m0.000s 0m0.030s)
535. function with variable-length RETURNING item (run_fundamental.at:1417): skipped (run_fundamental.at:1426)
538. Contained program visibility (1) (run_fundamental.at:1570): ok     (0m0.000s 0m0.076s)
539. Contained program visibility (2) (run_fundamental.at:1625): ok     (0m0.046s 0m0.030s)
536. Entry point visibility (1) (run_fundamental.at:1500): ok     (0m0.000s 0m0.106s)
537. Entry point visibility (2) (run_fundamental.at:1532): ok     (0m0.045s 0m0.122s)
540. Contained program visibility (3) (run_fundamental.at:1678): ok     (0m0.015s 0m0.015s)
541. Contained program visibility (4) (run_fundamental.at:1729): ok     (0m0.015s 0m0.076s)
542. CALL alphanumeric data-name (run_fundamental.at:1784): ok     (0m0.000s 0m0.198s)
543. CALL program-pointer (run_fundamental.at:1872): ok     (0m0.015s 0m0.091s)
545. GLOBAL FD (1) (run_fundamental.at:2072): ok     (0m0.000s 0m0.030s)
544. CALL/CANCEL/SET ADDRESS program-prototype-name (run_fundamental.at:1968): ok     (0m0.015s 0m0.121s)
546. GLOBAL FD (2) (run_fundamental.at:2123): ok     (0m0.015s 0m0.000s)
548. GLOBAL FD (4) (run_fundamental.at:2225): ok     (0m0.046s 0m0.030s)
547. GLOBAL FD (3) (run_fundamental.at:2175): ok     (0m0.000s 0m0.045s)
549. CANCEL test (1) (run_fundamental.at:2277): ok     (0m0.015s 0m0.107s)
552. Separate sign positions (1) (run_fundamental.at:2379): ok     (0m0.030s 0m0.061s)
550. CANCEL test (2) (run_fundamental.at:2304): ok     (0m0.030s 0m0.107s)
551. CANCEL test (3) (run_fundamental.at:2341): ok     (0m0.015s 0m0.107s)
554. Context sensitive words (1) (run_fundamental.at:2436): ok     (0m0.045s 0m0.076s)
553. Separate sign positions (2) (run_fundamental.at:2403): ok     (0m0.045s 0m0.106s)
555. Context sensitive words (2) (run_fundamental.at:2459): ok     (0m0.030s 0m0.045s)
556. Context sensitive words (3) (run_fundamental.at:2483): ok     (0m0.015s 0m0.092s)
557. Context sensitive words (4) (run_fundamental.at:2507): ok     (0m0.015s 0m0.046s)
558. Context sensitive words (5) (run_fundamental.at:2532): ok     (0m0.015s 0m0.046s)
559. Context sensitive words (6) (run_fundamental.at:2555): ok     (0m0.000s 0m0.076s)
560. Context sensitive words (7) (run_fundamental.at:2577): ok     (0m0.015s 0m0.060s)
561. Context sensitive words (8) (run_fundamental.at:2604): ok     (0m0.015s 0m0.077s)
563. ROUNDED NEAREST-AWAY-FROM-ZERO (run_fundamental.at:2694): ok     (0m0.031s 0m0.076s)
562. ROUNDED AWAY-FROM-ZERO (run_fundamental.at:2631): ok     (0m0.015s 0m0.060s)
564. ROUNDED NEAREST-EVEN (run_fundamental.at:2757): ok     (0m0.000s 0m0.060s)
565. ROUNDED NEAREST-TOWARD-ZERO (run_fundamental.at:2820): ok     (0m0.015s 0m0.060s)
567. ROUNDED TOWARD-LESSER (run_fundamental.at:2946): ok     (0m0.015s 0m0.076s)
566. ROUNDED TOWARD-GREATER (run_fundamental.at:2883): ok     (0m0.000s 0m0.091s)
568. ROUNDED TRUNCATION (run_fundamental.at:3009): ok     (0m0.000s 0m0.060s)
569. Numeric operations (1) (run_fundamental.at:3072): ok     (0m0.030s 0m0.000s)
570. Numeric operations (2) DISPLAY (run_fundamental.at:3108): ok     (0m0.000s 0m0.046s)
571. Numeric operations (3) PACKED-DECIMAL (run_fundamental.at:3344): ok     (0m0.000s 0m0.030s)
572. Numeric operations (4) BINARY (run_fundamental.at:3648): ok     (0m0.000s 0m0.030s)
573. Numeric operations (5) COMP-5 (run_fundamental.at:3883): ok     (0m0.015s 0m0.046s)
575. Numeric operations (7) (run_fundamental.at:4178): ok     (0m0.015s 0m0.030s)
574. Numeric operations (6) (run_fundamental.at:4118): ok     (0m0.031s 0m0.045s)
576. Numeric operations (8) (run_fundamental.at:4468): ok     (0m0.015s 0m0.076s)
577. ADD CORRESPONDING (run_fundamental.at:4518): ok     (0m0.031s 0m0.076s)
578. ADD CORRESPONDING no match (run_fundamental.at:4566): ok     (0m0.015s 0m0.076s)
580. 88 level with THRU (run_fundamental.at:4656): ok     (0m0.000s 0m0.030s)
579. SYNC in OCCURS (run_fundamental.at:4616): ok     (0m0.000s 0m0.076s)
581. 88 level with FILLER (run_fundamental.at:4751): ok     (0m0.000s 0m0.030s)
582. 88 level with FALSE IS clause (run_fundamental.at:4780): ok     (0m0.015s 0m0.031s)
583. BLANK WHEN ZERO (run_fundamental.at:4808): ok     (0m0.015s 0m0.091s)
584. MULTIPLY BY literal in INITIAL program (run_fundamental.at:4838): ok     (0m0.000s 0m0.045s)
585. DIVIDE complex (run_fundamental.at:4867): ok     (0m0.015s 0m0.000s)
586. COMPUTE with decimal constants (run_fundamental.at:4988): ok     (0m0.015s 0m0.045s)
588. debugging lines (-fdebugging-line) (run_fundamental.at:5047): ok     (0m0.000s 0m0.045s)
587. debugging lines (not active) (run_fundamental.at:5024): ok     (0m0.077s 0m0.015s)
589. debugging lines (WITH DEBUGGING MODE) (run_fundamental.at:5070): ok     (0m0.000s 0m0.077s)
590. debugging lines, free format (not active) (run_fundamental.at:5096): ok     (0m0.015s 0m0.030s)
591. debugging lines, free format (-fdebugging-line) (run_fundamental.at:5119): ok     (0m0.015s 0m0.091s)
592. USE FOR DEBUGGING (no DEBUGGING MODE) (run_fundamental.at:5142): ok     (0m0.000s 0m0.060s)
593. USE FOR DEBUGGING (COB_SET_DEBUG deactivated) (run_fundamental.at:5187): ok     (0m0.015s 0m0.060s)
594. USE FOR DEBUGGING ON ALL PROCEDURES (run_fundamental.at:5232): ok     (0m0.000s 0m0.076s)
595. USE FOR DEBUGGING ON procedure (run_fundamental.at:5283): ok     (0m0.000s 0m0.106s)
596. USE FOR DEBUGGING (COB_SET_DEBUG switched) (run_fundamental.at:5331): ok     (0m0.000s 0m0.108s)
597. USE FOR DEBUGGING ON [ALL] REFERENCES OF field (run_fundamental.at:5380): ok     (0m0.015s 0m0.061s)
598. USE FOR DEBUGGING, reference within DEBUGGING (run_fundamental.at:5460): ok     (0m0.030s 0m0.122s)
600. USE FOR DEBUGGING, reference with OCCURS (run_fundamental.at:5551): ok     (0m0.000s 0m0.091s)
601. USE FOR DEBUGGING, referencing BASED item (run_fundamental.at:5584): ok     (0m0.000s 0m0.076s)
602. USE FOR DEBUGGING file (run_fundamental.at:5639): ok     (0m0.061s 0m0.060s)
604. Expression numeric vs. DISPLAY (run_fundamental.at:6025): ok     (0m0.000s 0m0.030s)
606. integer arithmetic on floating-point var (run_fundamental.at:6192): ok     (0m0.015s 0m0.015s)
605. Abbreviated Expressions (run_fundamental.at:6080): ok     (0m0.015s 0m0.229s)
608. Alphanumeric VALUE longer than PIC (run_fundamental.at:6286): ok     (0m0.015s 0m0.061s)
603. Simple Expressions with figurative constants (run_fundamental.at:5682): ok     (0m0.000s 0m0.060s)
607. TYPEDEF application (run_fundamental.at:6234): ok     (0m0.000s 0m0.045s)
612. abbreviated conditions with multiple words operators (run_fundamental.at:6493): ok     (0m0.015s 0m0.061s)
611. abbreviated conditions with multiple words operators (run_fundamental.at:6455): ok     (0m0.015s 0m0.061s)
610. condition IS ZERO AND (run_fundamental.at:6404): ok     (0m0.015s 0m0.106s)
613. MOVE with JUSTIFIED clause (run_fundamental.at:6521): ok     (0m0.000s 0m0.030s)
614. MOVE with PICTURE P (run_fundamental.at:6566): ok     (0m0.000s 0m0.030s)
615. MOVE with de-editting to USAGE DISPLAY (run_fundamental.at:6770): ok     (0m0.000s 0m0.030s)
616. MOVE with de-editting to DECIMAL IS COMMA (run_fundamental.at:6822): ok     (0m0.015s 0m0.000s)
609. DISPLAY with P fields (run_fundamental.at:6318): ok     (0m0.075s 0m0.228s)
617. MOVE with de-editting to BINARY (run_fundamental.at:6880): ok     (0m0.000s 0m0.030s)
618. MOVE with de-editting to COMP-3 (run_fundamental.at:6931): ok     (0m0.030s 0m0.031s)
619. MOVE with de-editting to COMP-5 (run_fundamental.at:6983): ok     (0m0.000s 0m0.030s)
620. MOVE with de-editting to NUMERIC DISPLAY (2) (run_fundamental.at:7035): ok     (0m0.015s 0m0.000s)
621. MOVE misc. edited (run_fundamental.at:7164): ok     (0m0.000s 0m0.015s)
623. MOVE to editted ZERO (run_fundamental.at:9021): ok     (0m0.015s 0m0.015s)
622. MOVE between USAGEs (run_fundamental.at:7238): ok     (0m0.000s 0m0.045s)
624. SPECIAL-NAMES CLASS (run_fundamental.at:9066): ok     (0m0.000s 0m0.030s)
627. Subscript bounds with OCCURS DEPENDING ON (1) (run_subscripts.at:122): ok     (0m0.015s 0m0.045s)
628. Subscript bounds with OCCURS DEPENDING ON (2) (run_subscripts.at:148): ok     (0m0.030s 0m0.045s)
625. Subscript out of bounds (run_subscripts.at:26): ok     (0m0.045s 0m0.105s)
626. Value of DEPENDING ON N out of bounds (run_subscripts.at:71): ok     (0m0.015s 0m0.136s)
630. Subscript by arithmetic expression (run_subscripts.at:211): ok     (0m0.000s 0m0.030s)
629. Subscript bounds with OCCURS DEPENDING ON (3) (run_subscripts.at:176): ok     (0m0.000s 0m0.060s)
631. length of ODO w/- reference-modification (run_subscripts.at:242): ok     (0m0.000s 0m0.045s)
632. SEARCH ALL with OCCURS DEPENDING ON (run_subscripts.at:298): ok     (0m0.030s 0m0.030s)
636. SSRANGE and NOSSRANGE directives (run_subscripts.at:506): ok     (0m0.000s 0m0.107s)
635. BOUND and NOBOUND directives (run_subscripts.at:437): ok     (0m0.000s 0m0.259s)
637. CALL with OCCURS DEPENDING ON (run_subscripts.at:542): ok     (0m0.000s 0m0.091s)
634. enable / disable subscript check with ODO (run_subscripts.at:396): ok     (0m0.045s 0m0.151s)
633. enable / disable subscript check (run_subscripts.at:351): ok     (0m0.091s 0m0.260s)
638. Static reference-modification (run_refmod.at:25): ok     (0m0.015s 0m0.061s)
640. Offset underflow (run_refmod.at:94): ok     (0m0.030s 0m0.075s)
639. Dynamic reference-modification (run_refmod.at:57): ok     (0m0.015s 0m0.046s)
644. Length overflow with offset (1) (run_refmod.at:231): ok     (0m0.046s 0m0.045s)
641. Offset overflow (run_refmod.at:118): ok     (0m0.015s 0m0.122s)
642. Length underflow (run_refmod.at:145): ok     (0m0.046s 0m0.076s)
643. Length overflow (run_refmod.at:189): ok     (0m0.000s 0m0.197s)
646. Length overflow with offset (3) (run_refmod.at:280): ok     (0m0.000s 0m0.091s)
645. Length overflow with offset (2) (run_refmod.at:254): ok     (0m0.030s 0m0.060s)
649. ACCEPT OMITTED (simple) (run_accept.at:29): ok     (0m0.046s 0m0.046s)
650. ACCEPT FROM TIME / DATE / DAY / DAY-OF-WEEK (1) (run_accept.at:51): ok     (0m0.000s 0m0.213s)
651. ACCEPT FROM TIME / DATE / DAY / DAY-OF-WEEK (2) (run_accept.at:141): ok     (0m0.061s 0m0.168s)
652. ACCEPT DATE / DAY and intrinsic functions (1) (run_accept.at:283): ok     (0m0.000s 0m0.015s)
654. ACCEPT OMITTED (SCREEN) (run_accept.at:367): skipped (run_accept.at:370)
648. MF SSRANGE and NOSSRANGE directives (run_refmod.at:388): ok     (0m0.105s 0m0.364s)
653. ACCEPT DATE / DAY and intrinsic functions (2) (run_accept.at:320): ok     (0m0.015s 0m0.046s)
647. enable / disable ref-mod check (run_refmod.at:313): ok     (0m0.121s 0m0.349s)
655. INITIALIZE group entry with OCCURS (run_initialize.at:29): ok     (0m0.000s 0m0.046s)
656. INITIALIZE OCCURS with numeric edited (run_initialize.at:57): ok     (0m0.000s 0m0.030s)
658. INITIALIZE complex group (1) (run_initialize.at:161): ok     (0m0.000s 0m0.015s)
657. INITIALIZE OCCURS with SIGN LEADING / TRAILING (run_initialize.at:90): ok     (0m0.015s 0m0.060s)
659. INITIALIZE complex group (2) (run_initialize.at:189): ok     (0m0.000s 0m0.045s)
661. Value for group item with VALUE (run_initialize.at:249): ok     (0m0.000s 0m0.030s)
660. initial value for group item with VALUE (run_initialize.at:217): ok     (0m0.000s 0m0.045s)
662. INITIALIZE group item (run_initialize.at:298): ok     (0m0.000s 0m0.090s)
663. INITIALIZE with REDEFINES (run_initialize.at:415): ok     (0m0.015s 0m0.030s)
664. INITIALIZE with FILLER (run_initialize.at:442): ok     (0m0.030s 0m0.000s)
665. INITIALIZE of EXTERNAL data items (run_initialize.at:509): ok     (0m0.000s 0m0.015s)
666. INITIALIZE with reference-modification (run_initialize.at:560): ok     (0m0.015s 0m0.000s)
669. Comma separator without space (run_misc.at:23): ok     (0m0.015s 0m0.061s)
668. INITIALIZE to table-format VALUES ARE (run_initialize.at:655): ok     (0m0.030s 0m0.046s)
667. INITIALIZE big table with VALUE (run_initialize.at:596): ok     (0m0.015s 0m0.030s)
670. DECIMAL-POINT is COMMA (1) (run_misc.at:44): ok     (0m0.061s 0m0.060s)
671. DECIMAL-POINT is COMMA (2) (run_misc.at:72): ok     (0m0.000s 0m0.106s)
672. DECIMAL-POINT is COMMA (3) (run_misc.at:100): ok     (0m0.000s 0m0.107s)
674. DECIMAL-POINT is COMMA (5) (run_misc.at:156): ok     (0m0.000s 0m0.061s)
673. DECIMAL-POINT is COMMA (4) (run_misc.at:128): ok     (0m0.000s 0m0.076s)
675. CURRENCY SIGN (run_misc.at:190): ok     (0m0.015s 0m0.061s)
677. LOCAL-STORAGE (1) (run_misc.at:268): ok     (0m0.000s 0m0.075s)
680. EXTERNAL data item (run_misc.at:432): ok     (0m0.031s 0m0.030s)
678. LOCAL-STORAGE (2) (run_misc.at:304): ok     (0m0.030s 0m0.091s)
681. EXTERNAL AS data item (run_misc.at:470): ok     (0m0.000s 0m0.045s)
679. LOCAL-STORAGE (3) (run_misc.at:348): ok     (0m0.061s 0m0.227s)
683. MOVE to itself (run_misc.at:594): ok     (0m0.015s 0m0.060s)
684. MOVE with refmod (run_misc.at:618): ok     (0m0.015s 0m0.015s)
685. MOVE with refmod (variable) (run_misc.at:640): ok     (0m0.030s 0m0.000s)
686. MOVE with group refmod (run_misc.at:664): ok     (0m0.046s 0m0.000s)
687. MOVE indexes (run_misc.at:687): ok     (0m0.031s 0m0.015s)
689. MOVE Z'literal' (run_misc.at:746): ok     (0m0.015s 0m0.060s)
690. Floating continuation indicator (run_misc.at:788): ok     (0m0.046s 0m0.046s)
688. MOVE X'00' (run_misc.at:711): ok     (0m0.030s 0m0.107s)
691. Fixed continuation indicator (run_misc.at:810): ok     (0m0.045s 0m0.061s)
692. Concatenation operator (run_misc.at:852): ok     (0m0.030s 0m0.060s)
693. SOURCE FIXED/FREE directives (run_misc.at:876): ok     (0m0.000s 0m0.076s)
694. TURN directive (run_misc.at:912): ok     (0m0.046s 0m0.107s)
696. Class check with reference-modification (run_misc.at:1038): ok     (0m0.015s 0m0.030s)
697. Index and parenthesized expression (run_misc.at:1060): ok     (0m0.015s 0m0.030s)
698. Alphanumeric and binary numeric (run_misc.at:1082): ok     (0m0.000s 0m0.060s)
695. OCCURS on level 01 (run_misc.at:953): ok     (0m0.075s 0m0.106s)
700. Dynamic call with static linking (run_misc.at:1172): ok     (0m0.030s 0m0.030s)
699. Non-numeric data in numeric items (run_misc.at:1106): ok     (0m0.030s 0m0.244s)
701. Static call with static linking (run_misc.at:1201): ok     (0m0.015s 0m0.060s)
702. Dynamic CALL with ON EXCEPTION (run_misc.at:1232): ok     (0m0.030s 0m0.060s)
704. CALL m1. CALL m2. CALL m1. (run_misc.at:1304): ok     (0m0.030s 0m0.060s)
705. Recursive CALL of RECURSIVE program (run_misc.at:1355): ok     (0m0.046s 0m0.077s)
703. Static CALL with ON EXCEPTION (run_misc.at:1264): ok     (0m0.105s 0m0.181s)
706. Recursive CALL of INITIAL program (run_misc.at:1413): ok     (0m0.060s 0m0.060s)
707. Recursive CALL with RECURSIVE assumed (run_misc.at:1464): ok     (0m0.060s 0m0.091s)
709. Multiple calls of INITIAL program (run_misc.at:1567): ok     (0m0.000s 0m0.061s)
708. Recursive CALL with ON EXCEPTION (run_misc.at:1510): ok     (0m0.045s 0m0.090s)
711. INSPECT REPLACING LEADING ZEROS BY SPACES (run_misc.at:1678): ok     (0m0.015s 0m0.030s)
710. CALL binary literal parameter/LENGTH OF (run_misc.at:1624): ok     (0m0.000s 0m0.152s)
712. INSPECT: no repeat conversion (run_misc.at:1700): ok     (0m0.000s 0m0.030s)
713. TRANSFORM statement (run_misc.at:1726): ok     (0m0.015s 0m0.015s)
715. INSPECT CONVERTING TO figurative constant (run_misc.at:1808): ok     (0m0.015s 0m0.000s)
716. INSPECT CONVERTING NULL (run_misc.at:1830): ok     (0m0.046s 0m0.046s)
717. INSPECT CONVERTING TO NULL (run_misc.at:1852): ok     (0m0.000s 0m0.030s)
718. INSPECT CONVERTING complex (run_misc.at:1874): ok     (0m0.015s 0m0.000s)
719. INSPECT numeric signed (run_misc.at:1903): ok     (0m0.000s 0m0.015s)
714. INSPECT CONVERTING alphabet (run_misc.at:1759): ok     (0m0.015s 0m0.198s)
720. INSPECT TALLYING BEFORE (run_misc.at:2044): ok     (0m0.000s 0m0.046s)
721. INSPECT TALLYING AFTER (run_misc.at:2077): ok     (0m0.015s 0m0.061s)
722. INSPECT TALLYING BEFORE and AFTER (run_misc.at:2110): ok     (0m0.015s 0m0.015s)
723. INSPECT TALLYING REPLACING BEFORE and AFTER (run_misc.at:2146): ok     (0m0.046s 0m0.015s)
724. INSPECT REPLACING figurative constant (run_misc.at:2183): ok     (0m0.015s 0m0.061s)
725. SWITCHES (environment COB_SWITCH_n and SET) (run_misc.at:2207): ok     (0m0.030s 0m0.061s)
727. PERFORM VARYING BY -0.2 decimal (run_misc.at:2311): ok     (0m0.015s 0m0.075s)
726. Nested PERFORM (run_misc.at:2288): ok     (0m0.046s 0m0.061s)
728. PERFORM VARYING Float (run_misc.at:2337): ok     (0m0.000s 0m0.076s)
729. PERFORM VARYING BY phrase omitted (run_misc.at:2376): ok     (0m0.015s 0m0.092s)
731. EXIT PERFORM CYCLE (run_misc.at:2430): ok     (0m0.000s 0m0.060s)
730. EXIT PERFORM (run_misc.at:2407): ok     (0m0.000s 0m0.091s)
732. EXIT PARAGRAPH (run_misc.at:2453): ok     (0m0.015s 0m0.030s)
735. PERFORM FOREVER / PERFORM UNTIL EXIT (run_misc.at:2551): ok     (0m0.015s 0m0.060s)
736. PERFORM inline (1) (run_misc.at:2592): ok     (0m0.000s 0m0.030s)
733. EXIT SECTION (run_misc.at:2487): ok     (0m0.015s 0m0.090s)
734. implicit GOBACK at end of PROCEDURE DIVISION (run_misc.at:2528): ok     (0m0.000s 0m0.106s)
737. PERFORM inline (2) (run_misc.at:2618): ok     (0m0.015s 0m0.015s)
739. PERFORM ... CONTINUE (run_misc.at:2669): ok     (0m0.000s 0m0.046s)
738. Non-overflow after overflow (run_misc.at:2642): ok     (0m0.000s 0m0.015s)
740. STRING with subscript reference (run_misc.at:2686): ok     (0m0.000s 0m0.000s)
741. STRING WITH POINTER ON OVERFLOW with DELIMITER (run_misc.at:2712): ok     (0m0.015s 0m0.015s)
742. STRING / UNSTRING [NOT] ON OVERFLOW (run_misc.at:2796): ok     (0m0.030s 0m0.060s)
743. UNSTRING DELIMITED ALL LOW-VALUE (run_misc.at:2913): ok     (0m0.000s 0m0.030s)
744. UNSTRING DELIMITED ALL SPACE-2 (run_misc.at:2944): ok     (0m0.000s 0m0.030s)
745. UNSTRING DELIMITED POINTER (run_misc.at:2997): ok     (0m0.000s 0m0.046s)
746. UNSTRING DELIMITER IN (run_misc.at:3045): ok     (0m0.015s 0m0.015s)
747. UNSTRING combined (run_misc.at:3087): ok     (0m0.000s 0m0.015s)
748. UNSTRING with FUNCTION / literal (run_misc.at:3201): ok     (0m0.030s 0m0.030s)
749. SORT: table (run_misc.at:3271): ok     (0m0.015s 0m0.030s)
750. SORT: table (2) (run_misc.at:3305): ok     (0m0.000s 0m0.090s)
752. SORT: table (toplevel) (run_misc.at:3522): ok     (0m0.015s 0m0.045s)
751. SORT: table (3) (run_misc.at:3430): ok     (0m0.045s 0m0.137s)
753. SORT: EBCDIC table (run_misc.at:3544): ok     (0m0.015s 0m0.060s)
754. Alphanum comparison with default COLLATING SEQUENCE (run_misc.at:3609): ok     (0m0.000s 0m0.091s)
756. JUSTIFIED and VALUE clauses (run_misc.at:3673): ok     (0m0.015s 0m0.045s)
755. SORT: table with default COLLATING SEQUENCE (run_misc.at:3637): ok     (0m0.000s 0m0.060s)
758. PIC ZZZ-, ZZZ+ (run_misc.at:3967): ok     (0m0.000s 0m0.045s)
757. SEARCH ALL: table with default COLLATING SEQUENCE (run_misc.at:3927): ok     (0m0.000s 0m0.045s)
759. PERFORM type OSVS (run_misc.at:4008): ok     (0m0.000s 0m0.045s)
760. Sticky LINKAGE (run_misc.at:4043): ok     (0m0.000s 0m0.075s)
761. COB_PRE_LOAD (run_misc.at:4085): ok     (0m0.030s 0m0.045s)
763. Lookup ENTRY from main executable (run_misc.at:4182): ok     (0m0.000s 0m0.077s)
762. COB_PRE_LOAD with entry points (run_misc.at:4111): ok     (0m0.045s 0m0.121s)
765. ALLOCATE / FREE with BASED item (1) (run_misc.at:4249): ok     (0m0.000s 0m0.015s)
764. COB_LOAD_CASE=UPPER (run_misc.at:4223): ok     (0m0.000s 0m0.060s)
767. ALLOCATE CHARACTERS INITIALIZED (TO) (run_misc.at:4319): ok     (0m0.000s 0m0.030s)
768. Initialized value with defaultbyte (run_misc.at:4366): ok     (0m0.000s 0m0.030s)
766. ALLOCATE / FREE with BASED item (2) (run_misc.at:4275): ok     (0m0.000s 0m0.060s)
769. CALL with OMITTED parameter (run_misc.at:4390): ok     (0m0.000s 0m0.030s)
772. CALL in from C, cob_call_params explicitly set (run_misc.at:4641): ok     (0m0.015s 0m0.092s)
770. direct CALL in from C w/wo error (run_misc.at:4426): ok     (0m0.121s 0m0.168s)
773. CALL in from C, cob_call_params unknown (run_misc.at:4700): ok     (0m0.015s 0m0.090s)
771. direct CALL in from C w/wo error; no exit (run_misc.at:4507): ok     (0m0.075s 0m0.411s)
776. CALL in from C with init missing / implicit (run_misc.at:4974): ok     (0m0.000s 0m0.167s)
777. CALL STATIC C from COBOL (run_misc.at:5022): ok     (0m0.045s 0m0.091s)
775. CALL C with callback, ENTRY-CONVENTION EXTERN (run_misc.at:4823): ok     (0m0.000s 0m0.090s)
774. CALL C with callback, PROCEDURE DIVISION EXTERN (run_misc.at:4753): ok     (0m0.030s 0m0.090s)
778. ANY LENGTH (1) (run_misc.at:5078): ok     (0m0.015s 0m0.030s)
781. ANY LENGTH (4) (run_misc.at:5200): ok     (0m0.000s 0m0.061s)
780. ANY LENGTH (3) (run_misc.at:5157): ok     (0m0.015s 0m0.076s)
779. ANY LENGTH (2) (run_misc.at:5117): ok     (0m0.000s 0m0.060s)
782. ANY LENGTH (5) (run_misc.at:5243): ok     (0m0.015s 0m0.076s)
785. STOP RUN WITH NORMAL STATUS (run_misc.at:5345): ok     (0m0.015s 0m0.000s)
784. access to OPTIONAL LINKAGE item not passed (run_misc.at:5307): ok     (0m0.015s 0m0.106s)
786. STOP RUN WITH ERROR STATUS (run_misc.at:5363): ok     (0m0.000s 0m0.030s)
783. access to BASED item without allocation (run_misc.at:5268): ok     (0m0.015s 0m0.136s)
787. STOP ERROR (run_misc.at:5381): ok     (0m0.046s 0m0.060s)
788. SYMBOLIC clause (run_misc.at:5406): ok     (0m0.000s 0m0.030s)
789. OCCURS clause with 1 entry (run_misc.at:5439): ok     (0m0.000s 0m0.015s)
792. compilation-group with decimal (run_misc.at:6494): ok     (0m0.000s 0m0.061s)
794. PICTURE with Edit mask (run_misc.at:6990): ok     (0m0.030s 0m0.031s)
790. Computing of different USAGEs w/o decimal point (run_misc.at:5480): ok     (0m0.000s 0m0.075s)
793. C/C++ reserved words/predefined identifiers (run_misc.at:6534): ok     (0m0.000s 0m0.060s)
791. Computing of different USAGEs w/- decimal point (run_misc.at:6005): ok     (0m0.030s 0m0.015s)
797. ON EXCEPTION clause of DISPLAY (run_misc.at:7169): skipped (run_misc.at:7172)
798. EC-SCREEN-LINE-NUMBER and -STARTING-COLUMN (run_misc.at:7194): skipped (run_misc.at:7197)
795. POINTER (run_misc.at:7063): ok     (0m0.000s 0m0.000s)
799. LINE/COLUMN 0 exceptions (run_misc.at:7235): skipped (run_misc.at:7238)
800. SET LAST EXCEPTION TO OFF (run_misc.at:7273): ok     (0m0.030s 0m0.046s)
796. CALL RETURNING POINTER (run_misc.at:7099): ok     (0m0.060s 0m0.045s)
801. void PROCEDURE (run_misc.at:7309): ok     (0m0.030s 0m0.061s)
802. Figurative constants to numeric field (run_misc.at:7338): ok     (0m0.107s 0m0.168s)
803. MF FIGURATIVE to NUMERIC (run_misc.at:7400): ok     (0m0.030s 0m0.091s)
804. CALL RETURNING (run_misc.at:7535): ok     (0m0.030s 0m0.075s)
805. void PROCEDURE, NOTHING return (run_misc.at:7574): ok     (0m0.000s 0m0.075s)
807. Trace feature with subroutine (run_misc.at:8074): ok     (0m0.015s 0m0.348s)
810. CALL with program prototypes (run_misc.at:11291): ok     (0m0.060s 0m0.168s)
811. REDEFINES values on FILLER and INITIALIZE (run_misc.at:11370): ok     (0m0.015s 0m0.122s)
806. READY TRACE / RESET TRACE (run_misc.at:7609): ok     (0m0.045s 0m0.272s)
812. PICTURE with constant-name (run_misc.at:11425): ok     (0m0.015s 0m0.075s)
813. Quote marks in comment paragraphs (run_misc.at:11453): ok     (0m0.000s 0m0.137s)
815. Alphanumeric MOVE with truncation (run_misc.at:11549): ok     (0m0.015s 0m0.015s)
816. PROGRAM-ID / CALL literal/variable with spaces (run_misc.at:11600): ok     (0m0.015s 0m0.136s)
817. PROGRAM-ID / CALL with hyphen and underscore (run_misc.at:11668): ok     (0m0.046s 0m0.077s)
814. Numeric MOVE with/without -fbinary-truncate (run_misc.at:11479): ok     (0m0.015s 0m0.245s)
818. CALL with directory (run_misc.at:11705): ok     (0m0.015s 0m0.182s)
819. C-API (param based) (run_misc.at:11763): ok     (0m0.046s 0m0.169s)
821. OPTIONS paragraph, DEFAULT ROUNDED MODE (run_misc.at:12226): ok     (0m0.000s 0m0.092s)
820. C-API (field based) (run_misc.at:11998): ok     (0m0.046s 0m0.138s)
822. OCCURS INDEXED ASCENDING (run_misc.at:12256): ok     (0m0.046s 0m0.090s)
824. Default Arithmetic (1) (run_misc.at:12434): ok     (0m0.000s 0m0.061s)
825. Default Arithmetic Test (2) (run_misc.at:12538): ok     (0m0.076s 0m0.030s)
823. ZERO unsigned and negative binary subscript (run_misc.at:12357): ok     (0m0.075s 0m0.091s)
826. OSVS Arithmetic (1) (run_misc.at:12589): ok     (0m0.015s 0m0.122s)
827. OSVS Arithmetic Test (2) (run_misc.at:12706): ok     (0m0.030s 0m0.076s)
829. DEFINE OVERRIDE (run_misc.at:12866): ok     (0m0.000s 0m0.046s)
830. DEFINE Defaults (run_misc.at:12932): ok     (0m0.015s 0m0.091s)
831. 78 VALUE (run_misc.at:12998): ok     (0m0.015s 0m0.060s)
832. 01 CONSTANT (run_misc.at:13066): ok     (0m0.030s 0m0.075s)
828. SET CONSTANT directive (run_misc.at:12763): ok     (0m0.045s 0m0.151s)
835. FLOAT-SHORT / FLOAT-LONG w/o SIZE ERROR (run_misc.at:13422): ok     (0m0.015s 0m0.061s)
834. FLOAT-DECIMAL w/o SIZE ERROR (run_misc.at:13248): ok     (0m0.030s 0m0.045s)
836. FLOAT-SHORT with SIZE ERROR (run_misc.at:13621): ok     (0m0.015s 0m0.045s)
833. DISPLAY UPON (run_misc.at:13146): ok     (0m0.091s 0m0.383s)
837. FLOAT-LONG with SIZE ERROR (run_misc.at:13672): ok     (0m0.045s 0m0.107s)
838. EC-SIZE-ZERO-DIVIDE (run_misc.at:13730): ok     (0m0.000s 0m0.015s)
839. EC-SIZE-OVERFLOW (run_misc.at:13773): ok     (0m0.000s 0m0.000s)
840. Constant Expressions (run_misc.at:13804): ok     (0m0.015s 0m0.092s)
844. runtime check: write to internal storage (2) (run_misc.at:14197): skipped (run_misc.at:14283)
841. ENTRY FOR GO TO / GO TO ENTRY (run_misc.at:13893): ok     (0m0.015s 0m0.167s)
846. assorted math (run_misc.at:14397): ok     (0m0.015s 0m0.015s)
842. runtime checks within conditions (run_misc.at:13983): ok     (0m0.045s 0m0.166s)
843. runtime check: write to internal storage (1) (run_misc.at:14097): ok     (0m0.030s 0m0.289s)
847. compare numeric DISPLAY SPACE with ZERO (run_misc.at:14434): ok     (0m0.000s 0m0.076s)
848. OPEN EXTEND and CLOSE, SEQUENTIAL (run_file.at:23): ok     (0m0.030s 0m0.015s)
849. variable-length SEQUENTIAL data integrity (run_file.at:89): ok     (0m0.000s 0m0.137s)
850. DELETE FILE, SEQUENTIAL (run_file.at:154): ok     (0m0.030s 0m0.015s)
845. libcob version check (run_misc.at:14292): ok     (0m0.105s 0m0.424s)
851. OUTPUT on SEQUENTIAL file to missing directory (run_file.at:224): ok     (0m0.015s 0m0.015s)
852. OPEN EXTEND and CLOSE, INDEXED (run_file.at:261): ok     (0m0.000s 0m0.030s)
853. DELETE FILE, INDEXED (run_file.at:333): ok     (0m0.000s 0m0.077s)
855. READ INTO data item AT-END sequence (run_file.at:446): ok     (0m0.015s 0m0.030s)
854. OUTPUT on INDEXED file to missing directory (run_file.at:406): ok     (0m0.000s 0m0.075s)
856. First READ on empty SEQUENTIAL INDEXED file (run_file.at:483): ok     (0m0.015s 0m0.015s)
857. READ NEXT without previous START (run_file.at:523): ok     (0m0.015s 0m0.030s)
858. REWRITE a RELATIVE file with RANDOM access (run_file.at:601): ok     (0m0.000s 0m0.030s)
860. ASSIGN EXTERNAL parsing (run_file.at:719): ok     (0m0.030s 0m0.153s)
861. ASSIGN directive (run_file.at:753): ok     (0m0.015s 0m0.015s)
862. ASSIGN filename expansion (run_file.at:796): ok     (0m0.031s 0m0.030s)
859. ASSIGN DYNAMIC and EXTERNAL (run_file.at:671): ok     (0m0.045s 0m0.214s)
865. ASSIGN DYNAMIC with LOCAL-STORAGE item (run_file.at:1036): ok     (0m0.015s 0m0.030s)
864. ASSIGN with COB_FILE_PATH (run_file.at:999): ok     (0m0.045s 0m0.136s)
866. ASSIGN DYNAMIC with LOCAL-STORAGE item, INITIAL (run_file.at:1073): ok     (0m0.046s 0m0.015s)
869. ASSIGN DYNAMIC with empty data item (run_file.at:1371): ok     (0m0.030s 0m0.091s)
868. ASSIGN DYNAMIC with data item in LINKAGE (run_file.at:1199): ok     (0m0.046s 0m0.121s)
867. ASSIGN DYNAMIC with BASED data item (run_file.at:1113): ok     (0m0.045s 0m0.167s)
870. ASSIGN DYNAMIC with unset implicit data item (run_file.at:1411): ok     (0m0.046s 0m0.138s)
863. ASSIGN filename mapping (run_file.at:823): ok     (0m0.135s 0m0.592s)
871. INDEXED file key-name (run_file.at:1443): ok     (0m0.015s 0m0.046s)
872. INDEXED file sparse/split keys (run_file.at:1485): ok     (0m0.031s 0m0.045s)
874. INDEXED file variable length record (run_file.at:2171): ok     (0m0.015s 0m0.060s)
873. INDEXED file split keys WITH DUPLICATES (run_file.at:2005): ok     (0m0.000s 0m0.015s)
877. START RELATIVE (1) (run_file.at:3109): ok     (0m0.015s 0m0.015s)
876. WRITE + REWRITE FILE name (run_file.at:2948): ok     (0m0.092s 0m0.061s)
875. INDEXED sample (run_file.at:2447): ok     (0m0.090s 0m0.241s)
878. START RELATIVE (2) (run_file.at:3158): ok     (0m0.000s 0m0.060s)
879. START RELATIVE (3) (run_file.at:3234): ok     (0m0.000s 0m0.030s)
880. READ on OPTIONAL missing RELATIVE / SEQUENTIAL (run_file.at:3310): ok     (0m0.030s 0m0.061s)
881. READ on OPTIONAL missing INDEXED file (run_file.at:3432): ok     (0m0.000s 0m0.030s)
882. EXTERNAL RELATIVE file (run_file.at:3482): ok     (0m0.015s 0m0.015s)
883. DECLARATIVES procedure referencing (run_file.at:3546): ok     (0m0.000s 0m0.046s)
885. System routines for directories (1) (run_file.at:3630): ok     (0m0.046s 0m0.015s)
884. DECLARATIVES procedure referencing (multiple) (run_file.at:3586): ok     (0m0.031s 0m0.030s)
886. System routines for directories (2) (run_file.at:3672): ok     (0m0.000s 0m0.015s)
889. System routine CBL_COPY_FILE (run_file.at:4083): ok     (0m0.000s 0m0.091s)
887. System routines for files (run_file.at:3769): ok     (0m0.000s 0m0.091s)
890. Default file external name (run_file.at:4118): ok     (0m0.015s 0m0.045s)
891. SEQUENTIAL basic I/O (run_file.at:4192): ok     (0m0.000s 0m0.015s)
892. LINE SEQUENTIAL basic I/O (run_file.at:4241): ok     (0m0.000s 0m0.061s)
893. LINE SEQUENTIAL WRITE AFTER (run_file.at:4307): ok     (0m0.030s 0m0.045s)
895. LINE SEQUENTIAL record truncation (2) (run_file.at:4457): ok     (0m0.000s 0m0.122s)
888. System routines for files - filename mapping (run_file.at:3966): ok     (0m0.181s 0m0.654s)
894. LINE SEQUENTIAL record truncation (1) (run_file.at:4353): ok     (0m0.015s 0m0.181s)
896. LINE SEQUENTIAL standard record overflow (run_file.at:4593): ok     (0m0.030s 0m0.091s)
899. SEQUENTIAL file I/O with variable records (run_file.at:5306): ok     (0m0.015s 0m0.061s)
897. LINAGE and LINAGE-COUNTER sample (run_file.at:4729): ok     (0m0.015s 0m0.122s)
900. LINE SEQUENTIAL file I/O with variable records (run_file.at:5381): ok     (0m0.031s 0m0.075s)
901. SEQUENTIAL file REWRITE (run_file.at:5455): ok     (0m0.000s 0m0.030s)
905. SEQUENTIAL file with SHARING READ ONLY (run_file.at:5775): ok     (0m0.030s 0m0.046s)
907. RELATIVE SEQUENTIAL basic I/O (run_file.at:5923): ok     (0m0.015s 0m0.015s)
908. RELATIVE RANDOM basic I/O (run_file.at:5957): ok     (0m0.000s 0m0.045s)
910. INDEXED SEQUENTIAL basic I/O (run_file.at:6081): ok     (0m0.000s 0m0.045s)
909. RELATIVE SEQUENTIAL with variable records (run_file.at:6007): ok     (0m0.015s 0m0.061s)
911. INDEXED SEQUENTIAL with variable records (run_file.at:6119): ok     (0m0.015s 0m0.045s)
918. INDEXED file with LOCK AUTOMATIC (2) (run_file.at:6696): ok     (0m0.015s 0m0.045s)
920. START INDEXED (run_file.at:6878): ok     (0m0.000s 0m0.030s)
922. INDEXED undeclared keys (run_file.at:7104): skipped (run_file.at:7112)
921. INDEXED partial keys (run_file.at:6957): ok     (0m0.000s 0m0.030s)
924. EXTFH: using ISAM callback (run_file.at:7373): ok     (0m0.015s 0m0.091s)
926. EXTFH: SEQUENTIAL files (run_file.at:8686): ok     (0m0.015s 0m0.061s)
927. EXTFH: LINE SEQUENTIAL files, direct EXTFH (run_file.at:9096): ok     (0m0.015s 0m0.091s)
925. EXTFH: Indexed with FH--FCD (run_file.at:8073): ok     (0m0.031s 0m0.120s)
930. EXTFH: operation OP_GETINFO / QUERY-FILE (run_file.at:9665): skipped (run_file.at:9669)
928. EXTFH: LINE SEQUENTIAL files (2) (run_file.at:9275): ok     (0m0.030s 0m0.107s)
929. EXTFH: FIXED SEQUENTIAL (run_file.at:9468): ok     (0m0.061s 0m0.061s)
933. EXTFH: RELATIVE files (run_file.at:10499): ok     (0m0.000s 0m0.106s)
932. EXTFH: INDEXED with multiple keys (run_file.at:10168): ok     (0m0.046s 0m0.076s)
931. EXTFH: changing record address (run_file.at:9847): ok     (0m0.045s 0m0.136s)
934. EXTFH: reading two files with one FCD (run_file.at:10688): ok     (0m0.015s 0m0.030s)
935. EXTFH: auto-conversion FCD2 <-> FCD3 on 32bit (run_file.at:10869): skipped (run_file.at:10874)
936. RELATIVE Multi-Record (run_file.at:11235): ok     (0m0.000s 0m0.076s)
939. LINE SEQUENTIAL REWRITE (run_file.at:12388): ok     (0m0.000s 0m0.137s)
940. LINE SEQUENTIAL data (run_file.at:12660): ok     (0m0.000s 0m0.046s)
941. Concatenated Files (run_file.at:12817): ok     (0m0.015s 0m0.122s)
937. INDEXED File READ/DELETE/READ (run_file.at:11485): ok     (0m0.015s 0m0.107s)
942. File SORT, SEQUENTIAL (run_file.at:12961): ok     (0m0.000s 0m0.076s)
943. File SORT, SEQUENTIAL variable records (run_file.at:13011): ok     (0m0.000s 0m0.030s)
944. File SORT, LINE SEQUENTIAL (run_file.at:13097): ok     (0m0.015s 0m0.091s)
945. File SORT, LINE SEQUENTIAL same file (run_file.at:13156): ok     (0m0.045s 0m0.045s)
946. File SORT, LINE SEQUENTIAL variable records (run_file.at:13203): ok     (0m0.015s 0m0.106s)
947. EXTFH: File SORT, LINE SEQUENTIAL variable records (run_file.at:13267): ok     (0m0.030s 0m0.075s)
949. SORT nonexistent file (run_file.at:13425): ok     (0m0.000s 0m0.030s)
948. File MERGE, LINE SEQUENTIAL variable records (run_file.at:13334): ok     (0m0.030s 0m0.046s)
950. SORT with INPUT/OUTPUT PROCEDUREs (run_file.at:13460): ok     (0m0.015s 0m0.015s)
951. SORT with key1 ASCENDING, key2 DESCENDING (run_file.at:13550): ok     (0m0.000s 0m0.046s)
954. Report Line Order (run_reportwriter.at:23): ok     (0m0.031s 0m0.091s)
952. Scope of FD GLOBAL in nested programs (run_file.at:13617): ok     (0m0.046s 0m0.151s)
955. REPORT COL PLUS (run_reportwriter.at:120): ok     (0m0.015s 0m0.060s)
953. OPEN / CLOSE with multiple filenames (run_file.at:13774): ok     (0m0.030s 0m0.121s)
956. Report Overlapping Fields (run_reportwriter.at:189): ok     (0m0.015s 0m0.107s)
957. EMPTY REPORT (run_reportwriter.at:258): ok     (0m0.030s 0m0.031s)
958. PAGE LIMIT REPORT (run_reportwriter.at:327): ok     (0m0.000s 0m0.061s)
959. PAGE LIMIT REPORT 2 (run_reportwriter.at:388): ok     (0m0.000s 0m0.076s)
960. Sample Customer Report (run_reportwriter.at:460): ok     (0m0.045s 0m0.061s)
961. Sample Charge Report (run_reportwriter.at:775): ok     (0m0.031s 0m0.060s)
962. Sample Charge Report 2 (run_reportwriter.at:1128): ok     (0m0.030s 0m0.060s)
963. Sample Charge Report 3 (run_reportwriter.at:1498): ok     (0m0.077s 0m0.060s)
964. Sample Charge Report 4 (run_reportwriter.at:1798): ok     (0m0.000s 0m0.107s)
965. Sample Payroll Report (run_reportwriter.at:2214): ok     (0m0.015s 0m0.106s)
967. STUDENT REPORT with INITIAL (run_reportwriter.at:3063): ok     (0m0.030s 0m0.046s)
966. Sample REPORT with RIGHT/CENTER (run_reportwriter.at:2895): ok     (0m0.030s 0m0.260s)
968. ORDER REPORT; Test substring (run_reportwriter.at:3215): ok     (0m0.000s 0m0.091s)
969. Sample Control Break (run_reportwriter.at:3563): ok     (0m0.000s 0m0.136s)
970. Sample Inventory Report (run_reportwriter.at:3792): ok     (0m0.138s 0m0.107s)
971. Duplicate Detail Line (run_reportwriter.at:3985): ok     (0m0.000s 0m0.061s)
972. Report with OCCURS (run_reportwriter.at:4113): ok     (0m0.031s 0m0.045s)
974. Test Report dump DECLARATIVES (run_reportwriter.at:4435): ok     (0m0.015s 0m0.091s)
975. Duplicate INITIATE (run_reportwriter.at:4580): ok     (0m0.015s 0m0.121s)
973. Report CODE and LIMIT COLUMNS (run_reportwriter.at:4217): ok     (0m0.030s 0m0.199s)
976. Missing INITIATE and GENERATE (run_reportwriter.at:4646): ok     (0m0.015s 0m0.091s)
977. Missing INITIATE and TERMINATE (run_reportwriter.at:4706): ok     (0m0.015s 0m0.077s)
978. Next Group Next Page (run_reportwriter.at:4760): ok     (0m0.015s 0m0.076s)
979. Report PRESENT AFTER (run_reportwriter.at:9083): ok     (0m0.000s 0m0.122s)
982. RETURN-CODE moving (run_returncode.at:23): ok     (0m0.000s 0m0.015s)
981. BEFORE REPORTING (run_reportwriter.at:9519): ok     (0m0.000s 0m0.076s)
984. RETURN-CODE nested (run_returncode.at:101): ok     (0m0.000s 0m0.000s)
986. FUNCTION ACOS (run_functions.at:46): ok     (0m0.030s 0m0.030s)
983. RETURN-CODE passing (run_returncode.at:49): ok     (0m0.045s 0m0.015s)
985. FUNCTION ABS (run_functions.at:24): ok     (0m0.045s 0m0.030s)
987. FUNCTION ANNUITY (run_functions.at:80): ok     (0m0.015s 0m0.015s)
988. FUNCTION ASIN (run_functions.at:102): ok     (0m0.015s 0m0.030s)
989. FUNCTION ATAN (run_functions.at:141): ok     (0m0.000s 0m0.015s)
990. FUNCTION BYTE-LENGTH (run_functions.at:165): ok     (0m0.015s 0m0.076s)
991. FUNCTION CHAR (run_functions.at:221): ok     (0m0.015s 0m0.015s)
992. FUNCTION COMBINED-DATETIME (run_functions.at:259): ok     (0m0.000s 0m0.000s)
993. FUNCTION CONCAT / CONCATENATE (run_functions.at:284): ok     (0m0.000s 0m0.015s)
994. FUNCTION CONCATENATE with reference modding (run_functions.at:331): ok     (0m0.000s 0m0.030s)
995. FUNCTION BIT-OF and BIT-TO-CHAR (run_functions.at:359): ok     (0m0.015s 0m0.030s)
996. FUNCTION HEX-OF and HEX-TO-CHAR (run_functions.at:416): ok     (0m0.000s 0m0.030s)
997. FUNCTION CONTENT-LENGTH (run_functions.at:547): ok     (0m0.015s 0m0.015s)
998. FUNCTION CONTENT-OF (run_functions.at:581): ok     (0m0.000s 0m0.015s)
999. FUNCTION as CALL parameter BY CONTENT (run_functions.at:656): ok     (0m0.015s 0m0.045s)
1000. FUNCTION COS (run_functions.at:692): ok     (0m0.000s 0m0.031s)
1002. FUNCTION CURRENT-DATE (run_functions.at:739): ok     (0m0.000s 0m0.015s)
1001. FUNCTION CURRENCY-SYMBOL (run_functions.at:716): ok     (0m0.000s 0m0.060s)
1003. FUNCTION DATE-OF-INTEGER (run_functions.at:810): ok     (0m0.030s 0m0.000s)
1004. FUNCTION DATE-TO-YYYYMMDD (run_functions.at:835): ok     (0m0.000s 0m0.015s)
1005. FUNCTION DAY-OF-INTEGER (run_functions.at:860): ok     (0m0.030s 0m0.030s)
1006. FUNCTION DAY-TO-YYYYDDD (run_functions.at:885): ok     (0m0.000s 0m0.046s)
1007. FUNCTION E (run_functions.at:910): ok     (0m0.000s 0m0.030s)
1008. FUNCTION EXCEPTION-FILE (run_functions.at:934): ok     (0m0.000s 0m0.076s)
1010. FUNCTION EXCEPTION-STATEMENT (run_functions.at:1057): ok     (0m0.030s 0m0.061s)
1011. FUNCTION EXCEPTION-STATUS (run_functions.at:1092): ok     (0m0.030s 0m0.060s)
1012. FUNCTION EXP (run_functions.at:1127): ok     (0m0.015s 0m0.046s)
1009. FUNCTION EXCEPTION-LOCATION (run_functions.at:969): ok     (0m0.060s 0m0.106s)
1013. FUNCTION EXP10 (run_functions.at:1151): ok     (0m0.015s 0m0.030s)
1014. FUNCTION FACTORIAL (run_functions.at:1176): ok     (0m0.030s 0m0.000s)
1015. FUNCTION FORMATTED-CURRENT-DATE (run_functions.at:1201): ok     (0m0.000s 0m0.030s)
1016. FUNCTION FORMATTED-DATE (run_functions.at:1229): ok     (0m0.000s 0m0.015s)
1017. FUNCTION FORMATTED-DATE with ref modding (run_functions.at:1292): ok     (0m0.000s 0m0.030s)
1018. FUNCTION FORMATTED-DATETIME (run_functions.at:1317): ok     (0m0.000s 0m0.015s)
1019. FUNCTION FORMATTED-DATETIME with ref modding (run_functions.at:1374): ok     (0m0.000s 0m0.076s)
1020. FUNCTION FORMATTED-TIME (run_functions.at:1400): ok     (0m0.000s 0m0.030s)
1021. FUNCTION FORMATTED-TIME DP.COMMA (run_functions.at:1487): ok     (0m0.015s 0m0.030s)
1022. FUNCTION FORMATTED-TIME with ref modding (run_functions.at:1518): ok     (0m0.000s 0m0.015s)
1023. FUNCTION FRACTION-PART (run_functions.at:1543): ok     (0m0.015s 0m0.030s)
1024. FUNCTION HIGHEST-ALGEBRAIC (run_functions.at:1574): ok     (0m0.000s 0m0.030s)
1025. FUNCTION INTEGER (run_functions.at:1642): ok     (0m0.000s 0m0.015s)
1026. FUNCTION INTEGER-OF-DATE (run_functions.at:1675): ok     (0m0.015s 0m0.030s)
1027. FUNCTION INTEGER-OF-DAY (run_functions.at:1700): ok     (0m0.000s 0m0.045s)
1028. FUNCTION INTEGER-OF-FORMATTED-DATE (run_functions.at:1725): ok     (0m0.000s 0m0.030s)
1029. FUNCTION INTEGER-PART (run_functions.at:1775): ok     (0m0.000s 0m0.030s)
1030. FUNCTION LENGTH (run_functions.at:1801): ok     (0m0.030s 0m0.015s)
1031. FUNCTION LOCALE-COMPARE (run_functions.at:1883): ok     (0m0.030s 0m0.000s)
1032. FUNCTION LOCALE-DATE (run_functions.at:1913): ok     (0m0.030s 0m0.061s)
1033. FUNCTION LOCALE-TIME (run_functions.at:1939): ok     (0m0.030s 0m0.045s)
1034. FUNCTION LOCALE-TIME-FROM-SECONDS (run_functions.at:1965): ok     (0m0.015s 0m0.077s)
1035. FUNCTION LOG (run_functions.at:1991): ok     (0m0.015s 0m0.015s)
1036. FUNCTION LOG10 (run_functions.at:2015): ok     (0m0.015s 0m0.030s)
1037. FUNCTION LOWER-CASE (run_functions.at:2039): ok     (0m0.015s 0m0.015s)
1038. FUNCTION LOWER-CASE with reference modding (run_functions.at:2067): ok     (0m0.000s 0m0.030s)
1039. FUNCTION LOWEST-ALGEBRAIC (run_functions.at:2093): ok     (0m0.000s 0m0.015s)
1040. FUNCTION MAX (run_functions.at:2146): ok     (0m0.015s 0m0.076s)
1041. FUNCTION MEAN (run_functions.at:2168): ok     (0m0.030s 0m0.046s)
1042. FUNCTION MEDIAN (run_functions.at:2190): ok     (0m0.045s 0m0.015s)
1043. FUNCTION MIDRANGE (run_functions.at:2212): ok     (0m0.031s 0m0.046s)
1044. FUNCTION MIN (run_functions.at:2234): ok     (0m0.030s 0m0.060s)
1045. FUNCTION MOD (valid) (run_functions.at:2256): ok     (0m0.030s 0m0.015s)
1046. FUNCTION MOD (invalid) (run_functions.at:2286): ok     (0m0.015s 0m0.015s)
1048. FUNCTION MODULE-DATE (run_functions.at:2351): ok     (0m0.000s 0m0.060s)
1049. FUNCTION MODULE-FORMATTED-DATE (run_functions.at:2376): ok     (0m0.015s 0m0.046s)
1047. FUNCTION MODULE-CALLER-ID (run_functions.at:2317): ok     (0m0.015s 0m0.092s)
1050. FUNCTION MODULE-ID (run_functions.at:2401): ok     (0m0.030s 0m0.030s)
1053. FUNCTION MODULE-TIME (run_functions.at:2468): ok     (0m0.031s 0m0.061s)
1051. FUNCTION MODULE-PATH (run_functions.at:2422): ok     (0m0.015s 0m0.046s)
1052. FUNCTION MODULE-SOURCE (run_functions.at:2447): ok     (0m0.015s 0m0.045s)
1054. FUNCTION MONETARY-DECIMAL-POINT (run_functions.at:2493): ok     (0m0.046s 0m0.030s)
1055. FUNCTION MONETARY-THOUSANDS-SEPARATOR (run_functions.at:2516): ok     (0m0.015s 0m0.076s)
1058. FUNCTION NUMVAL (run_functions.at:2585): ok     (0m0.015s 0m0.015s)
1056. FUNCTION NUMERIC-DECIMAL-POINT (run_functions.at:2539): ok     (0m0.015s 0m0.076s)
1057. FUNCTION NUMERIC-THOUSANDS-SEPARATOR (run_functions.at:2562): ok     (0m0.015s 0m0.060s)
1059. FUNCTION NUMVAL-C (run_functions.at:2658): ok     (0m0.015s 0m0.015s)
1060. FUNCTION NUMVAL-C DP.COMMA (run_functions.at:2719): ok     (0m0.000s 0m0.030s)
1061. FUNCTION NUMVAL-F (run_functions.at:2747): ok     (0m0.000s 0m0.045s)
1062. FUNCTION ORD (run_functions.at:2782): ok     (0m0.000s 0m0.061s)
1063. FUNCTION ORD-MAX (run_functions.at:2803): ok     (0m0.045s 0m0.045s)
1064. FUNCTION ORD-MIN (run_functions.at:2824): ok     (0m0.015s 0m0.077s)
1065. FUNCTION PI (run_functions.at:2845): ok     (0m0.015s 0m0.000s)
1066. FUNCTION PRESENT-VALUE (run_functions.at:2867): ok     (0m0.015s 0m0.060s)
1067. FUNCTION RANDOM (run_functions.at:2888): ok     (0m0.000s 0m0.015s)
1068. FUNCTION RANGE (run_functions.at:2910): ok     (0m0.015s 0m0.030s)
1069. FUNCTION REM (valid) (run_functions.at:2932): ok     (0m0.000s 0m0.015s)
1070. FUNCTION REM (invalid) (run_functions.at:2954): ok     (0m0.000s 0m0.061s)
1071. FUNCTION REVERSE (run_functions.at:2981): ok     (0m0.030s 0m0.030s)
1072. FUNCTION REVERSE with reference modding (run_functions.at:3004): ok     (0m0.000s 0m0.015s)
1073. FUNCTION SECONDS-FROM-FORMATTED-TIME (run_functions.at:3027): ok     (0m0.015s 0m0.030s)
1074. FUNCTION SECONDS-PAST-MIDNIGHT (run_functions.at:3082): ok     (0m0.015s 0m0.015s)
1075. FUNCTION SIGN (run_functions.at:3104): ok     (0m0.015s 0m0.015s)
1076. FUNCTION SIN (run_functions.at:3148): ok     (0m0.000s 0m0.061s)
1077. FUNCTION SQRT (run_functions.at:3170): ok     (0m0.000s 0m0.015s)
1078. FUNCTION STANDARD-DEVIATION (run_functions.at:3192): ok     (0m0.000s 0m0.030s)
1079. FUNCTION STORED-CHAR-LENGTH (run_functions.at:3214): ok     (0m0.000s 0m0.030s)
1080. FUNCTION SUBSTITUTE (run_functions.at:3238): ok     (0m0.046s 0m0.030s)
1081. FUNCTION SUBSTITUTE with reference modding (run_functions.at:3265): ok     (0m0.015s 0m0.030s)
1082. FUNCTION SUBSTITUTE-CASE (run_functions.at:3291): ok     (0m0.015s 0m0.030s)
1083. FUNCTION SUBSTITUTE-CASE with reference mod (run_functions.at:3316): ok     (0m0.000s 0m0.046s)
1084. FUNCTION SUM (run_functions.at:3342): ok     (0m0.000s 0m0.015s)
1085. FUNCTION TAN (run_functions.at:3364): ok     (0m0.015s 0m0.015s)
1086. FUNCTION TEST-DATE-YYYYMMDD (run_functions.at:3386): ok     (0m0.015s 0m0.031s)
1087. FUNCTION TEST-DAY-YYYYDDD (run_functions.at:3408): ok     (0m0.000s 0m0.076s)
1088. FUNCTION TEST-FORMATTED-DATETIME with dates (run_functions.at:3430): ok     (0m0.000s 0m0.030s)
1089. FUNCTION TEST-FORMATTED-DATETIME with times (run_functions.at:3531): ok     (0m0.000s 0m0.030s)
1090. FUNCTION TEST-FORMATTED-DATETIME with datetimes (run_functions.at:3612): ok     (0m0.000s 0m0.045s)
1091. FUNCTION TEST-FORMATTED-DATETIME DP.COMMA (run_functions.at:3665): ok     (0m0.015s 0m0.000s)
1092. FUNCTION TEST-NUMVAL (run_functions.at:3706): ok     (0m0.000s 0m0.030s)
1093. FUNCTION TEST-NUMVAL-C (run_functions.at:3857): ok     (0m0.000s 0m0.000s)
1094. FUNCTION TEST-NUMVAL-F (run_functions.at:3957): ok     (0m0.015s 0m0.000s)
1095. FUNCTION TRIM (run_functions.at:4057): ok     (0m0.000s 0m0.075s)
1096. FUNCTION TRIM with reference modding (run_functions.at:4083): ok     (0m0.000s 0m0.076s)
1097. FUNCTION TRIM zero length (run_functions.at:4109): ok     (0m0.000s 0m0.091s)
1098. FUNCTION UPPER-CASE (run_functions.at:4136): ok     (0m0.000s 0m0.030s)
1099. FUNCTION UPPER-CASE with reference modding (run_functions.at:4161): ok     (0m0.015s 0m0.045s)
1100. FUNCTION VARIANCE (run_functions.at:4186): ok     (0m0.015s 0m0.015s)
1101. FUNCTION WHEN-COMPILED (run_functions.at:4216): ok     (0m0.000s 0m0.045s)
1102. FUNCTION YEAR-TO-YYYY (run_functions.at:4270): ok     (0m0.000s 0m0.030s)
1103. Formatted funcs w/ invalid variable format (run_functions.at:4294): ok     (0m0.030s 0m0.061s)
1104. FORMATTED-(DATE)TIME with SYSTEM-OFFSET (run_functions.at:4375): ok     (0m0.015s 0m0.000s)
1105. Intrinsics without FUNCTION keyword (1) (run_functions.at:4413): ok     (0m0.046s 0m0.015s)
1106. Intrinsics without FUNCTION keyword (2) (run_functions.at:4434): ok     (0m0.000s 0m0.061s)
1110. UDF with recursion (run_functions.at:4594): skipped (run_functions.at:4597)
1107. User-Defined FUNCTION with/without parameter (run_functions.at:4457): ok     (0m0.031s 0m0.015s)
1108. UDF in COMPUTE (run_functions.at:4508): ok     (0m0.015s 0m0.076s)
1109. UDF replacing intrinsic function (run_functions.at:4551): ok     (0m0.000s 0m0.076s)
1112. Numeric Boolean literals (run_extensions.at:72): ok     (0m0.046s 0m0.061s)
1113. ACUCOBOL literals (run_extensions.at:101): ok     (0m0.000s 0m0.061s)
1111. CALL BY CONTENT binary and literal (run_extensions.at:25): ok     (0m0.030s 0m0.060s)
1117. ADDRESS OF (run_extensions.at:237): ok     (0m0.045s 0m0.000s)
1115. Hexadecimal numeric literals (run_extensions.at:188): ok     (0m0.030s 0m0.060s)
1116. Semi-parenthesized condition (run_extensions.at:217): ok     (0m0.015s 0m0.060s)
1118. LENGTH OF (run_extensions.at:287): ok     (0m0.045s 0m0.030s)
1119. SET TO SIZE OF (run_extensions.at:451): ok     (0m0.015s 0m0.030s)
1120. WHEN-COMPILED (run_extensions.at:488): ok     (0m0.000s 0m0.015s)
1121. Complex OCCURS DEPENDING ON (1) (run_extensions.at:517): ok     (0m0.000s 0m0.091s)
1122. Complex OCCURS DEPENDING ON (2) (run_extensions.at:546): ok     (0m0.046s 0m0.030s)
1123. Complex OCCURS DEPENDING ON (3) (run_extensions.at:609): ok     (0m0.015s 0m0.061s)
1125. Complex OCCURS DEPENDING ON (5) (run_extensions.at:739): ok     (0m0.030s 0m0.060s)
1124. Complex OCCURS DEPENDING ON (4) (run_extensions.at:673): ok     (0m0.015s 0m0.046s)
1126. Complex OCCURS DEPENDING ON (6) (run_extensions.at:805): ok     (0m0.000s 0m0.015s)
1127. OCCURS UNBOUNDED (1) (run_extensions.at:846): ok     (0m0.015s 0m0.015s)
1128. OCCURS UNBOUNDED (2) (run_extensions.at:908): ok     (0m0.000s 0m0.061s)
1129. INITIALIZE OCCURS UNBOUNDED (run_extensions.at:1048): ok     (0m0.015s 0m0.061s)
1130. INITIALIZE OCCURS ODOSLIDE (run_extensions.at:1151): ok     (0m0.015s 0m0.075s)
1132. DEPENDING ON with ODOSLIDE for IBM (run_extensions.at:1463): ok     (0m0.000s 0m0.091s)
1133. INITIALIZE level 01 OCCURS (run_extensions.at:1568): ok     (0m0.015s 0m0.000s)
1131. DEPENDING ON with ODOSLIDE (run_extensions.at:1248): ok     (0m0.030s 0m0.107s)
1134. MOVE of non-integer to alphanumeric (run_extensions.at:1625): ok     (0m0.030s 0m0.091s)
1135. CALL USING file-name (run_extensions.at:1715): ok     (0m0.000s 0m0.045s)
1137. CALL / GOBACK with LOCAL-STORAGE (run_extensions.at:1826): ok     (0m0.015s 0m0.091s)
1138. CALL BY VALUE alphanumeric item (run_extensions.at:1877): ok     (0m0.015s 0m0.046s)
1139. CALL BY VALUE numeric literal with SIZE IS (run_extensions.at:1914): ok     (0m0.030s 0m0.031s)
1141. Case-sensitive PROGRAM-ID (run_extensions.at:2101): ok     (0m0.015s 0m0.015s)
1136. CALL unusual PROGRAM-ID. (run_extensions.at:1761): ok     (0m0.090s 0m0.121s)
1140. CALL BY VALUE to C (run_extensions.at:2019): ok     (0m0.015s 0m0.107s)
1142. Quoted PROGRAM-ID (run_extensions.at:2126): ok     (0m0.000s 0m0.046s)
1143. PROGRAM-ID AS clause (run_extensions.at:2149): ok     (0m0.030s 0m0.015s)
1146. Redefining TALLY (run_extensions.at:2285): ok     (0m0.015s 0m0.046s)
1145. TALLY register (run_extensions.at:2253): ok     (0m0.045s 0m0.076s)
1147. PROCEDURE DIVISION USING BY ... (run_extensions.at:2321): ok     (0m0.000s 0m0.091s)
1144. NUMBER-OF-CALL-PARAMETERS (run_extensions.at:2172): ok     (0m0.045s 0m0.290s)
1150. GOBACK/EXIT PROGRAM RETURNING/GIVING (run_extensions.at:2553): ok     (0m0.015s 0m0.060s)
1152. ASSIGN to KEYBOARD/DISPLAY (run_extensions.at:2654): ok     (0m0.015s 0m0.106s)
1149. STOP RUN RETURNING/GIVING (run_extensions.at:2497): ok     (0m0.015s 0m0.120s)
1151. ENTRY (run_extensions.at:2603): ok     (0m0.091s 0m0.152s)
1154. Environment/Argument variable (run_extensions.at:2774): ok     (0m0.000s 0m0.061s)
1155. 78 Level (1) (run_extensions.at:2820): ok     (0m0.000s 0m0.045s)
1148. PROCEDURE DIVISION CHAINING (run_extensions.at:2374): ok     (0m0.151s 0m0.274s)
1156. 78 Level (2) (run_extensions.at:2843): ok     (0m0.000s 0m0.061s)
1157. 78 Level (3) (run_extensions.at:2869): ok     (0m0.015s 0m0.076s)
1159. Larger REDEFINES lengths (run_extensions.at:3006): ok     (0m0.000s 0m0.015s)
1158. SWITCHES with non-standard names (run_extensions.at:2893): ok     (0m0.015s 0m0.076s)
1160. REDEFINES: non-referenced ambiguous item (run_extensions.at:3071): ok     (0m0.015s 0m0.015s)
1161. Obsolete 2002 keywords with COBOL2014 (run_extensions.at:3097): ok     (0m0.015s 0m0.106s)
1162. System routine with wrong number of parameters (run_extensions.at:3127): ok     (0m0.046s 0m0.091s)
1164. System routine C$PARAMSIZE (run_extensions.at:3247): ok     (0m0.015s 0m0.045s)
1163. System routine C$NARG (run_extensions.at:3170): ok     (0m0.000s 0m0.167s)
1166. System routine C$JUSTIFY (run_extensions.at:3335): ok     (0m0.015s 0m0.030s)
1165. System routine C$CALLEDBY (run_extensions.at:3289): ok     (0m0.015s 0m0.091s)
1167. System routine C$PRINTABLE (run_extensions.at:3360): ok     (0m0.015s 0m0.046s)
1169. System routine C$GETPID (run_extensions.at:3410): ok     (0m0.000s 0m0.015s)
1168. System routine C$MAKEDIR (run_extensions.at:3389): ok     (0m0.000s 0m0.045s)
1170. System routine C$TOUPPER (run_extensions.at:3435): ok     (0m0.000s 0m0.015s)
1171. System routine C$TOLOWER (run_extensions.at:3460): ok     (0m0.000s 0m0.030s)
1172. System routine CBL_OR (run_extensions.at:3485): ok     (0m0.000s 0m0.015s)
1173. System routine CBL_NOR (run_extensions.at:3512): ok     (0m0.015s 0m0.030s)
1174. System routine CBL_AND (run_extensions.at:3539): ok     (0m0.000s 0m0.076s)
1175. System routine CBL_XOR (run_extensions.at:3566): ok     (0m0.015s 0m0.000s)
1176. System routine CBL_IMP (run_extensions.at:3593): ok     (0m0.015s 0m0.030s)
1177. System routine CBL_NIMP (run_extensions.at:3620): ok     (0m0.000s 0m0.046s)
1178. System routine CBL_NOT (run_extensions.at:3647): ok     (0m0.000s 0m0.000s)
1179. System routine CBL_EQ (run_extensions.at:3673): ok     (0m0.015s 0m0.015s)
1181. System routine CBL_GC_FORK (run_extensions.at:4137): skipped (run_extensions.at:4194)
1182. System routine CBL_GC_WAITPID (run_extensions.at:4205): skipped (run_extensions.at:4249)
1185. System routine CBL_EXIT_PROC (run_extensions.at:4498): ok     (0m0.030s 0m0.045s)
1183. System routine CBL_GC_HOSTED (run_extensions.at:4257): ok     (0m0.046s 0m0.090s)
1184. System routine SYSTEM, parameter handling (run_extensions.at:4387): ok     (0m0.000s 0m0.060s)
1188. System routine x'91' function NN (run_extensions.at:4788): skipped (run_extensions.at:4792)
1187. System routine CBL_ERROR_PROC (2) (run_extensions.at:4707): ok     (0m0.000s 0m0.076s)
1180. System routine CBL_GC_GETOPT (run_extensions.at:3700): ok     (0m0.000s 0m0.120s)
1186. System routine CBL_ERROR_PROC (1) (run_extensions.at:4608): ok     (0m0.045s 0m0.152s)
1190. DISPLAY DIRECTIVE and $DISPLAY (run_extensions.at:4869): ok     (0m0.000s 0m0.061s)
1191. Conditional / define directives (1) (run_extensions.at:4902): ok     (0m0.000s 0m0.107s)
1192. Conditional / define directives (2) (run_extensions.at:4927): ok     (0m0.015s 0m0.045s)
1193. Conditional / define directives (3) (run_extensions.at:4952): ok     (0m0.000s 0m0.061s)
1194. Conditional / define directives (4) (run_extensions.at:4980): ok     (0m0.000s 0m0.030s)
1189. CALL own PROGRAM-ID and RECURSIVE attribute (run_extensions.at:4804): ok     (0m0.045s 0m0.150s)
1195. Invalid source format (run_extensions.at:5006): ok     (0m0.030s 0m0.060s)
1197. COBOLX format (run_extensions.at:5074): ok     (0m0.000s 0m0.060s)
1196. Variable format (run_extensions.at:5035): ok     (0m0.015s 0m0.136s)
1198. X/Open free-form format (run_extensions.at:5113): ok     (0m0.092s 0m0.182s)
1201. Binary COMP-1 (1) (run_extensions.at:5296): ok     (0m0.030s 0m0.139s)
1199. TERMINAL format (run_extensions.at:5162): ok     (0m0.106s 0m0.211s)
1203. EXHIBIT statement (run_extensions.at:5363): ok     (0m0.015s 0m0.045s)
1204. Bit Operations (run_extensions.at:5393): ok     (0m0.000s 0m0.061s)
1202. Binary COMP-1 (2) (run_extensions.at:5327): ok     (0m0.000s 0m0.091s)
1200. MF FREE format (X/Open) (run_extensions.at:5246): ok     (0m0.060s 0m0.214s)
1205. Bit Shift Operations (run_extensions.at:5496): ok     (0m0.000s 0m0.045s)
1206. GCOS floating-point usages (run_extensions.at:5571): ok     (0m0.000s 0m0.060s)
1207. PICTURE L (basic) (run_extensions.at:5610): ok     (0m0.000s 0m0.030s)
1209. PICTURE L (MOVE CORRESPONDING) (run_extensions.at:5795): ok     (0m0.015s 0m0.030s)
1210. PICTURE L (OCCURS ... PIC L) (run_extensions.at:5873): ok     (0m0.015s 0m0.045s)
1212. INSPECT TRAILING (run_extensions.at:6030): ok     (0m0.015s 0m0.015s)
1208. PICTURE L (under/over shoot) (run_extensions.at:5740): ok     (0m0.045s 0m0.197s)
1213. INSPECT REPLACING TRAILING ZEROS BY SPACES (run_extensions.at:6100): ok     (0m0.000s 0m0.030s)
1211. PICTURE L (REDEFINES) (run_extensions.at:5942): ok     (0m0.000s 0m0.015s)
1214. INSPECT REPLACING complex (run_extensions.at:6122): ok     (0m0.015s 0m0.030s)
1215. EXAMINE TALLYING (run_extensions.at:6159): ok     (0m0.015s 0m0.030s)
1216. EXAMINE REPLACING (run_extensions.at:6216): ok     (0m0.015s 0m0.015s)
1217. GCOS literals with EBCDIC symbols (run) (run_extensions.at:6252): ok     (0m0.046s 0m0.015s)
1219. XML GENERATE SUPPRESS (run_ml.at:127): ok     (0m0.045s 0m0.000s)
1218. XML GENERATE general (run_ml.at:19): ok     (0m0.030s 0m0.030s)
1220. XML GENERATE exceptions (run_ml.at:204): ok     (0m0.031s 0m0.015s)
1221. XML GENERATE record selection (run_ml.at:316): ok     (0m0.000s 0m0.030s)
1222. XML GENERATE trimming (run_ml.at:360): ok     (0m0.000s 0m0.015s)
1223. XML DPC-IN-DATA directive (run_ml.at:457): ok     (0m0.015s 0m0.000s)
1225. JSON GENERATE general (run_ml.at:532): ok     (0m0.015s 0m0.030s)
1226. JSON GENERATE SUPPRESS (run_ml.at:589): ok     (0m0.015s 0m0.015s)
1227. JSON GENERATE exceptions (run_ml.at:628): ok     (0m0.000s 0m0.061s)
1228. JSON GENERATE record selection (run_ml.at:693): ok     (0m0.015s 0m0.000s)
1229. JSON GENERATE trimming (run_ml.at:737): ok     (0m0.015s 0m0.030s)
1230. JSON DPC-IN-DATA directive (run_ml.at:837): ok     (0m0.031s 0m0.030s)
1224. XML dpc-in-data config option (run_ml.at:488): ok     (0m0.077s 0m0.229s)
1231. JSON dpc-in-data config option (run_ml.at:868): ok     (0m0.106s 0m0.182s)
1233. BINARY: 2-4-8 native (data_binary.at:205): ok     (0m0.030s 0m0.182s)
1234. BINARY: 1-2-4-8 big-endian (data_binary.at:393): ok     (0m0.015s 0m0.167s)
1232. BINARY: 2-4-8 big-endian (data_binary.at:23): ok     (0m0.030s 0m0.138s)
1238. BINARY: full-print (data_binary.at:1133): ok     (0m0.015s 0m0.061s)
1235. BINARY: 1-2-4-8 native (data_binary.at:575): ok     (0m0.076s 0m0.198s)
1239. BINARY: 64bit unsigned compare (data_binary.at:1185): ok     (0m0.030s 0m0.045s)
1236. BINARY: 1--8 big-endian (data_binary.at:763): ok     (0m0.045s 0m0.121s)
1237. BINARY: 1--8 native (data_binary.at:945): ok     (0m0.045s 0m0.166s)
1240. BINARY: 64bit unsigned arithmetic notrunc (data_binary.at:1215): ok     (0m0.000s 0m0.092s)
1241. BINARY: 64bit signed negative constant range (data_binary.at:1242): ok     (0m0.000s 0m0.060s)
1243. COMP-4 No Truncate (data_binary.at:1323): ok     (0m0.031s 0m0.046s)
1242. COMP-4 Truncate (data_binary.at:1262): ok     (0m0.030s 0m0.046s)
1244. MOVE DISPLAY to BINARY (data_binary.at:1409): ok     (0m0.000s 0m0.030s)
1245. MOVE PACKED-DECIMAL to BINARY (data_binary.at:1595): ok     (0m0.000s 0m0.000s)
1246. MOVE BINARY to PACKED-DECIMAL (data_binary.at:1781): ok     (0m0.015s 0m0.015s)
1247. MOVE BINARY to BINARY (data_binary.at:1961): ok     (0m0.015s 0m0.015s)
1248. PPP COMP-5 (data_binary.at:2143): ok     (0m0.015s 0m0.046s)
1249. arithmetic truncation with USAGE BINARY (data_binary.at:2217): ok     (0m0.000s 0m0.030s)
1250. DISPLAY: Sign ASCII (data_display.at:22): ok     (0m0.015s 0m0.045s)
1251. DISPLAY: Sign ASCII (2) (data_display.at:81): ok     (0m0.000s 0m0.045s)
1252. DISPLAY: Sign EBCDIC (data_display.at:127): ok     (0m0.031s 0m0.076s)
1253. DISPLAY: unsigned (data_display.at:172): ok     (0m0.030s 0m0.076s)
1255. PPP DISPLAY (data_display.at:408): ok     (0m0.000s 0m0.092s)
1254. MOVE DISPLAY to DISPLAY (data_display.at:226): ok     (0m0.015s 0m0.046s)
1256. arithmetic truncation with USAGE DISPLAY (data_display.at:480): ok     (0m0.015s 0m0.015s)
1260. PACKED-DECIMAL used with DISPLAY (data_packed.at:163): ok     (0m0.046s 0m0.046s)
1259. PACKED-DECIMAL dump (data_packed.at:27): ok     (0m0.015s 0m0.076s)
1261. PACKED-DECIMAL used with MOVE (data_packed.at:221): ok     (0m0.046s 0m0.061s)
1262. MOVE PACKED-DECIMAL to PACKED-DECIMAL (data_packed.at:459): ok     (0m0.000s 0m0.045s)
1263. MOVE PACKED-DECIMAL to DISPLAY (data_packed.at:639): ok     (0m0.000s 0m0.030s)
1264. MOVE DISPLAY to PACKED-DECIMAL (data_packed.at:825): ok     (0m0.000s 0m0.030s)
1265. PACKED-DECIMAL used with INITIALIZE (data_packed.at:1026): ok     (0m0.015s 0m0.046s)
1266. PACKED-DECIMAL arithmetic (data_packed.at:1063): ok     (0m0.000s 0m0.015s)
1268. PACKED-DECIMAL numeric test (1) (data_packed.at:1269): ok     (0m0.000s 0m0.030s)
1267. PACKED-DECIMAL comparison (data_packed.at:1187): ok     (0m0.015s 0m0.045s)
1258. DISPLAY: ADD and SUBTRACT, all ROUNDED MODEs (data_display.at:16940): ok     (0m0.031s 0m0.045s)
1269. PACKED-DECIMAL numeric test (2) (data_packed.at:1333): ok     (0m0.015s 0m0.030s)
1270. COMP-6 used with DISPLAY (data_packed.at:1399): ok     (0m0.015s 0m0.076s)
1272. COMP-6 arithmetic (data_packed.at:1474): ok     (0m0.015s 0m0.030s)
1273. COMP-6 numeric (data_packed.at:1563): ok     (0m0.015s 0m0.030s)
1271. COMP-6 used with MOVE (data_packed.at:1432): ok     (0m0.015s 0m0.075s)
1276. PPP COMP-3 (data_packed.at:1971): ok     (0m0.000s 0m0.060s)
1274. COMP-6 comparison (data_packed.at:1609): ok     (0m0.000s 0m0.045s)
1275. COMP-3 vs. COMP-6 - BCD comparison (data_packed.at:1671): ok     (0m0.046s 0m0.045s)
1277. PPP COMP-6 (data_packed.at:2083): ok     (0m0.046s 0m0.076s)
1278. arithmetic truncation with USAGE PACKED-DECIMAL (data_packed.at:2174): ok     (0m0.000s 0m0.046s)
1257. DISPLAY: ADD and SUBTRACT w/o SIZE ERROR (data_display.at:533): ok     (0m0.015s 0m0.045s)
1282. POINTER: display (data_pointer.at:21): ok     (0m0.015s 0m0.046s)
1279. MOVE between several BCD fields (data_packed.at:2236): ok     (0m0.030s 0m0.030s)
1281. BCD ADD and SUBTRACT, all ROUNDED MODEs (data_packed.at:28746): ok     (0m0.000s 0m0.076s)
1280. BCD ADD and SUBTRACT w/o SIZE ERROR (data_packed.at:12326): ok     (0m0.000s 0m0.090s)
testsuite: ending at: Fri Jul 28 16:12:09 CDT 2023
testsuite: test suite duration: 0h 3m 42s

## ------------- ##
## Test results. ##
## ------------- ##

ERROR: 1268 tests were run,
34 failed (31 expected failures).
14 tests were skipped.

## ------------------------ ##
## Summary of the failures. ##
## ------------------------ ##
Failed tests:
GnuCOBOL 3.2 test suite: GnuCOBOL Tests test groups:

 NUM: FILE-NAME:LINE     TEST-GROUP-NAME
      KEYWORDS

   8: used_binaries.at:374 temporary path invalid
      cobc runmisc
 808: run_misc.at:10199  stack and dump feature
      stacktrace configuration cob_stacktrace cob_dump_file call
 809: run_misc.at:11016  dump feature with NULL address
      stack stacktrace

Skipped tests:
GnuCOBOL 3.2 test suite: GnuCOBOL Tests test groups:

 NUM: FILE-NAME:LINE     TEST-GROUP-NAME
      KEYWORDS

 470: syn_literals.at:1379 ACUCOBOL 32bit literal size
      extensions literals
 535: run_fundamental.at:1417 function with variable-length RETURNING item
      fundamental udf
 654: run_accept.at:367  ACCEPT OMITTED (SCREEN)
      extensions
 797: run_misc.at:7169   ON EXCEPTION clause of DISPLAY
      runmisc exceptions screen
 798: run_misc.at:7194   EC-SCREEN-LINE-NUMBER and -STARTING-COLUMN
      runmisc exceptions screen
 799: run_misc.at:7235   LINE/COLUMN 0 exceptions
      line column runmisc exceptions extensions screen
 844: run_misc.at:14197  runtime check: write to internal storage (2)
      runmisc call bounds exceptions
 922: run_file.at:7104   INDEXED undeclared keys
      runfile
 930: run_file.at:9665   EXTFH: operation OP_GETINFO / QUERY-FILE
      runfile extfh getinfo query
 935: run_file.at:10869  EXTFH: auto-conversion FCD2 <-> FCD3 on 32bit
      runfile extfh
 1110: run_functions.at:4594 UDF with recursion
      functions local-storage
 1181: run_extensions.at:4137 System routine CBL_GC_FORK
      extensions c$getpid
 1182: run_extensions.at:4205 System routine CBL_GC_WAITPID
      extensions cbl_gc_fork
 1188: run_extensions.at:4788 System routine x'91' function NN
      extensions

## ---------------------- ##
## Detailed failed tests. ##
## ---------------------- ##

#                             -*- compilation -*-
8. used_binaries.at:374: testing temporary path invalid ...
./used_binaries.at:390: TMPDIR="" TMP="notthere" TEMP="" $COMPILE prog.cob
--- -	2023-07-28 16:08:31.284131600 -0500
+++ /home/spcwh2/x64/gnucobol-trunk/tests/testsuite.dir/at-groups/8/stderr	2023-07-28 16:08:31.240135400 -0500
@@ -1,2 +1,6 @@
 libcob: warning: Temporary directory TMP is invalid, adjust TMPDIR!
+Cannot create temporary file in ?: Invalid argument
+gcc: internal compiler error: Aborted signal terminated program collect2
+Please submit a full bug report, with preprocessed source (by using -freport-bug).
+See <https://github.com/msys2/MINGW-packages/issues> for instructions.
 
./used_binaries.at:390: exit code was 1, expected 0
8. used_binaries.at:374: 8. temporary path invalid (used_binaries.at:374): FAILED (used_binaries.at:390)

#                             -*- compilation -*-
808. run_misc.at:10199: testing stack and dump feature ...
./run_misc.at:10503: $COMPILE_MODULE -fdump=ALL prog.cob sub2.cob
./run_misc.at:10505: COB_DUMP_FILE=NONE \
$COBCRUN prog
./run_misc.at:10516: COB_DUMP_FILE=tstdump.dump \
$COBCRUN prog
./run_misc.at:10739: $SED -e 's/_$//' reference_tmpl > reference
./run_misc.at:10740: $SED -e 's/compiled ... .. .... ..:..:../compiled MMM DD YYYY HH:MM:SS/g' \
tstdump.dump > tstdump.sed
./run_misc.at:10743: diff reference tstdump.sed
./run_misc.at:10746: COBC_GEN_DUMP_COMMENTS=1 \
$COMPILE_MODULE -fdump=ALL prog.cob sub2.cob
./run_misc.at:10749: COB_DUMP_FILE=tstdump.dump \
$COBCRUN prog
./run_misc.at:10760: $SED -e 's/compiled ... .. .... ..:..:../compiled MMM DD YYYY HH:MM:SS/g' \
tstdump.dump > tstdump.sed
./run_misc.at:10763: diff reference tstdump.sed
./run_misc.at:10767: COB_STACKTRACE=1 COB_DUMP_FILE=tstdump.dump \
$COBCRUN prog
./run_misc.at:10791: $SED -e 's/compiled ... .. .... ..:..:../compiled MMM DD YYYY HH:MM:SS/g' \
tstdump.dump > tstdump.sed
./run_misc.at:10794: diff reference tstdump.sed
./run_misc.at:10798: $COMPILE prog.cob sub2.cob
./run_misc.at:10801: COB_STACKTRACE=1 COB_DUMP_FILE=tstdump.dump \
$COBCRUN_DIRECT ./prog
--- -	2023-07-28 16:10:34.132292700 -0500
+++ /home/spcwh2/x64/gnucobol-trunk/tests/testsuite.dir/at-groups/808/stderr	2023-07-28 16:10:34.079915600 -0500
@@ -12,5 +12,5 @@
 	CALL-IT-OMIT at prog.cob:118
 	MAIN-100 at prog.cob:85
 	ENTRY prog at prog.cob:77
- Started by ./prog
+ Started by R:\msys64\home\spcwh2\x64\gnucobol-trunk\tests\testsuite.dir\0808\prog.exe
 
tstdump.dump:
> 
> Module dump due to LINKAGE item 'TSPFL-RECORD' (accessed by 'CM-COMPANY') not passed by caller
> 
>  Last statement of "sub1" was MOVE
> 	MAIN-2 OF MAIN-1 at cpyabrt:4
> 	MAIN-1 at prog.cob:177
> 	ENTRY sub1 at prog.cob:159
>  Last statement of "sub2" was CALL
> 	DO-CALL OF SubwaY at sub2.cob:48
> 	ENTRY sub2 at sub2.cob:39
>  Last statement of "prog" was CALL
> 	CALL-IT-OMIT at prog.cob:118
> 	MAIN-100 at prog.cob:85
> 	ENTRY prog at prog.cob:77
>  Started by prog
> 
> Dump Program-Id sub1 from prog.cob compiled Jul 28 2023 16:10:32
> 
> WORKING-STORAGE
> **********************
> 77        RETURN-CODE                     +000000000
> 01        ZRO                             000000000
> 01        HEXV                            13
> 01        TEST-BASED.                    <NULL> address
> 01        TEST-ALLOCED.
>   05      TEST-ALLOCED-SUB1              ALL SPACES
>   05      TEST-ALLOCED-SUB2               000000
> 01        IDX                             000000000
> 01        TSTREC.
>   05      TSTDEP                         'XXX'
>   05      TSTX (1).
>        15 TSTG-1 (1)                      01
>        15 TSTX-2 (1,1)                   'A'
>        15 TSTX-2 (1,2)                   'XX'
>        15 TSTX-2 (1,3)                   ALL SPACES
>        15 TSTX-2 (1,4)                   'xx'
>   05      TSTX (2).
>        15 TSTG-1 (2)                      02
>        15 TSTX-2 (2,1)                   'B'
>        15 TSTX-2 (2,2)                   'XX'
>        15 TSTX-2 (2,3)                   ALL LOW-VALUES
>        15 TSTX-2 (2,4)                   'yy'
>   05      TSTX (3).
>        15 TSTG-1 (3)                      03
>        15 TSTX-2 (3,1)                   'C'
>        15 TSTX-2 (3,2)                   'XX'
>        15 TSTX-2 (3,3)                   ALL HIGH-VALUES
>        15 TSTX-2 (3,4)                   'zz'
>   05      TSTX (4).
>        15 TSTG-1 (4)                     ALL HIGH-VALUES
>        15 TSTX-2 (4,1)                   ALL HIGH-VALUES
>        15 TSTX-2 (4,2..4) same as (1)
>   05      TSTTAIL1                        X  
>                                      1 x 5811
>   05      TSTCOMP3                        58585
>   05      TSTLONG                        'Quick brown fox jumped over the dog              Quick br'
>                                       57:'own fox jumped over the dog'
>   05      TSTHEX                          Q u i c  k e r    g r e y    f o x    j u m  p e d  
>                                      1 x 51756963 6B657220 67726579 20666F78 206A756D 70656420
>                                           t h e    c o u g  a r   X  X X   X  X X X X  X X   X
>                                     25 x 74686520 636F7567 61722058 58581158 58585858 58580758
>                                           X X X X  X X X X  X X   X  X X X X  X X X X  X X X X
>                                     49 x 58585858 58585858 58580D58 58585858 58585858 58585858
>                                           X X X X  X X X X  X X X X  X X X X  X X X X  X X X X
>                                     73 x 58585858 58585858 58585858 58585858 58585858 58585858
>                                           X X X X
>                                     97 x 58585858
>   05      TSTHEX2                        XXXXXXXXX\0XXXXXXXXXXXXXXXXXXXXX\\XXXXXX\0XXXXXXX\tXXXXXX
>                                     54 : AXXXX\rX
>   05      TSTTAILX                       'Quick brown fox jumped over the dog     '
>                                   trailing LOW-VALUES
> 
> LINKAGE
> **********************
> 01        X                               000005441
> 01        TSPFL-RECORD.                  <NULL> address
> 
> END OF DUMP - sub1
> **********************
> 
> Dump Program-Id sub2 from sub2.cob compiled Jul 28 2023 16:10:32
> 
> WORKING-STORAGE
> **********************
> 77        RETURN-CODE                     +000000000
> 01        ZRO                             000000000
> 01        HEXV                            13
> 01        IDX                             000000000
> 01        TSTREC.
>   05      TSTDEP                         'XXX'
>   05      TSTX (1).
>        15 TSTG-1 (1)                      01
>        15 TSTX-2 (1,1)                   'A'
>        15 TSTX-2 (1,2)                   'XX'
>        15 TSTX-2 (1,3)                   ALL SPACES
>        15 TSTX-2 (1,4)                   'xx'
>   05      TSTX (2).
>        15 TSTG-1 (2)                      02
>        15 TSTX-2 (2,1)                   'B'
>        15 TSTX-2 (2,2)                   'XX'
>        15 TSTX-2 (2,3)                   ALL LOW-VALUES
>        15 TSTX-2 (2,4)                   'yy'
>   05      TSTX (3).
>        15 TSTG-1 (3)                      03
>        15 TSTX-2 (3,1)                   'C'
>        15 TSTX-2 (3,2)                   'XX'
>        15 TSTX-2 (3,3)                   ALL HIGH-VALUES
>        15 TSTX-2 (3,4)                   'zz'
>   05      TSTX (4).
>        15 TSTG-1 (4)                     ALL HIGH-VALUES
>        15 TSTX-2 (4,1)                   ALL HIGH-VALUES
>        15 TSTX-2 (4,2..4) same as (1)
>   05      TSTTAIL1                        X  
>                                      1 x 5811
>   05      TSTCOMP3                        58585
>   05      TSTLONG                        'Quick brown fox jumped over the dog              Quick br'
>                                       57:'own fox jumped over the dog'
>   05      TSTHEX                          Q u i c  k e r    g r e y    f o x    j u m  p e d  
>                                      1 x 51756963 6B657220 67726579 20666F78 206A756D 70656420
>                                           t h e    c o u g  a r   X  X X   X  X X X X  X X   X
>                                     25 x 74686520 636F7567 61722058 58581158 58585858 58580758
>                                           X X X X  X X X X  X X   X  X X X X  X X X X  X X X X
>                                     49 x 58585858 58585858 58580D58 58585858 58585858 58585858
>                                           X X X X  X X X X  X X X X  X X X X  X X X X  X X X X
>                                     73 x 58585858 58585858 58585858 58585858 58585858 58585858
>                                           X X X X
>                                     97 x 58585858
>   05      TSTHEX2                        XXXXXXXXX\0XXXXXXXXXXXXXXXXXXXXX\\XXXXXX\0XXXXXXX\tXXXXXX
>                                     54 : AXXXX\rX
>   05      TSTTAILX                       Quick brown fox jumped over the dog     \0ALPHA ELECTRICA
>                                     57 : L CO.\0\0\0\0\0\0\0\0\0\0\0\0\0\0\0\0\0\0\0
> 01        BASED-RECORD.
>      10   B-NUM                           0124
>      10   B-DISK                         'marvdisc'
>      10   B-NO-TERMINALS                  0000
> 77        BASED-NEVER-SET                <NULL> address
> 
> LINKAGE
> **********************
> 01        X                               000005441
> 01        TSPFL-RECORD.
>      10   CM-CUST-NUM                    'ALP00000'
>      10   CM-COMPANY                     'ALPHA ELECTRICAL CO. LTD.'
>      10   CM-DISK                        '8417'
>      10   CM-NO-TERMINALS                 0010
> 77        DYNAMIC-NUM                     0124
> 
> END OF DUMP - sub2
> **********************
> 
> Dump Program-Id prog from prog.cob compiled Jul 28 2023 16:10:32
> 
> FD FLATFILE
> **********************
>    File is OPEN
>    FILE STATUS  '00'
> 01        TSPFL-RECORD.
>      10   CM-CUST-NUM                    'ALP00000'
>      10   CM-COMPANY                     'ALPHA ELECTRICAL CO. LTD.'
>      10   CM-DISK                        '8417'
>      10   CM-NO-TERMINALS                 0010
> 
> WORKING-STORAGE
> **********************
> 77        RETURN-CODE                     +000000000
> 77        MAX-SUB                         0006
> 77        CUST-STAT                      ALL ZEROES
> 77        REC-NUM                         0001
> 01        BIN                             000005441
> 01        TEST-DATA.
>  02       DATA-CUST-NUM-TBL.
>   05      FILLER                         'ALP00000'
>   05      FILLER                         'BET00000'
>   05      FILLER                         'DEL00000'
>   05      FILLER                         'EPS00000'
>   05      FILLER                         'FOR00000'
>   05      FILLER                         'GAM00000'
>  02       DATA-COMPANY-TBL.
>   05      FILLER                         'ALPHA ELECTRICAL CO. LTD.'
>   05      FILLER                         'BETA SHOE MFG. INC.'
>   05      FILLER                         'DELTA LUGGAGE REPAIRS'
>   05      FILLER                         'EPSILON EQUIPMENT SUPPLY'
>   05      FILLER                         'FORTUNE COOKIE COMPANY'
>   05      FILLER                         'GAMMA X-RAY TECHNOLOGY'
>  02       DATA-ADDRESS-2-TBL.
>   05      FILLER                         'ATLANTA'
>   05      FILLER                         'CALGARY'
>   05      FILLER                         'NEW YORK'
>   05      FILLER                         'TORONTO'
>   05      FILLER                         'WASHINGTON'
>   05      FILLER                         'WHITEPLAIN'
>  02       DATA-NO-TERMINALS-TBL.
>   05      FILLER                          010
>   05      FILLER                          013
>   05      FILLER                          075
>   05      FILLER                          010
>   05      FILLER                          090
>   05      FILLER                          254
> 01        WORK-AREA.
>   05      SUB                             0007
> 01        SUMS-NON-STD-OCCURS (1)         -000000000000042.345
> 01        SUMS-NON-STD-OCCURS (2)         +000000000004096.000
> 01        SUMS-NON-STD-OCCURS (3)         +000000000005440.000
> 01        SUMS-NON-STD-OCCURS (4)         -000000000000042.345
> 01        SUMS-NON-STD-OCCURS (5..8) same as (4)
> 
> END OF DUMP - prog
> **********************
> 
808. run_misc.at:10199: 808. stack and dump feature (run_misc.at:10199): FAILED (run_misc.at:10801)

#                             -*- compilation -*-
809. run_misc.at:11016: testing dump feature with NULL address ...
./run_misc.at:11129: $COMPILE -fdump=ALL prog.cob
./run_misc.at:11131: COB_DUMP_FILE=dumpall.txt \
$COBCRUN_DIRECT ./prog "param 1" param 'param 3'
./run_misc.at:11275: $SED -e 's/compiled ... .. .... ..:..:../compiled MMM DD YYYY HH:MM:SS/g' \
dumpall.txt > dumpall.sed
./run_misc.at:11278: test "$COB_HAS_64_BIT_POINTER" = "yes"
./run_misc.at:11283: $SED -e 's/_$//' reference_tmpl > reference
./run_misc.at:11286: diff reference dumpall.sed
--- /dev/null	2023-07-28 16:10:32.000000000 -0500
+++ /home/spcwh2/x64/gnucobol-trunk/tests/testsuite.dir/at-groups/809/stdout	2023-07-28 16:10:32.476465400 -0500
@@ -0,0 +1,4 @@
+6c6
+<  Started by ./prog
+---
+>  Started by R:\msys64\home\spcwh2\x64\gnucobol-trunk\tests\testsuite.dir\0809\prog.exe
./run_misc.at:11286: exit code was 1, expected 0
dumpall.txt:
> 
> Module dump due to BASED/LINKAGE item 'A-TABLE' has NULL address
> 
>  Last statement of "prog" was MOVE at line 106 of prog.cob
> 	ENTRY prog at prog.cob:75
>  Started by R:\msys64\home\spcwh2\x64\gnucobol-trunk\tests\testsuite.dir\0809\prog.exe
> 	param 1
> 	param
> 	param 3
> 
> Dump Program-Id prog from prog.cob compiled Jul 28 2023 16:10:31
> 
> WORKING-STORAGE
> **********************
> 77        RETURN-CODE                     +000000000
> 01        P2                              0x0000000000000000
> 01        TAB-ADR-COUNT                   +0008
>    INDEX  TAB-ADR-IND                     +000000001
> 01        TAB-ADR (1).
>   05      TAB-ADR-ELEMENT (1).
>      10   TAB-ADR-PRGM (1)               ALL SPACES
>      10   TAB-ADR-ID (1)                 ALL SPACES
>      10   TAB-ADR-ADR-64 (1)              +00000000000000000000
>      10   TAB-ADR-LAST-ADR-64 (1)         +00000000000000000000
> 01        TAB-ADR (2..8) same as (1)
> 01        GRP-X.                         <NULL> address
> 01        GRP-1.
>   05      FILLER                         ALL SPACES
>   05      FLD-1 (1).
>      10   FLD-1-Y (1)                     2020
>      10   FLD-1-M (1)                     11
>      10   FLD-1-X (1)                    'This is something'
>   05      FLD-1 (2..4) same as (1)
>   05      FLD-1 (5).
>      10   FLD-1-Y (5)                     2020
>      10   FLD-1-M (5)                     11
>      10   FLD-1-X (5)                    'Something else!'
>   05      FLD-1 (6).
>      10   FLD-1-Y (6)                     2020
>      10   FLD-1-M (6)                     11
>      10   FLD-1-X (6)                    'This is something'
>   05      FLD-1 (7..10) same as (6)
>   05      FILLER                         ALL SPACES
> 01        GRP-2.
>   05      FILLER                         '***'
>   05      FLD-2                          'ABCD ABCD ABCD ABCD ABCD ABCD ABCD ABCD AB'
>   05      FILLER                         '***'
> 01        GRP-2A.
>   05      FILLER                         ALL SPACES
>   05      FLD-2A                         ALL SPACES
>   05      FILLER                                                                              
>                                      1 x 20202020 20202020 20202020 20202020 20202020 20202020
>                                          --- 25 thru 492 same as above ---
>                                                          P  e e k                             
>                                    493 x 20202020 20202050 65656B20 20202020 20202020 20202020
>                                                                                               
>                                    517 x 20202020 20202020 20202020 20202020 20202020 20202020
>                                          --- 541 thru 878 same as above ---
>                                                                                              
>                                    879 x 2020 20202020 20202020 20202020 20202020 202020FE 99
>                                           o                                                  
>                                    902 x 6F2020 20202020 20202020 20202020 20202020 20202020 
>                                                                                               
>                                    925 x 20202020 20202020 20202020 20202020 20202020 20202020
>                                          --- 949 thru 974 same as above ---
>                                                                                              
>                                    975 x 2020 20202020 20202020 20202020 20202020 20202020 20
>                                               Y  o u                                         
>                                    998 x 202059 6F752020 20202020 20202020 20202020 20202020 
>                                                                                               
>                                   1021 x 20202020 20202020 20202020 20202020 20202020 20202020
>                                          --- 1045 thru 1174 same as above ---
>                                                                                              
>                                   1175 x 2020 20202020 20202020 20202020 20202020 20202020 20
>                                                
>                                   1198 x 202020
> 01        GRP-3.
>   05      FILLER                         '***'
>   05      FLD-3 (1).
>        15 FLD-3-2 (1)                    'ABC'
>        15 FLD-3-3 (1)                     00
>        15 FILLER (1,1).
>        25 FLD-3O-1 (1,1)                 'D'
>        25 FLD-3O-2 (1,1)                  99
>        15 FILLER (1,2..4) same as (1)
>        15 FLD-3-4 (1)                    'XX'
>   05      FLD-3 (2) same as (1)
>   05      FLD-3 (3).
>        15 FLD-3-2 (3)                    'ABC'
>        15 FLD-3-3 (3)                     00
>        15 FILLER (3,1).
>        25 FLD-3O-1 (3,1)                 'D'
>        25 FLD-3O-2 (3,1)                  99
>        15 FILLER (3,2).
>        25 FLD-3O-1 (3,2)                 ALL SPACES
>        25 FLD-3O-2 (3,2)                  00
>        15 FILLER (3,3).
>        25 FLD-3O-1 (3,3)                 'D'
>        25 FLD-3O-2 (3,3)                  99
>        15 FILLER (3,4) same as (3)
>        15 FLD-3-4 (3)                    'XX'
>   05      FILLER                         '***'
> 77        C5                              007
> 01        GRP-5.
>   05      FILLER                         '***'
>   05      FLD-5.
>      10   FLD-5-1 (1).
>        15 FLD-5-2 (1)                    'Mon'
>        15 FLD-5-3 (1)                     49
>        15 FLD-5-4 (1)                    'ey'
>      10   FLD-5-1 (2..4) same as (1)
>      10   FLD-5-1 (5).
>        15 FLD-5-2 (5)                    'Mon'
>        15 FLD-5-3 (5)                     49
>        15 FLD-5-4 (5)                    '$$'
>      10   FLD-5-1 (6).
>        15 FLD-5-2 (6)                    'Mon'
>        15 FLD-5-3 (6)                     49
>        15 FLD-5-4 (6)                    'ey'
>      10   FLD-5-1 (7) same as (6)
> 
> LINKAGE
> **********************
> 01        A-TABLE.                       <NULL> address
> 
> END OF DUMP - prog
> **********************
> 
809. run_misc.at:11016: 809. dump feature with NULL address (run_misc.at:11016): FAILED (run_misc.at:11286)


## ------------- ##
## ../config.log ##
## ------------- ##
| This file contains any messages produced by compilers while
| running configure, to aid debugging if configure makes a mistake.
| 
| It was created by GnuCOBOL configure 3.2, which was
| generated by GNU Autoconf 2.71.  Invocation command line was
| 
|   $ ./configure -prefix=/mingw64 -with-db --disable-rpath --with-curses=pdcurses PERL=/usr/bin/perl CFLAGS=-O2 CPPLAGS=-D__USE_MINGW_ANSI_STDIO=1
| 
| ## --------- ##
| ## Platform. ##
| ## --------- ##
| 
| hostname = 3570K
| uname -m = x86_64
| uname -r = 3.4.7.x86_64
| uname -s = MINGW64_NT-10.0-19045
| uname -v = 2023-07-14 16:57 UTC
| 
| /usr/bin/uname -p = unknown
| /bin/uname -X     = unknown
| 
| /bin/arch              = x86_64
| /usr/bin/arch -k       = unknown
| /usr/convex/getsysinfo = unknown
| /usr/bin/hostinfo      = unknown
| /bin/machine           = unknown
| /usr/bin/oslevel       = unknown
| /bin/universe          = unknown
| 
| PATH: /mingw64/bin/
| PATH: /mingw64/bin/site_perl/5.32.1/
| PATH: /mingw64/bin/vendor_perl/
| PATH: /mingw64/bin/core_perl/
| PATH: /usr/local/bin/
| PATH: /usr/bin/
| PATH: /bin/
| PATH: /c/Windows/System32/
| PATH: /c/Windows/
| PATH: /c/Windows/System32/Wbem/
| PATH: /c/Windows/System32/WindowsPowerShell/v1.0/
| 
| 
| ## ----------- ##
| ## Core tests. ##
| ## ----------- ##
| 
| configure:2580: loading site script /etc/config.site
| | # This file is in public domain.
| | # Original author: Karlson2k (Evgeny Grin)
| | # Written for MSys2 to help running 'configure' scripts
| | 
| | # Defaults for MSys2/MinGW64-targeted programs
| | 
| | # Set proper selfname on bash and fallback to default name on other shells
| | test -n "${BASH_SOURCE}" 2>/dev/null && config_site_me="${BASH_SOURCE[0]##*/}" || config_site_me=config.site
| | 
| | # Set default 'host' to speedup configure
| | if test -z "$build_alias"; then
| |   build_alias="${MSYSTEM_CHOST}"  && \
| |     ${as_echo-echo} "$config_site_me:${as_lineno-$LINENO}: default build_alias set to $build_alias" >&5
| | fi
| | 
| | # Set default 'prefix'
| | if ( test -z "$prefix" || test "x$prefix" = "xNONE" ) && \
| |     ( test -z "$exec_prefix" || test "x$exec_prefix" = "xNONE" ); then
| |   prefix="${MSYSTEM_PREFIX}" && \
| |     ${as_echo-echo} "$config_site_me:${as_lineno-$LINENO}: default prefix set to $prefix" >&5
| | fi
| config.site:13: default build_alias set to x86_64-w64-mingw32
| configure:2942: looking for aux files: config.rpath config.guess config.sub ltmain.sh ar-lib compile missing install-sh
| configure:2955:  trying ./build_aux/
| configure:2984:   ./build_aux/config.rpath found
| configure:2984:   ./build_aux/config.guess found
| configure:2984:   ./build_aux/config.sub found
| configure:2984:   ./build_aux/ltmain.sh found
| configure:2984:   ./build_aux/ar-lib found
| configure:2984:   ./build_aux/compile found
| configure:2984:   ./build_aux/missing found
| configure:2966:   ./build_aux/install-sh found
| configure:3202: checking for a BSD-compatible install
| configure:3275: result: /usr/bin/install -c
| configure:3286: checking whether build environment is sane
| configure:3341: result: yes
| configure:3500: checking for a race-free mkdir -p
| configure:3544: result: /usr/bin/mkdir -p
| configure:3551: checking for gawk
| configure:3572: found /usr/bin/gawk
| configure:3583: result: gawk
| configure:3594: checking whether make sets $(MAKE)
| configure:3617: result: yes
| configure:3647: checking whether make supports nested variables
| configure:3665: result: yes
| configure:3974: checking for make
| configure:3995: found /usr/bin/make
| configure:4006: result: make
| configure:4071: checking whether make can handle common constructs
| configure:4083: make -f confmf.mk
| configure:4086: $? = 0
| configure:4092: result: yes
| configure:4104: checking whether make supports order-only prerequisites
| configure:4119: make -f confmf.mk && make -f confmf.mk && cat confinc.out
| target am__prereq.
| target confprereq.
| target am__doit.
| target am__prereq.
| target am__doit.
| configure:4122: $? = 0
| configure:4133: result: yes
| configure:4147: checking whether CFLAGS -O can be modified
| configure:4154: result: no
| configure:4227: checking for gcc
| configure:4248: found /mingw64/bin/gcc
| configure:4259: result: gcc
| configure:4290: checking for C compiler version
| configure:4299: gcc --version >&5
| gcc.exe (Rev7, Built by MSYS2 project) 13.1.0
| Copyright (C) 2023 Free Software Foundation, Inc.
| This is free software; see the source for copying conditions.  There is NO
| warranty; not even for MERCHANTABILITY or FITNESS FOR A PARTICULAR PURPOSE.
| 
| configure:4310: $? = 0
| configure:4299: gcc -v >&5
| Using built-in specs.
| COLLECT_GCC=R:\msys64\mingw64\bin\gcc.exe
| COLLECT_LTO_WRAPPER=R:/msys64/mingw64/bin/../lib/gcc/x86_64-w64-mingw32/13.1.0/lto-wrapper.exe
| Target: x86_64-w64-mingw32
| Configured with: ../gcc-13.1.0/configure --prefix=/mingw64 --with-local-prefix=/mingw64/local --build=x86_64-w64-mingw32 --host=x86_64-w64-mingw32 --target=x86_64-w64-mingw32 --with-native-system-header-dir=/mingw64/include --libexecdir=/mingw64/lib --enable-bootstrap --enable-checking=release --with-arch=nocona --with-tune=generic --enable-languages=c,lto,c++,fortran,ada,objc,obj-c++,jit --enable-shared --enable-static --enable-libatomic --enable-threads=posix --enable-graphite --enable-fully-dynamic-string --enable-libstdcxx-filesystem-ts --enable-libstdcxx-time --disable-libstdcxx-pch --enable-lto --enable-libgomp --disable-libssp --disable-multilib --disable-rpath --disable-win32-registry --disable-nls --disable-werror --disable-symvers --with-libiconv --with-system-zlib --with-gmp=/mingw64 --with-mpfr=/mingw64 --with-mpc=/mingw64 --with-isl=/mingw64 --with-pkgversion='Rev7, Built by MSYS2 project' --with-bugurl=https://github.com/msys2/MINGW-packages/issues --with-gnu-as --with-gnu-ld --disable-libstdcxx-debug --with-boot-ldflags=-static-libstdc++ --with-stage1-ldflags=-static-libstdc++
| Thread model: posix
| Supported LTO compression algorithms: zlib zstd
| gcc version 13.1.0 (Rev7, Built by MSYS2 project) 
| configure:4310: $? = 0
| configure:4299: gcc -V >&5
| gcc.exe: error: unrecognized command-line option '-V'
| gcc.exe: fatal error: no input files
| compilation terminated.
| configure:4310: $? = 1
| configure:4299: gcc -qversion >&5
| gcc.exe: error: unrecognized command-line option '-qversion'; did you mean '--version'?
| gcc.exe: fatal error: no input files
| compilation terminated.
| configure:4310: $? = 1
| configure:4299: gcc -version >&5
| gcc.exe: error: unrecognized command-line option '-version'
| gcc.exe: fatal error: no input files
| compilation terminated.
| configure:4310: $? = 1
| configure:4330: checking whether the C compiler works
| configure:4352: gcc -O2   conftest.c  >&5
| configure:4356: $? = 0
| configure:4406: result: yes
| configure:4409: checking for C compiler default output file name
| configure:4411: result: a.exe
| configure:4417: checking for suffix of executables
| configure:4424: gcc -o conftest.exe -O2   conftest.c  >&5
| configure:4428: $? = 0
| configure:4451: result: .exe
| configure:4473: checking whether we are cross compiling
| configure:4481: gcc -o conftest.exe -O2   conftest.c  >&5
| configure:4485: $? = 0
| configure:4492: ./conftest.exe
| configure:4496: $? = 0
| configure:4511: result: no
| configure:4516: checking for suffix of object files
| configure:4539: gcc -c -O2  conftest.c >&5
| configure:4543: $? = 0
| configure:4565: result: o
| configure:4569: checking whether the compiler supports GNU C
| configure:4589: gcc -c -O2  conftest.c >&5
| configure:4589: $? = 0
| configure:4599: result: yes
| configure:4610: checking whether gcc accepts -g
| configure:4631: gcc -c -g  conftest.c >&5
| configure:4631: $? = 0
| configure:4675: result: yes
| configure:4695: checking for gcc option to enable C11 features
| configure:4710: gcc  -c -O2  conftest.c >&5
| configure:4710: $? = 0
| configure:4728: result: none needed
| configure:4844: checking whether gcc understands -c and -o together
| configure:4867: gcc -c conftest.c -o conftest2.o
| configure:4870: $? = 0
| configure:4867: gcc -c conftest.c -o conftest2.o
| configure:4870: $? = 0
| configure:4882: result: yes
| configure:4902: checking whether make supports the include directive
| configure:4917: make -f confmf.GNU && cat confinc.out
| this is the am__doit target
| configure:4920: $? = 0
| configure:4939: result: yes (GNU style)
| configure:4965: checking dependency style of gcc
| configure:5077: result: gcc3
| configure:5098: checking for stdio.h
| configure:5098: gcc -c -O2  conftest.c >&5
| configure:5098: $? = 0
| configure:5098: result: yes
| configure:5098: checking for stdlib.h
| configure:5098: gcc -c -O2  conftest.c >&5
| configure:5098: $? = 0
| configure:5098: result: yes
| configure:5098: checking for string.h
| configure:5098: gcc -c -O2  conftest.c >&5
| configure:5098: $? = 0
| configure:5098: result: yes
| configure:5098: checking for inttypes.h
| configure:5098: gcc -c -O2  conftest.c >&5
| configure:5098: $? = 0
| configure:5098: result: yes
| configure:5098: checking for stdint.h
| configure:5098: gcc -c -O2  conftest.c >&5
| configure:5098: $? = 0
| configure:5098: result: yes
| configure:5098: checking for strings.h
| configure:5098: gcc -c -O2  conftest.c >&5
| configure:5098: $? = 0
| configure:5098: result: yes
| configure:5098: checking for sys/stat.h
| configure:5098: gcc -c -O2  conftest.c >&5
| configure:5098: $? = 0
| configure:5098: result: yes
| configure:5098: checking for sys/types.h
| configure:5098: gcc -c -O2  conftest.c >&5
| configure:5098: $? = 0
| configure:5098: result: yes
| configure:5098: checking for unistd.h
| configure:5098: gcc -c -O2  conftest.c >&5
| configure:5098: $? = 0
| configure:5098: result: yes
| configure:5098: checking for wchar.h
| configure:5098: gcc -c -O2  conftest.c >&5
| configure:5098: $? = 0
| configure:5098: result: yes
| configure:5098: checking for minix/config.h
| configure:5098: gcc -c -O2  conftest.c >&5
| conftest.c:50:10: fatal error: minix/config.h: No such file or directory
|    50 | #include <minix/config.h>
|       |          ^~~~~~~~~~~~~~~~
| compilation terminated.
| configure:5098: $? = 1
| configure: failed program was:
| | /* confdefs.h */
| | #define PACKAGE_NAME "GnuCOBOL"
| | #define PACKAGE_TARNAME "gnucobol"
| | #define PACKAGE_VERSION "3.2"
| | #define PACKAGE_STRING "GnuCOBOL 3.2"
| | #define PACKAGE_BUGREPORT "bug-gnucobol@gnu.org"
| | #define PACKAGE_URL "https://www.gnu.org/software/gnucobol/"
| | #define PACKAGE "gnucobol"
| | #define PATCH_LEVEL 0
| | #define MAX_CALL_FIELD_PARAMS 192
| | #define HAVE_STDIO_H 1
| | #define HAVE_STDLIB_H 1
| | #define HAVE_STRING_H 1
| | #define HAVE_INTTYPES_H 1
| | #define HAVE_STDINT_H 1
| | #define HAVE_STRINGS_H 1
| | #define HAVE_SYS_STAT_H 1
| | #define HAVE_SYS_TYPES_H 1
| | #define HAVE_UNISTD_H 1
| | #define HAVE_WCHAR_H 1
| | /* end confdefs.h.  */
| | #include <stddef.h>
| | #ifdef HAVE_STDIO_H
| | # include <stdio.h>
| | #endif
| | #ifdef HAVE_STDLIB_H
| | # include <stdlib.h>
| | #endif
| | #ifdef HAVE_STRING_H
| | # include <string.h>
| | #endif
| | #ifdef HAVE_INTTYPES_H
| | # include <inttypes.h>
| | #endif
| | #ifdef HAVE_STDINT_H
| | # include <stdint.h>
| | #endif
| | #ifdef HAVE_STRINGS_H
| | # include <strings.h>
| | #endif
| | #ifdef HAVE_SYS_TYPES_H
| | # include <sys/types.h>
| | #endif
| | #ifdef HAVE_SYS_STAT_H
| | # include <sys/stat.h>
| | #endif
| | #ifdef HAVE_UNISTD_H
| | # include <unistd.h>
| | #endif
| | #include <minix/config.h>
| configure:5098: result: no
| configure:5129: checking whether it is safe to define __EXTENSIONS__
| configure:5148: gcc -c -O2  conftest.c >&5
| configure:5148: $? = 0
| configure:5156: result: yes
| configure:5159: checking whether _XOPEN_SOURCE should be defined
| configure:5181: gcc -c -O2  conftest.c >&5
| configure:5181: $? = 0
| configure:5208: result: no
| configure:5275: checking for __INTEL_COMPILER
| configure:5284: gcc -c -O2  conftest.c >&5
| conftest.c:41:11: error: #error macro not defined
|    41 |         # error macro not defined
|       |           ^~~~~
| configure:5284: $? = 1
| configure: failed program was:
| | /* confdefs.h */
| | #define PACKAGE_NAME "GnuCOBOL"
| | #define PACKAGE_TARNAME "gnucobol"
| | #define PACKAGE_VERSION "3.2"
| | #define PACKAGE_STRING "GnuCOBOL 3.2"
| | #define PACKAGE_BUGREPORT "bug-gnucobol@gnu.org"
| | #define PACKAGE_URL "https://www.gnu.org/software/gnucobol/"
| | #define PACKAGE "gnucobol"
| | #define PATCH_LEVEL 0
| | #define MAX_CALL_FIELD_PARAMS 192
| | #define HAVE_STDIO_H 1
| | #define HAVE_STDLIB_H 1
| | #define HAVE_STRING_H 1
| | #define HAVE_INTTYPES_H 1
| | #define HAVE_STDINT_H 1
| | #define HAVE_STRINGS_H 1
| | #define HAVE_SYS_STAT_H 1
| | #define HAVE_SYS_TYPES_H 1
| | #define HAVE_UNISTD_H 1
| | #define HAVE_WCHAR_H 1
| | #define STDC_HEADERS 1
| | #define _ALL_SOURCE 1
| | #define _DARWIN_C_SOURCE 1
| | #define _GNU_SOURCE 1
| | #define _HPUX_ALT_XOPEN_SOCKET_API 1
| | #define _NETBSD_SOURCE 1
| | #define _OPENBSD_SOURCE 1
| | #define _POSIX_PTHREAD_SEMANTICS 1
| | #define __STDC_WANT_IEC_60559_ATTRIBS_EXT__ 1
| | #define __STDC_WANT_IEC_60559_BFP_EXT__ 1
| | #define __STDC_WANT_IEC_60559_DFP_EXT__ 1
| | #define __STDC_WANT_IEC_60559_FUNCS_EXT__ 1
| | #define __STDC_WANT_IEC_60559_TYPES_EXT__ 1
| | #define __STDC_WANT_LIB_EXT2__ 1
| | #define __STDC_WANT_MATH_SPEC_FUNCS__ 1
| | #define _TANDEM_SOURCE 1
| | #define __EXTENSIONS__ 1
| | /* end confdefs.h.  */
| | 
| | 	#ifndef __INTEL_COMPILER
| | 	# error macro not defined
| | 	#endif
| configure:5293: result: no
| configure:5299: checking for __clang__
| configure:5308: gcc -c -O2  conftest.c >&5
| conftest.c:41:11: error: #error macro not defined
|    41 |         # error macro not defined
|       |           ^~~~~
| configure:5308: $? = 1
| configure: failed program was:
| | /* confdefs.h */
| | #define PACKAGE_NAME "GnuCOBOL"
| | #define PACKAGE_TARNAME "gnucobol"
| | #define PACKAGE_VERSION "3.2"
| | #define PACKAGE_STRING "GnuCOBOL 3.2"
| | #define PACKAGE_BUGREPORT "bug-gnucobol@gnu.org"
| | #define PACKAGE_URL "https://www.gnu.org/software/gnucobol/"
| | #define PACKAGE "gnucobol"
| | #define PATCH_LEVEL 0
| | #define MAX_CALL_FIELD_PARAMS 192
| | #define HAVE_STDIO_H 1
| | #define HAVE_STDLIB_H 1
| | #define HAVE_STRING_H 1
| | #define HAVE_INTTYPES_H 1
| | #define HAVE_STDINT_H 1
| | #define HAVE_STRINGS_H 1
| | #define HAVE_SYS_STAT_H 1
| | #define HAVE_SYS_TYPES_H 1
| | #define HAVE_UNISTD_H 1
| | #define HAVE_WCHAR_H 1
| | #define STDC_HEADERS 1
| | #define _ALL_SOURCE 1
| | #define _DARWIN_C_SOURCE 1
| | #define _GNU_SOURCE 1
| | #define _HPUX_ALT_XOPEN_SOCKET_API 1
| | #define _NETBSD_SOURCE 1
| | #define _OPENBSD_SOURCE 1
| | #define _POSIX_PTHREAD_SEMANTICS 1
| | #define __STDC_WANT_IEC_60559_ATTRIBS_EXT__ 1
| | #define __STDC_WANT_IEC_60559_BFP_EXT__ 1
| | #define __STDC_WANT_IEC_60559_DFP_EXT__ 1
| | #define __STDC_WANT_IEC_60559_FUNCS_EXT__ 1
| | #define __STDC_WANT_IEC_60559_TYPES_EXT__ 1
| | #define __STDC_WANT_LIB_EXT2__ 1
| | #define __STDC_WANT_MATH_SPEC_FUNCS__ 1
| | #define _TANDEM_SOURCE 1
| | #define __EXTENSIONS__ 1
| | /* end confdefs.h.  */
| | 
| | 	#ifndef __clang__
| | 	# error macro not defined
| | 	#endif
| configure:5314: result: no
| configure:5319: checking for __xlc__
| configure:5328: gcc -c -O2  conftest.c >&5
| conftest.c:41:11: error: #error macro not defined
|    41 |         # error macro not defined
|       |           ^~~~~
| configure:5328: $? = 1
| configure: failed program was:
| | /* confdefs.h */
| | #define PACKAGE_NAME "GnuCOBOL"
| | #define PACKAGE_TARNAME "gnucobol"
| | #define PACKAGE_VERSION "3.2"
| | #define PACKAGE_STRING "GnuCOBOL 3.2"
| | #define PACKAGE_BUGREPORT "bug-gnucobol@gnu.org"
| | #define PACKAGE_URL "https://www.gnu.org/software/gnucobol/"
| | #define PACKAGE "gnucobol"
| | #define PATCH_LEVEL 0
| | #define MAX_CALL_FIELD_PARAMS 192
| | #define HAVE_STDIO_H 1
| | #define HAVE_STDLIB_H 1
| | #define HAVE_STRING_H 1
| | #define HAVE_INTTYPES_H 1
| | #define HAVE_STDINT_H 1
| | #define HAVE_STRINGS_H 1
| | #define HAVE_SYS_STAT_H 1
| | #define HAVE_SYS_TYPES_H 1
| | #define HAVE_UNISTD_H 1
| | #define HAVE_WCHAR_H 1
| | #define STDC_HEADERS 1
| | #define _ALL_SOURCE 1
| | #define _DARWIN_C_SOURCE 1
| | #define _GNU_SOURCE 1
| | #define _HPUX_ALT_XOPEN_SOCKET_API 1
| | #define _NETBSD_SOURCE 1
| | #define _OPENBSD_SOURCE 1
| | #define _POSIX_PTHREAD_SEMANTICS 1
| | #define __STDC_WANT_IEC_60559_ATTRIBS_EXT__ 1
| | #define __STDC_WANT_IEC_60559_BFP_EXT__ 1
| | #define __STDC_WANT_IEC_60559_DFP_EXT__ 1
| | #define __STDC_WANT_IEC_60559_FUNCS_EXT__ 1
| | #define __STDC_WANT_IEC_60559_TYPES_EXT__ 1
| | #define __STDC_WANT_LIB_EXT2__ 1
| | #define __STDC_WANT_MATH_SPEC_FUNCS__ 1
| | #define _TANDEM_SOURCE 1
| | #define __EXTENSIONS__ 1
| | /* end confdefs.h.  */
| | 
| | 	#ifndef __xlc__
| | 	# error macro not defined
| | 	#endif
| configure:5334: result: no
| configure:5339: checking for __WATCOMC__
| configure:5348: gcc -c -O2  conftest.c >&5
| conftest.c:41:11: error: #error macro not defined
|    41 |         # error macro not defined
|       |           ^~~~~
| configure:5348: $? = 1
| configure: failed program was:
| | /* confdefs.h */
| | #define PACKAGE_NAME "GnuCOBOL"
| | #define PACKAGE_TARNAME "gnucobol"
| | #define PACKAGE_VERSION "3.2"
| | #define PACKAGE_STRING "GnuCOBOL 3.2"
| | #define PACKAGE_BUGREPORT "bug-gnucobol@gnu.org"
| | #define PACKAGE_URL "https://www.gnu.org/software/gnucobol/"
| | #define PACKAGE "gnucobol"
| | #define PATCH_LEVEL 0
| | #define MAX_CALL_FIELD_PARAMS 192
| | #define HAVE_STDIO_H 1
| | #define HAVE_STDLIB_H 1
| | #define HAVE_STRING_H 1
| | #define HAVE_INTTYPES_H 1
| | #define HAVE_STDINT_H 1
| | #define HAVE_STRINGS_H 1
| | #define HAVE_SYS_STAT_H 1
| | #define HAVE_SYS_TYPES_H 1
| | #define HAVE_UNISTD_H 1
| | #define HAVE_WCHAR_H 1
| | #define STDC_HEADERS 1
| | #define _ALL_SOURCE 1
| | #define _DARWIN_C_SOURCE 1
| | #define _GNU_SOURCE 1
| | #define _HPUX_ALT_XOPEN_SOCKET_API 1
| | #define _NETBSD_SOURCE 1
| | #define _OPENBSD_SOURCE 1
| | #define _POSIX_PTHREAD_SEMANTICS 1
| | #define __STDC_WANT_IEC_60559_ATTRIBS_EXT__ 1
| | #define __STDC_WANT_IEC_60559_BFP_EXT__ 1
| | #define __STDC_WANT_IEC_60559_DFP_EXT__ 1
| | #define __STDC_WANT_IEC_60559_FUNCS_EXT__ 1
| | #define __STDC_WANT_IEC_60559_TYPES_EXT__ 1
| | #define __STDC_WANT_LIB_EXT2__ 1
| | #define __STDC_WANT_MATH_SPEC_FUNCS__ 1
| | #define _TANDEM_SOURCE 1
| | #define __EXTENSIONS__ 1
| | /* end confdefs.h.  */
| | 
| | 	#ifndef __WATCOMC__
| | 	# error macro not defined
| | 	#endif
| configure:5354: result: no
| configure:5359: checking for __SUNPRO_C
| configure:5368: gcc -c -O2  conftest.c >&5
| conftest.c:41:11: error: #error macro not defined
|    41 |         # error macro not defined
|       |           ^~~~~
| configure:5368: $? = 1
| configure: failed program was:
| | /* confdefs.h */
| | #define PACKAGE_NAME "GnuCOBOL"
| | #define PACKAGE_TARNAME "gnucobol"
| | #define PACKAGE_VERSION "3.2"
| | #define PACKAGE_STRING "GnuCOBOL 3.2"
| | #define PACKAGE_BUGREPORT "bug-gnucobol@gnu.org"
| | #define PACKAGE_URL "https://www.gnu.org/software/gnucobol/"
| | #define PACKAGE "gnucobol"
| | #define PATCH_LEVEL 0
| | #define MAX_CALL_FIELD_PARAMS 192
| | #define HAVE_STDIO_H 1
| | #define HAVE_STDLIB_H 1
| | #define HAVE_STRING_H 1
| | #define HAVE_INTTYPES_H 1
| | #define HAVE_STDINT_H 1
| | #define HAVE_STRINGS_H 1
| | #define HAVE_SYS_STAT_H 1
| | #define HAVE_SYS_TYPES_H 1
| | #define HAVE_UNISTD_H 1
| | #define HAVE_WCHAR_H 1
| | #define STDC_HEADERS 1
| | #define _ALL_SOURCE 1
| | #define _DARWIN_C_SOURCE 1
| | #define _GNU_SOURCE 1
| | #define _HPUX_ALT_XOPEN_SOCKET_API 1
| | #define _NETBSD_SOURCE 1
| | #define _OPENBSD_SOURCE 1
| | #define _POSIX_PTHREAD_SEMANTICS 1
| | #define __STDC_WANT_IEC_60559_ATTRIBS_EXT__ 1
| | #define __STDC_WANT_IEC_60559_BFP_EXT__ 1
| | #define __STDC_WANT_IEC_60559_DFP_EXT__ 1
| | #define __STDC_WANT_IEC_60559_FUNCS_EXT__ 1
| | #define __STDC_WANT_IEC_60559_TYPES_EXT__ 1
| | #define __STDC_WANT_LIB_EXT2__ 1
| | #define __STDC_WANT_MATH_SPEC_FUNCS__ 1
| | #define _TANDEM_SOURCE 1
| | #define __EXTENSIONS__ 1
| | /* end confdefs.h.  */
| | 
| | 	#ifndef __SUNPRO_C
| | 	# error macro not defined
| | 	#endif
| configure:5374: result: no
| configure:5380: checking how to error on warnings during configure checks
| configure:5409: gcc -o conftest.exe -O2 -Wall -Werror   conftest.c  >&5
| configure:5409: $? = 0
| configure:5419: result: -Wall -Werror
| configure:5735: checking for windres
| configure:5756: found /mingw64/bin/windres
| configure:5767: result: windres
| configure:5846: checking for ar
| configure:5867: found /mingw64/bin/ar
| configure:5878: result: ar
| configure:5904: checking the archiver (ar) interface
| configure:5921: gcc -c -O2  conftest.c >&5
| configure:5921: $? = 0
| configure:5924: ar cru libconftest.a conftest.o >&5
| R:\msys64\mingw64\bin\ar.exe: `u' modifier ignored since `D' is the default (see `U')
| configure:5927: $? = 0
| configure:5955: result: ar
| configure:6007: checking build system type
| configure:6022: result: x86_64-w64-mingw32
| configure:6042: checking host system type
| configure:6056: result: x86_64-w64-mingw32
| configure:6097: checking how to print strings
| configure:6124: result: printf
| configure:6145: checking for a sed that does not truncate output
| configure:6215: result: /usr/bin/sed
| configure:6233: checking for grep that handles long lines and -e
| configure:6297: result: /usr/bin/grep
| configure:6302: checking for egrep
| configure:6370: result: /usr/bin/grep -E
| configure:6375: checking for fgrep
| configure:6443: result: /usr/bin/grep -F
| configure:6479: checking for ld used by gcc
| configure:6547: result: R:/msys64/mingw64/x86_64-w64-mingw32/bin/ld.exe
| configure:6554: checking if the linker (R:/msys64/mingw64/x86_64-w64-mingw32/bin/ld.exe) is GNU ld
| configure:6570: result: yes
| configure:6582: checking for BSD- or MS-compatible name lister (nm)
| configure:6637: result: /mingw64/bin/nm -B
| configure:6777: checking the name lister (/mingw64/bin/nm -B) interface
| configure:6785: gcc -c -O2  conftest.c >&5
| configure:6788: /mingw64/bin/nm -B "conftest.o"
| configure:6791: output
| 0000000000000000 b .bss
| 0000000000000000 d .data
| 0000000000000000 r .rdata$zzz
| 0000000000000000 t .text
| 0000000000000000 B some_variable
| configure:6798: result: BSD nm
| configure:6801: checking whether ln -s works
| configure:6808: result: no, using cp -pR
| configure:6813: checking the maximum length of command line arguments
| configure:6945: result: 8192
| configure:6993: checking how to convert x86_64-w64-mingw32 file names to x86_64-w64-mingw32 format
| configure:7034: result: func_convert_file_msys_to_w32
| configure:7041: checking how to convert x86_64-w64-mingw32 file names to toolchain format
| configure:7062: result: func_convert_file_msys_to_w32
| configure:7069: checking for R:/msys64/mingw64/x86_64-w64-mingw32/bin/ld.exe option to reload object files
| configure:7077: result: -r
| configure:7156: checking for file
| configure:7177: found /usr/bin/file
| configure:7188: result: file
| configure:7264: checking for objdump
| configure:7285: found /mingw64/bin/objdump
| configure:7296: result: objdump
| configure:7325: checking how to recognize dependent libraries
| configure:7526: result: pass_all
| configure:7616: checking for dlltool
| configure:7637: found /mingw64/bin/dlltool
| configure:7648: result: dlltool
| configure:7678: checking how to associate runtime and link libraries
| configure:7706: result: func_cygming_dll_for_implib
| configure:7856: checking for archiver @FILE support
| configure:7874: gcc -c -O2  conftest.c >&5
| configure:7874: $? = 0
| configure:7878: ar cr libconftest.a @conftest.lst >&5
| configure:7881: $? = 0
| configure:7886: ar cr libconftest.a @conftest.lst >&5
| R:\msys64\mingw64\bin\ar.exe: conftest.o: No such file or directory
| configure:7889: $? = 1
| configure:7901: result: @
| configure:7964: checking for strip
| configure:7985: found /mingw64/bin/strip
| configure:7996: result: strip
| configure:8073: checking for ranlib
| configure:8094: found /mingw64/bin/ranlib
| configure:8105: result: ranlib
| configure:8207: checking command to parse /mingw64/bin/nm -B output from gcc object
| configure:8361: gcc -c -O2  conftest.c >&5
| configure:8364: $? = 0
| configure:8368: /mingw64/bin/nm -B conftest.o \| /usr/bin/sed -n -e 's/^.*[ ]\([ABCDGIRSTW][ABCDGIRSTW]*\)[ ][ ]*\([_A-Za-z][_A-Za-z0-9]*\)\{0,1\}$/\1 \2 \2/p' | /usr/bin/sed '/ __gnu_lto/d' \> conftest.nm
| configure:8371: $? = 0
| configure:8437: gcc -o conftest.exe -O2   conftest.c conftstm.o >&5
| configure:8440: $? = 0
| configure:8478: result: ok
| configure:8525: checking for sysroot
| configure:8556: result: no
| configure:8563: checking for a working dd
| configure:8607: result: /usr/bin/dd
| configure:8611: checking how to truncate binary pipes
| configure:8627: result: /usr/bin/dd bs=4096 count=1
| configure:8964: checking for mt
| configure:8999: result: no
| configure:9019: checking if : is a manifest tool
| configure:9026: : '-?'
| configure:9034: result: no
| configure:9755: checking for dlfcn.h
| configure:9755: gcc -c -O2  conftest.c >&5
| conftest.c:68:10: fatal error: dlfcn.h: No such file or directory
|    68 | #include <dlfcn.h>
|       |          ^~~~~~~~~
| compilation terminated.
| configure:9755: $? = 1
| configure: failed program was:
| | /* confdefs.h */
| | #define PACKAGE_NAME "GnuCOBOL"
| | #define PACKAGE_TARNAME "gnucobol"
| | #define PACKAGE_VERSION "3.2"
| | #define PACKAGE_STRING "GnuCOBOL 3.2"
| | #define PACKAGE_BUGREPORT "bug-gnucobol@gnu.org"
| | #define PACKAGE_URL "https://www.gnu.org/software/gnucobol/"
| | #define PACKAGE "gnucobol"
| | #define PATCH_LEVEL 0
| | #define MAX_CALL_FIELD_PARAMS 192
| | #define HAVE_STDIO_H 1
| | #define HAVE_STDLIB_H 1
| | #define HAVE_STRING_H 1
| | #define HAVE_INTTYPES_H 1
| | #define HAVE_STDINT_H 1
| | #define HAVE_STRINGS_H 1
| | #define HAVE_SYS_STAT_H 1
| | #define HAVE_SYS_TYPES_H 1
| | #define HAVE_UNISTD_H 1
| | #define HAVE_WCHAR_H 1
| | #define STDC_HEADERS 1
| | #define _ALL_SOURCE 1
| | #define _DARWIN_C_SOURCE 1
| | #define _GNU_SOURCE 1
| | #define _HPUX_ALT_XOPEN_SOCKET_API 1
| | #define _NETBSD_SOURCE 1
| | #define _OPENBSD_SOURCE 1
| | #define _POSIX_PTHREAD_SEMANTICS 1
| | #define __STDC_WANT_IEC_60559_ATTRIBS_EXT__ 1
| | #define __STDC_WANT_IEC_60559_BFP_EXT__ 1
| | #define __STDC_WANT_IEC_60559_DFP_EXT__ 1
| | #define __STDC_WANT_IEC_60559_FUNCS_EXT__ 1
| | #define __STDC_WANT_IEC_60559_TYPES_EXT__ 1
| | #define __STDC_WANT_LIB_EXT2__ 1
| | #define __STDC_WANT_MATH_SPEC_FUNCS__ 1
| | #define _TANDEM_SOURCE 1
| | #define __EXTENSIONS__ 1
| | /* end confdefs.h.  */
| | #include <stddef.h>
| | #ifdef HAVE_STDIO_H
| | # include <stdio.h>
| | #endif
| | #ifdef HAVE_STDLIB_H
| | # include <stdlib.h>
| | #endif
| | #ifdef HAVE_STRING_H
| | # include <string.h>
| | #endif
| | #ifdef HAVE_INTTYPES_H
| | # include <inttypes.h>
| | #endif
| | #ifdef HAVE_STDINT_H
| | # include <stdint.h>
| | #endif
| | #ifdef HAVE_STRINGS_H
| | # include <strings.h>
| | #endif
| | #ifdef HAVE_SYS_TYPES_H
| | # include <sys/types.h>
| | #endif
| | #ifdef HAVE_SYS_STAT_H
| | # include <sys/stat.h>
| | #endif
| | #ifdef HAVE_UNISTD_H
| | # include <unistd.h>
| | #endif
| | 
| | #include <dlfcn.h>
| configure:9755: result: no
| configure:9821: checking for as
| configure:9842: found /mingw64/bin/as
| configure:9853: result: as
| configure:9923: checking for dlltool
| configure:9955: result: dlltool
| configure:10025: checking for objdump
| configure:10057: result: objdump
| configure:10341: checking for objdir
| configure:10357: result: .libs
| configure:10621: checking if gcc supports -fno-rtti -fno-exceptions
| configure:10640: gcc -c -O2  -fno-rtti -fno-exceptions conftest.c >&5
| cc1.exe: warning: command-line option '-fno-rtti' is valid for C++/D/ObjC++ but not for C
| configure:10644: $? = 0
| configure:10657: result: no
| configure:11015: checking for gcc option to produce PIC
| configure:11023: result: -DDLL_EXPORT -DPIC
| configure:11031: checking if gcc PIC flag -DDLL_EXPORT -DPIC works
| configure:11050: gcc -c -O2  -DDLL_EXPORT -DPIC -DPIC conftest.c >&5
| configure:11054: $? = 0
| configure:11067: result: yes
| configure:11096: checking if gcc static flag -static works
| configure:11125: result: yes
| configure:11140: checking if gcc supports -c -o file.o
| configure:11162: gcc -c -O2  -o out/conftest2.o conftest.c >&5
| configure:11166: $? = 0
| configure:11188: result: yes
| configure:11196: checking if gcc supports -c -o file.o
| configure:11244: result: yes
| configure:11277: checking whether the gcc linker (R:/msys64/mingw64/x86_64-w64-mingw32/bin/ld.exe) supports shared libraries
| configure:12546: result: yes
| configure:12583: checking whether -lc should be explicitly linked in
| configure:12592: gcc -c -O2  conftest.c >&5
| configure:12595: $? = 0
| configure:12610: gcc -shared conftest.o  -v -o ./conftest -Wl,--enable-auto-image-base -Xlinker --out-implib -Xlinker conftest 2\>\&1 \| /usr/bin/grep  -lc  \>/dev/null 2\>\&1
| configure:12613: $? = 1
| configure:12627: result: yes
| configure:12787: checking dynamic linker characteristics
| configure:13608: result: Win32 ld.exe
| configure:13730: checking how to hardcode library paths into programs
| configure:13755: result: immediate
| configure:14337: checking whether stripping libraries is possible
| configure:14346: result: yes
| configure:14388: checking if libtool supports shared libraries
| configure:14390: result: yes
| configure:14393: checking whether to build shared libraries
| configure:14418: result: yes
| configure:14421: checking whether to build static libraries
| configure:14425: result: yes
| configure:14543: checking for flex
| configure:14564: found /usr/bin/flex
| configure:14575: result: flex
| configure:14624: checking for lex output file root
| configure:14637: flex conftest.l
| configure:14641: $? = 0
| configure:14649: result: lex.yy
| configure:14664: checking for lex library
| configure:14689: gcc -o conftest.exe -O2   conftest.c  >&5
| configure:14689: $? = 0
| configure:14702: result: none needed
| configure:14717: checking for library containing yywrap
| configure:14753: gcc -o conftest.exe -O2   conftest.c  >&5
| R:/msys64/mingw64/bin/../lib/gcc/x86_64-w64-mingw32/13.1.0/../../../../x86_64-w64-mingw32/bin/ld.exe: R:\msys64\tmp\ccakdbWr.o:conftest.c:(.text.startup+0xa): undefined reference to `yywrap'
| collect2.exe: error: ld returned 1 exit status
| configure:14753: $? = 1
| configure: failed program was:
| | /* confdefs.h */
| | #define PACKAGE_NAME "GnuCOBOL"
| | #define PACKAGE_TARNAME "gnucobol"
| | #define PACKAGE_VERSION "3.2"
| | #define PACKAGE_STRING "GnuCOBOL 3.2"
| | #define PACKAGE_BUGREPORT "bug-gnucobol@gnu.org"
| | #define PACKAGE_URL "https://www.gnu.org/software/gnucobol/"
| | #define PACKAGE "gnucobol"
| | #define PATCH_LEVEL 0
| | #define MAX_CALL_FIELD_PARAMS 192
| | #define HAVE_STDIO_H 1
| | #define HAVE_STDLIB_H 1
| | #define HAVE_STRING_H 1
| | #define HAVE_INTTYPES_H 1
| | #define HAVE_STDINT_H 1
| | #define HAVE_STRINGS_H 1
| | #define HAVE_SYS_STAT_H 1
| | #define HAVE_SYS_TYPES_H 1
| | #define HAVE_UNISTD_H 1
| | #define HAVE_WCHAR_H 1
| | #define STDC_HEADERS 1
| | #define _ALL_SOURCE 1
| | #define _DARWIN_C_SOURCE 1
| | #define _GNU_SOURCE 1
| | #define _HPUX_ALT_XOPEN_SOCKET_API 1
| | #define _NETBSD_SOURCE 1
| | #define _OPENBSD_SOURCE 1
| | #define _POSIX_PTHREAD_SEMANTICS 1
| | #define __STDC_WANT_IEC_60559_ATTRIBS_EXT__ 1
| | #define __STDC_WANT_IEC_60559_BFP_EXT__ 1
| | #define __STDC_WANT_IEC_60559_DFP_EXT__ 1
| | #define __STDC_WANT_IEC_60559_FUNCS_EXT__ 1
| | #define __STDC_WANT_IEC_60559_TYPES_EXT__ 1
| | #define __STDC_WANT_LIB_EXT2__ 1
| | #define __STDC_WANT_MATH_SPEC_FUNCS__ 1
| | #define _TANDEM_SOURCE 1
| | #define __EXTENSIONS__ 1
| | #define LT_OBJDIR ".libs/"
| | /* end confdefs.h.  */
| | 
| | /* Override any GCC internal prototype to avoid an error.
| |    Use char because int might match the return type of a GCC
| |    builtin and then its argument prototype would still apply.
| |    The 'extern "C"' is for builds by C++ compilers;
| |    although this is not generally supported in C code supporting it here
| |    has little cost and some practical benefit (sr 110532).  */
| | #ifdef __cplusplus
| | extern "C"
| | #endif
| | char yywrap (void);
| | int
| | main (void)
| | {
| | return yywrap ();
| |   ;
| |   return 0;
| | }
| configure:14753: gcc -o conftest.exe -O2   conftest.c -lfl   >&5
| R:/msys64/mingw64/bin/../lib/gcc/x86_64-w64-mingw32/13.1.0/../../../../x86_64-w64-mingw32/bin/ld.exe: cannot find -lfl: No such file or directory
| collect2.exe: error: ld returned 1 exit status
| configure:14753: $? = 1
| configure: failed program was:
| | /* confdefs.h */
| | #define PACKAGE_NAME "GnuCOBOL"
| | #define PACKAGE_TARNAME "gnucobol"
| | #define PACKAGE_VERSION "3.2"
| | #define PACKAGE_STRING "GnuCOBOL 3.2"
| | #define PACKAGE_BUGREPORT "bug-gnucobol@gnu.org"
| | #define PACKAGE_URL "https://www.gnu.org/software/gnucobol/"
| | #define PACKAGE "gnucobol"
| | #define PATCH_LEVEL 0
| | #define MAX_CALL_FIELD_PARAMS 192
| | #define HAVE_STDIO_H 1
| | #define HAVE_STDLIB_H 1
| | #define HAVE_STRING_H 1
| | #define HAVE_INTTYPES_H 1
| | #define HAVE_STDINT_H 1
| | #define HAVE_STRINGS_H 1
| | #define HAVE_SYS_STAT_H 1
| | #define HAVE_SYS_TYPES_H 1
| | #define HAVE_UNISTD_H 1
| | #define HAVE_WCHAR_H 1
| | #define STDC_HEADERS 1
| | #define _ALL_SOURCE 1
| | #define _DARWIN_C_SOURCE 1
| | #define _GNU_SOURCE 1
| | #define _HPUX_ALT_XOPEN_SOCKET_API 1
| | #define _NETBSD_SOURCE 1
| | #define _OPENBSD_SOURCE 1
| | #define _POSIX_PTHREAD_SEMANTICS 1
| | #define __STDC_WANT_IEC_60559_ATTRIBS_EXT__ 1
| | #define __STDC_WANT_IEC_60559_BFP_EXT__ 1
| | #define __STDC_WANT_IEC_60559_DFP_EXT__ 1
| | #define __STDC_WANT_IEC_60559_FUNCS_EXT__ 1
| | #define __STDC_WANT_IEC_60559_TYPES_EXT__ 1
| | #define __STDC_WANT_LIB_EXT2__ 1
| | #define __STDC_WANT_MATH_SPEC_FUNCS__ 1
| | #define _TANDEM_SOURCE 1
| | #define __EXTENSIONS__ 1
| | #define LT_OBJDIR ".libs/"
| | /* end confdefs.h.  */
| | 
| | /* Override any GCC internal prototype to avoid an error.
| |    Use char because int might match the return type of a GCC
| |    builtin and then its argument prototype would still apply.
| |    The 'extern "C"' is for builds by C++ compilers;
| |    although this is not generally supported in C code supporting it here
| |    has little cost and some practical benefit (sr 110532).  */
| | #ifdef __cplusplus
| | extern "C"
| | #endif
| | char yywrap (void);
| | int
| | main (void)
| | {
| | return yywrap ();
| |   ;
| |   return 0;
| | }
| configure:14753: gcc -o conftest.exe -O2   conftest.c -ll   >&5
| R:/msys64/mingw64/bin/../lib/gcc/x86_64-w64-mingw32/13.1.0/../../../../x86_64-w64-mingw32/bin/ld.exe: cannot find -ll: No such file or directory
| collect2.exe: error: ld returned 1 exit status
| configure:14753: $? = 1
| configure: failed program was:
| | /* confdefs.h */
| | #define PACKAGE_NAME "GnuCOBOL"
| | #define PACKAGE_TARNAME "gnucobol"
| | #define PACKAGE_VERSION "3.2"
| | #define PACKAGE_STRING "GnuCOBOL 3.2"
| | #define PACKAGE_BUGREPORT "bug-gnucobol@gnu.org"
| | #define PACKAGE_URL "https://www.gnu.org/software/gnucobol/"
| | #define PACKAGE "gnucobol"
| | #define PATCH_LEVEL 0
| | #define MAX_CALL_FIELD_PARAMS 192
| | #define HAVE_STDIO_H 1
| | #define HAVE_STDLIB_H 1
| | #define HAVE_STRING_H 1
| | #define HAVE_INTTYPES_H 1
| | #define HAVE_STDINT_H 1
| | #define HAVE_STRINGS_H 1
| | #define HAVE_SYS_STAT_H 1
| | #define HAVE_SYS_TYPES_H 1
| | #define HAVE_UNISTD_H 1
| | #define HAVE_WCHAR_H 1
| | #define STDC_HEADERS 1
| | #define _ALL_SOURCE 1
| | #define _DARWIN_C_SOURCE 1
| | #define _GNU_SOURCE 1
| | #define _HPUX_ALT_XOPEN_SOCKET_API 1
| | #define _NETBSD_SOURCE 1
| | #define _OPENBSD_SOURCE 1
| | #define _POSIX_PTHREAD_SEMANTICS 1
| | #define __STDC_WANT_IEC_60559_ATTRIBS_EXT__ 1
| | #define __STDC_WANT_IEC_60559_BFP_EXT__ 1
| | #define __STDC_WANT_IEC_60559_DFP_EXT__ 1
| | #define __STDC_WANT_IEC_60559_FUNCS_EXT__ 1
| | #define __STDC_WANT_IEC_60559_TYPES_EXT__ 1
| | #define __STDC_WANT_LIB_EXT2__ 1
| | #define __STDC_WANT_MATH_SPEC_FUNCS__ 1
| | #define _TANDEM_SOURCE 1
| | #define __EXTENSIONS__ 1
| | #define LT_OBJDIR ".libs/"
| | /* end confdefs.h.  */
| | 
| | /* Override any GCC internal prototype to avoid an error.
| |    Use char because int might match the return type of a GCC
| |    builtin and then its argument prototype would still apply.
| |    The 'extern "C"' is for builds by C++ compilers;
| |    although this is not generally supported in C code supporting it here
| |    has little cost and some practical benefit (sr 110532).  */
| | #ifdef __cplusplus
| | extern "C"
| | #endif
| | char yywrap (void);
| | int
| | main (void)
| | {
| | return yywrap ();
| |   ;
| |   return 0;
| | }
| configure:14773: result: no
| configure:14789: checking whether yytext is a pointer
| configure:14805: gcc -c -O2  conftest.c >&5
| configure:14805: $? = 0
| configure:14812: result: yes
| configure:14831: checking if flex is the lexer generator
| configure:14846: result: yes
| configure:14857: checking for bison
| configure:14878: found /usr/bin/bison
| configure:14889: result: bison -y
| configure:14905: checking if bison is the parser generator
| configure:14920: result: yes
| configure:14931: checking for diff arguments
| configure:14946: result: --strip-trailing-cr
| configure:14960: checking whether ln -s works
| configure:14967: result: no, using cp -pR
| configure:14973: checking whether make sets $(MAKE)
| configure:14996: result: yes
| configure:15029: checking for ld
| configure:15160: result: R:/msys64/mingw64/x86_64-w64-mingw32/bin/ld.exe
| configure:15167: checking if the linker (R:/msys64/mingw64/x86_64-w64-mingw32/bin/ld.exe) is GNU ld
| configure:15183: result: yes
| configure:15191: checking for shared library run path origin
| configure:15205: result: done
| configure:15310: checking for sys/types.h
| configure:15310: result: yes
| configure:15310: checking for signal.h
| configure:15310: gcc -c -O2  conftest.c >&5
| configure:15310: $? = 0
| configure:15310: result: yes
| configure:15310: checking for stddef.h
| configure:15310: gcc -c -O2  conftest.c >&5
| configure:15310: $? = 0
| configure:15310: result: yes
| configure:15323: checking for sys/time.h
| configure:15323: gcc -c -O2  conftest.c >&5
| configure:15323: $? = 0
| configure:15323: result: yes
| configure:15329: checking for locale.h
| configure:15329: gcc -c -O2  conftest.c >&5
| configure:15329: $? = 0
| configure:15329: result: yes
| configure:15335: checking for fcntl.h
| configure:15335: gcc -c -O2  conftest.c >&5
| configure:15335: $? = 0
| configure:15335: result: yes
| configure:15341: checking for dlfcn.h
| configure:15341: result: no
| configure:15351: checking for an ANSI C-conforming const
| configure:15418: gcc -c -O2  conftest.c >&5
| configure:15418: $? = 0
| configure:15426: result: yes
| configure:15434: checking whether byte ordering is bigendian
| configure:15450: gcc -c -O2  conftest.c >&5
| conftest.c:48:16: error: unknown type name 'not'
|    48 |                not a universal capable compiler
|       |                ^~~
| conftest.c:48:22: error: expected '=', ',', ';', 'asm' or '__attribute__' before 'universal'
|    48 |                not a universal capable compiler
|       |                      ^~~~~~~~~
| conftest.c:48:22: error: unknown type name 'universal'
| configure:15450: $? = 1
| configure: failed program was:
| | /* confdefs.h */
| | #define PACKAGE_NAME "GnuCOBOL"
| | #define PACKAGE_TARNAME "gnucobol"
| | #define PACKAGE_VERSION "3.2"
| | #define PACKAGE_STRING "GnuCOBOL 3.2"
| | #define PACKAGE_BUGREPORT "bug-gnucobol@gnu.org"
| | #define PACKAGE_URL "https://www.gnu.org/software/gnucobol/"
| | #define PACKAGE "gnucobol"
| | #define PATCH_LEVEL 0
| | #define MAX_CALL_FIELD_PARAMS 192
| | #define HAVE_STDIO_H 1
| | #define HAVE_STDLIB_H 1
| | #define HAVE_STRING_H 1
| | #define HAVE_INTTYPES_H 1
| | #define HAVE_STDINT_H 1
| | #define HAVE_STRINGS_H 1
| | #define HAVE_SYS_STAT_H 1
| | #define HAVE_SYS_TYPES_H 1
| | #define HAVE_UNISTD_H 1
| | #define HAVE_WCHAR_H 1
| | #define STDC_HEADERS 1
| | #define _ALL_SOURCE 1
| | #define _DARWIN_C_SOURCE 1
| | #define _GNU_SOURCE 1
| | #define _HPUX_ALT_XOPEN_SOCKET_API 1
| | #define _NETBSD_SOURCE 1
| | #define _OPENBSD_SOURCE 1
| | #define _POSIX_PTHREAD_SEMANTICS 1
| | #define __STDC_WANT_IEC_60559_ATTRIBS_EXT__ 1
| | #define __STDC_WANT_IEC_60559_BFP_EXT__ 1
| | #define __STDC_WANT_IEC_60559_DFP_EXT__ 1
| | #define __STDC_WANT_IEC_60559_FUNCS_EXT__ 1
| | #define __STDC_WANT_IEC_60559_TYPES_EXT__ 1
| | #define __STDC_WANT_LIB_EXT2__ 1
| | #define __STDC_WANT_MATH_SPEC_FUNCS__ 1
| | #define _TANDEM_SOURCE 1
| | #define __EXTENSIONS__ 1
| | #define LT_OBJDIR ".libs/"
| | #define YYTEXT_POINTER 1
| | #define HAVE_SYS_TYPES_H 1
| | #define HAVE_SIGNAL_H 1
| | #define HAVE_STDDEF_H 1
| | #define HAVE_SYS_TIME_H 1
| | #define HAVE_LOCALE_H 1
| | #define HAVE_FCNTL_H 1
| | /* end confdefs.h.  */
| | #ifndef __APPLE_CC__
| | 	       not a universal capable compiler
| | 	     #endif
| | 	     typedef int dummy;
| | 
| configure:15496: gcc -c -O2  conftest.c >&5
| configure:15496: $? = 0
| configure:15515: gcc -c -O2  conftest.c >&5
| conftest.c: In function 'main':
| conftest.c:54:18: error: unknown type name 'not'; did you mean 'ino_t'?
|    54 |                  not big endian
|       |                  ^~~
|       |                  ino_t
| conftest.c:54:26: error: expected '=', ',', ';', 'asm' or '__attribute__' before 'endian'
|    54 |                  not big endian
|       |                          ^~~~~~
| configure:15515: $? = 1
| configure: failed program was:
| | /* confdefs.h */
| | #define PACKAGE_NAME "GnuCOBOL"
| | #define PACKAGE_TARNAME "gnucobol"
| | #define PACKAGE_VERSION "3.2"
| | #define PACKAGE_STRING "GnuCOBOL 3.2"
| | #define PACKAGE_BUGREPORT "bug-gnucobol@gnu.org"
| | #define PACKAGE_URL "https://www.gnu.org/software/gnucobol/"
| | #define PACKAGE "gnucobol"
| | #define PATCH_LEVEL 0
| | #define MAX_CALL_FIELD_PARAMS 192
| | #define HAVE_STDIO_H 1
| | #define HAVE_STDLIB_H 1
| | #define HAVE_STRING_H 1
| | #define HAVE_INTTYPES_H 1
| | #define HAVE_STDINT_H 1
| | #define HAVE_STRINGS_H 1
| | #define HAVE_SYS_STAT_H 1
| | #define HAVE_SYS_TYPES_H 1
| | #define HAVE_UNISTD_H 1
| | #define HAVE_WCHAR_H 1
| | #define STDC_HEADERS 1
| | #define _ALL_SOURCE 1
| | #define _DARWIN_C_SOURCE 1
| | #define _GNU_SOURCE 1
| | #define _HPUX_ALT_XOPEN_SOCKET_API 1
| | #define _NETBSD_SOURCE 1
| | #define _OPENBSD_SOURCE 1
| | #define _POSIX_PTHREAD_SEMANTICS 1
| | #define __STDC_WANT_IEC_60559_ATTRIBS_EXT__ 1
| | #define __STDC_WANT_IEC_60559_BFP_EXT__ 1
| | #define __STDC_WANT_IEC_60559_DFP_EXT__ 1
| | #define __STDC_WANT_IEC_60559_FUNCS_EXT__ 1
| | #define __STDC_WANT_IEC_60559_TYPES_EXT__ 1
| | #define __STDC_WANT_LIB_EXT2__ 1
| | #define __STDC_WANT_MATH_SPEC_FUNCS__ 1
| | #define _TANDEM_SOURCE 1
| | #define __EXTENSIONS__ 1
| | #define LT_OBJDIR ".libs/"
| | #define YYTEXT_POINTER 1
| | #define HAVE_SYS_TYPES_H 1
| | #define HAVE_SIGNAL_H 1
| | #define HAVE_STDDEF_H 1
| | #define HAVE_SYS_TIME_H 1
| | #define HAVE_LOCALE_H 1
| | #define HAVE_FCNTL_H 1
| | /* end confdefs.h.  */
| | #include <sys/types.h>
| | 		#include <sys/param.h>
| | 
| | int
| | main (void)
| | {
| | #if BYTE_ORDER != BIG_ENDIAN
| | 		 not big endian
| | 		#endif
| | 
| |   ;
| |   return 0;
| | }
| configure:15651: result: no
| configure:15669: checking for size_t
| configure:15669: gcc -c -O2  conftest.c >&5
| configure:15669: $? = 0
| configure:15669: gcc -c -O2  conftest.c >&5
| conftest.c: In function 'main':
| conftest.c:78:21: error: expected expression before ')' token
|    78 | if (sizeof ((size_t)))
|       |                     ^
| configure:15669: $? = 1
| configure: failed program was:
| | /* confdefs.h */
| | #define PACKAGE_NAME "GnuCOBOL"
| | #define PACKAGE_TARNAME "gnucobol"
| | #define PACKAGE_VERSION "3.2"
| | #define PACKAGE_STRING "GnuCOBOL 3.2"
| | #define PACKAGE_BUGREPORT "bug-gnucobol@gnu.org"
| | #define PACKAGE_URL "https://www.gnu.org/software/gnucobol/"
| | #define PACKAGE "gnucobol"
| | #define PATCH_LEVEL 0
| | #define MAX_CALL_FIELD_PARAMS 192
| | #define HAVE_STDIO_H 1
| | #define HAVE_STDLIB_H 1
| | #define HAVE_STRING_H 1
| | #define HAVE_INTTYPES_H 1
| | #define HAVE_STDINT_H 1
| | #define HAVE_STRINGS_H 1
| | #define HAVE_SYS_STAT_H 1
| | #define HAVE_SYS_TYPES_H 1
| | #define HAVE_UNISTD_H 1
| | #define HAVE_WCHAR_H 1
| | #define STDC_HEADERS 1
| | #define _ALL_SOURCE 1
| | #define _DARWIN_C_SOURCE 1
| | #define _GNU_SOURCE 1
| | #define _HPUX_ALT_XOPEN_SOCKET_API 1
| | #define _NETBSD_SOURCE 1
| | #define _OPENBSD_SOURCE 1
| | #define _POSIX_PTHREAD_SEMANTICS 1
| | #define __STDC_WANT_IEC_60559_ATTRIBS_EXT__ 1
| | #define __STDC_WANT_IEC_60559_BFP_EXT__ 1
| | #define __STDC_WANT_IEC_60559_DFP_EXT__ 1
| | #define __STDC_WANT_IEC_60559_FUNCS_EXT__ 1
| | #define __STDC_WANT_IEC_60559_TYPES_EXT__ 1
| | #define __STDC_WANT_LIB_EXT2__ 1
| | #define __STDC_WANT_MATH_SPEC_FUNCS__ 1
| | #define _TANDEM_SOURCE 1
| | #define __EXTENSIONS__ 1
| | #define LT_OBJDIR ".libs/"
| | #define YYTEXT_POINTER 1
| | #define HAVE_SYS_TYPES_H 1
| | #define HAVE_SIGNAL_H 1
| | #define HAVE_STDDEF_H 1
| | #define HAVE_SYS_TIME_H 1
| | #define HAVE_LOCALE_H 1
| | #define HAVE_FCNTL_H 1
| | /* end confdefs.h.  */
| | #include <stddef.h>
| | #ifdef HAVE_STDIO_H
| | # include <stdio.h>
| | #endif
| | #ifdef HAVE_STDLIB_H
| | # include <stdlib.h>
| | #endif
| | #ifdef HAVE_STRING_H
| | # include <string.h>
| | #endif
| | #ifdef HAVE_INTTYPES_H
| | # include <inttypes.h>
| | #endif
| | #ifdef HAVE_STDINT_H
| | # include <stdint.h>
| | #endif
| | #ifdef HAVE_STRINGS_H
| | # include <strings.h>
| | #endif
| | #ifdef HAVE_SYS_TYPES_H
| | # include <sys/types.h>
| | #endif
| | #ifdef HAVE_SYS_STAT_H
| | # include <sys/stat.h>
| | #endif
| | #ifdef HAVE_UNISTD_H
| | # include <unistd.h>
| | #endif
| | int
| | main (void)
| | {
| | if (sizeof ((size_t)))
| | 	    return 0;
| |   ;
| |   return 0;
| | }
| configure:15669: result: yes
| configure:15679: checking whether struct tm is in sys/time.h or time.h
| configure:15700: gcc -c -O2  conftest.c >&5
| configure:15700: $? = 0
| configure:15708: result: time.h
| configure:15716: checking for sig_atomic_t
| configure:15716: gcc -c -O2  conftest.c >&5
| configure:15716: $? = 0
| configure:15716: gcc -c -O2  conftest.c >&5
| conftest.c: In function 'main':
| conftest.c:52:27: error: expected expression before ')' token
|    52 | if (sizeof ((sig_atomic_t)))
|       |                           ^
| configure:15716: $? = 1
| configure: failed program was:
| | /* confdefs.h */
| | #define PACKAGE_NAME "GnuCOBOL"
| | #define PACKAGE_TARNAME "gnucobol"
| | #define PACKAGE_VERSION "3.2"
| | #define PACKAGE_STRING "GnuCOBOL 3.2"
| | #define PACKAGE_BUGREPORT "bug-gnucobol@gnu.org"
| | #define PACKAGE_URL "https://www.gnu.org/software/gnucobol/"
| | #define PACKAGE "gnucobol"
| | #define PATCH_LEVEL 0
| | #define MAX_CALL_FIELD_PARAMS 192
| | #define HAVE_STDIO_H 1
| | #define HAVE_STDLIB_H 1
| | #define HAVE_STRING_H 1
| | #define HAVE_INTTYPES_H 1
| | #define HAVE_STDINT_H 1
| | #define HAVE_STRINGS_H 1
| | #define HAVE_SYS_STAT_H 1
| | #define HAVE_SYS_TYPES_H 1
| | #define HAVE_UNISTD_H 1
| | #define HAVE_WCHAR_H 1
| | #define STDC_HEADERS 1
| | #define _ALL_SOURCE 1
| | #define _DARWIN_C_SOURCE 1
| | #define _GNU_SOURCE 1
| | #define _HPUX_ALT_XOPEN_SOCKET_API 1
| | #define _NETBSD_SOURCE 1
| | #define _OPENBSD_SOURCE 1
| | #define _POSIX_PTHREAD_SEMANTICS 1
| | #define __STDC_WANT_IEC_60559_ATTRIBS_EXT__ 1
| | #define __STDC_WANT_IEC_60559_BFP_EXT__ 1
| | #define __STDC_WANT_IEC_60559_DFP_EXT__ 1
| | #define __STDC_WANT_IEC_60559_FUNCS_EXT__ 1
| | #define __STDC_WANT_IEC_60559_TYPES_EXT__ 1
| | #define __STDC_WANT_LIB_EXT2__ 1
| | #define __STDC_WANT_MATH_SPEC_FUNCS__ 1
| | #define _TANDEM_SOURCE 1
| | #define __EXTENSIONS__ 1
| | #define LT_OBJDIR ".libs/"
| | #define YYTEXT_POINTER 1
| | #define HAVE_SYS_TYPES_H 1
| | #define HAVE_SIGNAL_H 1
| | #define HAVE_STDDEF_H 1
| | #define HAVE_SYS_TIME_H 1
| | #define HAVE_LOCALE_H 1
| | #define HAVE_FCNTL_H 1
| | /* end confdefs.h.  */
| | #include <signal.h>
| | 
| | int
| | main (void)
| | {
| | if (sizeof ((sig_atomic_t)))
| | 	    return 0;
| |   ;
| |   return 0;
| | }
| configure:15716: result: yes
| configure:15728: checking for inline keyword
| configure:15757: gcc -c -O2  conftest.c >&5
| configure:15757: $? = 0
| configure:15765: result: __inline
| configure:15776: checking for vprintf
| configure:15776: gcc -o conftest.exe -O2   conftest.c  >&5
| conftest.c:65:6: warning: conflicting types for built-in function 'vprintf'; expected 'int(const char *, char *)' [-Wbuiltin-declaration-mismatch]
|    65 | char vprintf (void);
|       |      ^~~~~~~
| conftest.c:57:1: note: 'vprintf' is declared in header '<stdio.h>'
|    56 | #include <limits.h>
|    57 | #undef vprintf
| configure:15776: $? = 0
| configure:15776: result: yes
| configure:15797: checking for memmove
| configure:15797: gcc -o conftest.exe -O2   conftest.c  >&5
| conftest.c:66:6: warning: conflicting types for built-in function 'memmove'; expected 'void *(void *, const void *, long long unsigned int)' [-Wbuiltin-declaration-mismatch]
|    66 | char memmove (void);
|       |      ^~~~~~~
| conftest.c:58:1: note: 'memmove' is declared in header '<string.h>'
|    57 | #include <limits.h>
|    58 | #undef memmove
| configure:15797: $? = 0
| configure:15797: result: yes
| configure:15803: checking for memset
| configure:15803: gcc -o conftest.exe -O2   conftest.c  >&5
| conftest.c:67:6: warning: conflicting types for built-in function 'memset'; expected 'void *(void *, int,  long long unsigned int)' [-Wbuiltin-declaration-mismatch]
|    67 | char memset (void);
|       |      ^~~~~~
| conftest.c:59:1: note: 'memset' is declared in header '<string.h>'
|    58 | #include <limits.h>
|    59 | #undef memset
| configure:15803: $? = 0
| configure:15803: result: yes
| configure:15809: checking for setlocale
| configure:15809: gcc -o conftest.exe -O2   conftest.c  >&5
| configure:15809: $? = 0
| configure:15809: result: yes
| configure:15815: checking for fcntl
| configure:15815: gcc -o conftest.exe -O2   conftest.c  >&5
| R:/msys64/mingw64/bin/../lib/gcc/x86_64-w64-mingw32/13.1.0/../../../../x86_64-w64-mingw32/bin/ld.exe: R:\msys64\tmp\ccOF2Yit.o:conftest.c:(.text.startup+0xa): undefined reference to `fcntl'
| collect2.exe: error: ld returned 1 exit status
| configure:15815: $? = 1
| configure: failed program was:
| | /* confdefs.h */
| | #define PACKAGE_NAME "GnuCOBOL"
| | #define PACKAGE_TARNAME "gnucobol"
| | #define PACKAGE_VERSION "3.2"
| | #define PACKAGE_STRING "GnuCOBOL 3.2"
| | #define PACKAGE_BUGREPORT "bug-gnucobol@gnu.org"
| | #define PACKAGE_URL "https://www.gnu.org/software/gnucobol/"
| | #define PACKAGE "gnucobol"
| | #define PATCH_LEVEL 0
| | #define MAX_CALL_FIELD_PARAMS 192
| | #define HAVE_STDIO_H 1
| | #define HAVE_STDLIB_H 1
| | #define HAVE_STRING_H 1
| | #define HAVE_INTTYPES_H 1
| | #define HAVE_STDINT_H 1
| | #define HAVE_STRINGS_H 1
| | #define HAVE_SYS_STAT_H 1
| | #define HAVE_SYS_TYPES_H 1
| | #define HAVE_UNISTD_H 1
| | #define HAVE_WCHAR_H 1
| | #define STDC_HEADERS 1
| | #define _ALL_SOURCE 1
| | #define _DARWIN_C_SOURCE 1
| | #define _GNU_SOURCE 1
| | #define _HPUX_ALT_XOPEN_SOCKET_API 1
| | #define _NETBSD_SOURCE 1
| | #define _OPENBSD_SOURCE 1
| | #define _POSIX_PTHREAD_SEMANTICS 1
| | #define __STDC_WANT_IEC_60559_ATTRIBS_EXT__ 1
| | #define __STDC_WANT_IEC_60559_BFP_EXT__ 1
| | #define __STDC_WANT_IEC_60559_DFP_EXT__ 1
| | #define __STDC_WANT_IEC_60559_FUNCS_EXT__ 1
| | #define __STDC_WANT_IEC_60559_TYPES_EXT__ 1
| | #define __STDC_WANT_LIB_EXT2__ 1
| | #define __STDC_WANT_MATH_SPEC_FUNCS__ 1
| | #define _TANDEM_SOURCE 1
| | #define __EXTENSIONS__ 1
| | #define LT_OBJDIR ".libs/"
| | #define YYTEXT_POINTER 1
| | #define HAVE_SYS_TYPES_H 1
| | #define HAVE_SIGNAL_H 1
| | #define HAVE_STDDEF_H 1
| | #define HAVE_SYS_TIME_H 1
| | #define HAVE_LOCALE_H 1
| | #define HAVE_FCNTL_H 1
| | #define HAVE_SIG_ATOMIC_T 1
| | #define COB_KEYWORD_INLINE __inline
| | #define HAVE_VPRINTF 1
| | #define HAVE_MEMMOVE 1
| | #define HAVE_MEMSET 1
| | #define HAVE_SETLOCALE 1
| | /* end confdefs.h.  */
| | /* Define fcntl to an innocuous variant, in case <limits.h> declares fcntl.
| |    For example, HP-UX 11i <limits.h> declares gettimeofday.  */
| | #define fcntl innocuous_fcntl
| | 
| | /* System header to define __stub macros and hopefully few prototypes,
| |    which can conflict with char fcntl (void); below.  */
| | 
| | #include <limits.h>
| | #undef fcntl
| | 
| | /* Override any GCC internal prototype to avoid an error.
| |    Use char because int might match the return type of a GCC
| |    builtin and then its argument prototype would still apply.  */
| | #ifdef __cplusplus
| | extern "C"
| | #endif
| | char fcntl (void);
| | /* The GNU C library defines this for functions which it implements
| |     to always fail with ENOSYS.  Some functions are actually named
| |     something starting with __ and the normal name is an alias.  */
| | #if defined __stub_fcntl || defined __stub___fcntl
| | choke me
| | #endif
| | 
| | int
| | main (void)
| | {
| | return fcntl ();
| |   ;
| |   return 0;
| | }
| configure:15815: result: no
| configure:15821: checking for strerror
| configure:15821: gcc -o conftest.exe -O2   conftest.c  >&5
| configure:15821: $? = 0
| configure:15821: result: yes
| configure:15827: checking for strcasecmp
| configure:15827: gcc -o conftest.exe -O2   conftest.c  >&5
| conftest.c:70:6: warning: conflicting types for built-in function 'strcasecmp'; expected 'int(const char *, const char *)' [-Wbuiltin-declaration-mismatch]
|    70 | char strcasecmp (void);
|       |      ^~~~~~~~~~
| configure:15827: $? = 0
| configure:15827: result: yes
| configure:15833: checking for strchr
| configure:15833: gcc -o conftest.exe -O2   conftest.c  >&5
| conftest.c:71:6: warning: conflicting types for built-in function 'strchr'; expected 'char *(const char *, int)' [-Wbuiltin-declaration-mismatch]
|    71 | char strchr (void);
|       |      ^~~~~~
| conftest.c:63:1: note: 'strchr' is declared in header '<string.h>'
|    62 | #include <limits.h>
|    63 | #undef strchr
| configure:15833: $? = 0
| configure:15833: result: yes
| configure:15839: checking for strrchr
| configure:15839: gcc -o conftest.exe -O2   conftest.c  >&5
| conftest.c:72:6: warning: conflicting types for built-in function 'strrchr'; expected 'char *(const char *, int)' [-Wbuiltin-declaration-mismatch]
|    72 | char strrchr (void);
|       |      ^~~~~~~
| conftest.c:64:1: note: 'strrchr' is declared in header '<string.h>'
|    63 | #include <limits.h>
|    64 | #undef strrchr
| configure:15839: $? = 0
| configure:15839: result: yes
| configure:15845: checking for strdup
| configure:15845: gcc -o conftest.exe -O2   conftest.c  >&5
| conftest.c:73:6: warning: conflicting types for built-in function 'strdup'; expected 'char *(const char *)' [-Wbuiltin-declaration-mismatch]
|    73 | char strdup (void);
|       |      ^~~~~~
| configure:15845: $? = 0
| configure:15845: result: yes
| configure:15851: checking for strstr
| configure:15851: gcc -o conftest.exe -O2   conftest.c  >&5
| conftest.c:74:6: warning: conflicting types for built-in function 'strstr'; expected 'char *(const char *, const char *)' [-Wbuiltin-declaration-mismatch]
|    74 | char strstr (void);
|       |      ^~~~~~
| conftest.c:66:1: note: 'strstr' is declared in header '<string.h>'
|    65 | #include <limits.h>
|    66 | #undef strstr
| configure:15851: $? = 0
| configure:15851: result: yes
| configure:15857: checking for strtol
| configure:15857: gcc -o conftest.exe -O2   conftest.c  >&5
| configure:15857: $? = 0
| configure:15857: result: yes
| configure:15863: checking for gettimeofday
| configure:15863: gcc -o conftest.exe -O2   conftest.c  >&5
| configure:15863: $? = 0
| configure:15863: result: yes
| configure:15869: checking for localeconv
| configure:15869: gcc -o conftest.exe -O2   conftest.c  >&5
| configure:15869: $? = 0
| configure:15869: result: yes
| configure:15875: checking for getexecname
| configure:15875: gcc -o conftest.exe -O2   conftest.c  >&5
| R:/msys64/mingw64/bin/../lib/gcc/x86_64-w64-mingw32/13.1.0/../../../../x86_64-w64-mingw32/bin/ld.exe: R:\msys64\tmp\ccnGALIi.o:conftest.c:(.text.startup+0xa): undefined reference to `getexecname'
| collect2.exe: error: ld returned 1 exit status
| configure:15875: $? = 1
| configure: failed program was:
| | /* confdefs.h */
| | #define PACKAGE_NAME "GnuCOBOL"
| | #define PACKAGE_TARNAME "gnucobol"
| | #define PACKAGE_VERSION "3.2"
| | #define PACKAGE_STRING "GnuCOBOL 3.2"
| | #define PACKAGE_BUGREPORT "bug-gnucobol@gnu.org"
| | #define PACKAGE_URL "https://www.gnu.org/software/gnucobol/"
| | #define PACKAGE "gnucobol"
| | #define PATCH_LEVEL 0
| | #define MAX_CALL_FIELD_PARAMS 192
| | #define HAVE_STDIO_H 1
| | #define HAVE_STDLIB_H 1
| | #define HAVE_STRING_H 1
| | #define HAVE_INTTYPES_H 1
| | #define HAVE_STDINT_H 1
| | #define HAVE_STRINGS_H 1
| | #define HAVE_SYS_STAT_H 1
| | #define HAVE_SYS_TYPES_H 1
| | #define HAVE_UNISTD_H 1
| | #define HAVE_WCHAR_H 1
| | #define STDC_HEADERS 1
| | #define _ALL_SOURCE 1
| | #define _DARWIN_C_SOURCE 1
| | #define _GNU_SOURCE 1
| | #define _HPUX_ALT_XOPEN_SOCKET_API 1
| | #define _NETBSD_SOURCE 1
| | #define _OPENBSD_SOURCE 1
| | #define _POSIX_PTHREAD_SEMANTICS 1
| | #define __STDC_WANT_IEC_60559_ATTRIBS_EXT__ 1
| | #define __STDC_WANT_IEC_60559_BFP_EXT__ 1
| | #define __STDC_WANT_IEC_60559_DFP_EXT__ 1
| | #define __STDC_WANT_IEC_60559_FUNCS_EXT__ 1
| | #define __STDC_WANT_IEC_60559_TYPES_EXT__ 1
| | #define __STDC_WANT_LIB_EXT2__ 1
| | #define __STDC_WANT_MATH_SPEC_FUNCS__ 1
| | #define _TANDEM_SOURCE 1
| | #define __EXTENSIONS__ 1
| | #define LT_OBJDIR ".libs/"
| | #define YYTEXT_POINTER 1
| | #define HAVE_SYS_TYPES_H 1
| | #define HAVE_SIGNAL_H 1
| | #define HAVE_STDDEF_H 1
| | #define HAVE_SYS_TIME_H 1
| | #define HAVE_LOCALE_H 1
| | #define HAVE_FCNTL_H 1
| | #define HAVE_SIG_ATOMIC_T 1
| | #define COB_KEYWORD_INLINE __inline
| | #define HAVE_VPRINTF 1
| | #define HAVE_MEMMOVE 1
| | #define HAVE_MEMSET 1
| | #define HAVE_SETLOCALE 1
| | #define HAVE_STRERROR 1
| | #define HAVE_STRCASECMP 1
| | #define HAVE_STRCHR 1
| | #define HAVE_STRRCHR 1
| | #define HAVE_STRDUP 1
| | #define HAVE_STRSTR 1
| | #define HAVE_STRTOL 1
| | #define HAVE_GETTIMEOFDAY 1
| | #define HAVE_LOCALECONV 1
| | /* end confdefs.h.  */
| | /* Define getexecname to an innocuous variant, in case <limits.h> declares getexecname.
| |    For example, HP-UX 11i <limits.h> declares gettimeofday.  */
| | #define getexecname innocuous_getexecname
| | 
| | /* System header to define __stub macros and hopefully few prototypes,
| |    which can conflict with char getexecname (void); below.  */
| | 
| | #include <limits.h>
| | #undef getexecname
| | 
| | /* Override any GCC internal prototype to avoid an error.
| |    Use char because int might match the return type of a GCC
| |    builtin and then its argument prototype would still apply.  */
| | #ifdef __cplusplus
| | extern "C"
| | #endif
| | char getexecname (void);
| | /* The GNU C library defines this for functions which it implements
| |     to always fail with ENOSYS.  Some functions are actually named
| |     something starting with __ and the normal name is an alias.  */
| | #if defined __stub_getexecname || defined __stub___getexecname
| | choke me
| | #endif
| | 
| | int
| | main (void)
| | {
| | return getexecname ();
| |   ;
| |   return 0;
| | }
| configure:15875: result: no
| configure:15881: checking for canonicalize_file_name
| configure:15881: gcc -o conftest.exe -O2   conftest.c  >&5
| R:/msys64/mingw64/bin/../lib/gcc/x86_64-w64-mingw32/13.1.0/../../../../x86_64-w64-mingw32/bin/ld.exe: R:\msys64\tmp\cccYE9NB.o:conftest.c:(.text.startup+0xa): undefined reference to `canonicalize_file_name'
| collect2.exe: error: ld returned 1 exit status
| configure:15881: $? = 1
| configure: failed program was:
| | /* confdefs.h */
| | #define PACKAGE_NAME "GnuCOBOL"
| | #define PACKAGE_TARNAME "gnucobol"
| | #define PACKAGE_VERSION "3.2"
| | #define PACKAGE_STRING "GnuCOBOL 3.2"
| | #define PACKAGE_BUGREPORT "bug-gnucobol@gnu.org"
| | #define PACKAGE_URL "https://www.gnu.org/software/gnucobol/"
| | #define PACKAGE "gnucobol"
| | #define PATCH_LEVEL 0
| | #define MAX_CALL_FIELD_PARAMS 192
| | #define HAVE_STDIO_H 1
| | #define HAVE_STDLIB_H 1
| | #define HAVE_STRING_H 1
| | #define HAVE_INTTYPES_H 1
| | #define HAVE_STDINT_H 1
| | #define HAVE_STRINGS_H 1
| | #define HAVE_SYS_STAT_H 1
| | #define HAVE_SYS_TYPES_H 1
| | #define HAVE_UNISTD_H 1
| | #define HAVE_WCHAR_H 1
| | #define STDC_HEADERS 1
| | #define _ALL_SOURCE 1
| | #define _DARWIN_C_SOURCE 1
| | #define _GNU_SOURCE 1
| | #define _HPUX_ALT_XOPEN_SOCKET_API 1
| | #define _NETBSD_SOURCE 1
| | #define _OPENBSD_SOURCE 1
| | #define _POSIX_PTHREAD_SEMANTICS 1
| | #define __STDC_WANT_IEC_60559_ATTRIBS_EXT__ 1
| | #define __STDC_WANT_IEC_60559_BFP_EXT__ 1
| | #define __STDC_WANT_IEC_60559_DFP_EXT__ 1
| | #define __STDC_WANT_IEC_60559_FUNCS_EXT__ 1
| | #define __STDC_WANT_IEC_60559_TYPES_EXT__ 1
| | #define __STDC_WANT_LIB_EXT2__ 1
| | #define __STDC_WANT_MATH_SPEC_FUNCS__ 1
| | #define _TANDEM_SOURCE 1
| | #define __EXTENSIONS__ 1
| | #define LT_OBJDIR ".libs/"
| | #define YYTEXT_POINTER 1
| | #define HAVE_SYS_TYPES_H 1
| | #define HAVE_SIGNAL_H 1
| | #define HAVE_STDDEF_H 1
| | #define HAVE_SYS_TIME_H 1
| | #define HAVE_LOCALE_H 1
| | #define HAVE_FCNTL_H 1
| | #define HAVE_SIG_ATOMIC_T 1
| | #define COB_KEYWORD_INLINE __inline
| | #define HAVE_VPRINTF 1
| | #define HAVE_MEMMOVE 1
| | #define HAVE_MEMSET 1
| | #define HAVE_SETLOCALE 1
| | #define HAVE_STRERROR 1
| | #define HAVE_STRCASECMP 1
| | #define HAVE_STRCHR 1
| | #define HAVE_STRRCHR 1
| | #define HAVE_STRDUP 1
| | #define HAVE_STRSTR 1
| | #define HAVE_STRTOL 1
| | #define HAVE_GETTIMEOFDAY 1
| | #define HAVE_LOCALECONV 1
| | /* end confdefs.h.  */
| | /* Define canonicalize_file_name to an innocuous variant, in case <limits.h> declares canonicalize_file_name.
| |    For example, HP-UX 11i <limits.h> declares gettimeofday.  */
| | #define canonicalize_file_name innocuous_canonicalize_file_name
| | 
| | /* System header to define __stub macros and hopefully few prototypes,
| |    which can conflict with char canonicalize_file_name (void); below.  */
| | 
| | #include <limits.h>
| | #undef canonicalize_file_name
| | 
| | /* Override any GCC internal prototype to avoid an error.
| |    Use char because int might match the return type of a GCC
| |    builtin and then its argument prototype would still apply.  */
| | #ifdef __cplusplus
| | extern "C"
| | #endif
| | char canonicalize_file_name (void);
| | /* The GNU C library defines this for functions which it implements
| |     to always fail with ENOSYS.  Some functions are actually named
| |     something starting with __ and the normal name is an alias.  */
| | #if defined __stub_canonicalize_file_name || defined __stub___canonicalize_file_name
| | choke me
| | #endif
| | 
| | int
| | main (void)
| | {
| | return canonicalize_file_name ();
| |   ;
| |   return 0;
| | }
| configure:15881: result: no
| configure:15887: checking for popen
| configure:15887: gcc -o conftest.exe -O2   conftest.c  >&5
| configure:15887: $? = 0
| configure:15887: result: yes
| configure:15893: checking for raise
| configure:15893: gcc -o conftest.exe -O2   conftest.c  >&5
| configure:15893: $? = 0
| configure:15893: result: yes
| configure:15899: checking for readlink
| configure:15899: gcc -o conftest.exe -O2   conftest.c  >&5
| R:/msys64/mingw64/bin/../lib/gcc/x86_64-w64-mingw32/13.1.0/../../../../x86_64-w64-mingw32/bin/ld.exe: R:\msys64\tmp\ccEaARtS.o:conftest.c:(.text.startup+0xa): undefined reference to `readlink'
| collect2.exe: error: ld returned 1 exit status
| configure:15899: $? = 1
| configure: failed program was:
| | /* confdefs.h */
| | #define PACKAGE_NAME "GnuCOBOL"
| | #define PACKAGE_TARNAME "gnucobol"
| | #define PACKAGE_VERSION "3.2"
| | #define PACKAGE_STRING "GnuCOBOL 3.2"
| | #define PACKAGE_BUGREPORT "bug-gnucobol@gnu.org"
| | #define PACKAGE_URL "https://www.gnu.org/software/gnucobol/"
| | #define PACKAGE "gnucobol"
| | #define PATCH_LEVEL 0
| | #define MAX_CALL_FIELD_PARAMS 192
| | #define HAVE_STDIO_H 1
| | #define HAVE_STDLIB_H 1
| | #define HAVE_STRING_H 1
| | #define HAVE_INTTYPES_H 1
| | #define HAVE_STDINT_H 1
| | #define HAVE_STRINGS_H 1
| | #define HAVE_SYS_STAT_H 1
| | #define HAVE_SYS_TYPES_H 1
| | #define HAVE_UNISTD_H 1
| | #define HAVE_WCHAR_H 1
| | #define STDC_HEADERS 1
| | #define _ALL_SOURCE 1
| | #define _DARWIN_C_SOURCE 1
| | #define _GNU_SOURCE 1
| | #define _HPUX_ALT_XOPEN_SOCKET_API 1
| | #define _NETBSD_SOURCE 1
| | #define _OPENBSD_SOURCE 1
| | #define _POSIX_PTHREAD_SEMANTICS 1
| | #define __STDC_WANT_IEC_60559_ATTRIBS_EXT__ 1
| | #define __STDC_WANT_IEC_60559_BFP_EXT__ 1
| | #define __STDC_WANT_IEC_60559_DFP_EXT__ 1
| | #define __STDC_WANT_IEC_60559_FUNCS_EXT__ 1
| | #define __STDC_WANT_IEC_60559_TYPES_EXT__ 1
| | #define __STDC_WANT_LIB_EXT2__ 1
| | #define __STDC_WANT_MATH_SPEC_FUNCS__ 1
| | #define _TANDEM_SOURCE 1
| | #define __EXTENSIONS__ 1
| | #define LT_OBJDIR ".libs/"
| | #define YYTEXT_POINTER 1
| | #define HAVE_SYS_TYPES_H 1
| | #define HAVE_SIGNAL_H 1
| | #define HAVE_STDDEF_H 1
| | #define HAVE_SYS_TIME_H 1
| | #define HAVE_LOCALE_H 1
| | #define HAVE_FCNTL_H 1
| | #define HAVE_SIG_ATOMIC_T 1
| | #define COB_KEYWORD_INLINE __inline
| | #define HAVE_VPRINTF 1
| | #define HAVE_MEMMOVE 1
| | #define HAVE_MEMSET 1
| | #define HAVE_SETLOCALE 1
| | #define HAVE_STRERROR 1
| | #define HAVE_STRCASECMP 1
| | #define HAVE_STRCHR 1
| | #define HAVE_STRRCHR 1
| | #define HAVE_STRDUP 1
| | #define HAVE_STRSTR 1
| | #define HAVE_STRTOL 1
| | #define HAVE_GETTIMEOFDAY 1
| | #define HAVE_LOCALECONV 1
| | #define HAVE_POPEN 1
| | #define HAVE_RAISE 1
| | /* end confdefs.h.  */
| | /* Define readlink to an innocuous variant, in case <limits.h> declares readlink.
| |    For example, HP-UX 11i <limits.h> declares gettimeofday.  */
| | #define readlink innocuous_readlink
| | 
| | /* System header to define __stub macros and hopefully few prototypes,
| |    which can conflict with char readlink (void); below.  */
| | 
| | #include <limits.h>
| | #undef readlink
| | 
| | /* Override any GCC internal prototype to avoid an error.
| |    Use char because int might match the return type of a GCC
| |    builtin and then its argument prototype would still apply.  */
| | #ifdef __cplusplus
| | extern "C"
| | #endif
| | char readlink (void);
| | /* The GNU C library defines this for functions which it implements
| |     to always fail with ENOSYS.  Some functions are actually named
| |     something starting with __ and the normal name is an alias.  */
| | #if defined __stub_readlink || defined __stub___readlink
| | choke me
| | #endif
| | 
| | int
| | main (void)
| | {
| | return readlink ();
| |   ;
| |   return 0;
| | }
| configure:15899: result: no
| configure:15905: checking for realpath
| configure:15905: gcc -o conftest.exe -O2   conftest.c  >&5
| R:/msys64/mingw64/bin/../lib/gcc/x86_64-w64-mingw32/13.1.0/../../../../x86_64-w64-mingw32/bin/ld.exe: R:\msys64\tmp\ccosFBhq.o:conftest.c:(.text.startup+0xa): undefined reference to `realpath'
| collect2.exe: error: ld returned 1 exit status
| configure:15905: $? = 1
| configure: failed program was:
| | /* confdefs.h */
| | #define PACKAGE_NAME "GnuCOBOL"
| | #define PACKAGE_TARNAME "gnucobol"
| | #define PACKAGE_VERSION "3.2"
| | #define PACKAGE_STRING "GnuCOBOL 3.2"
| | #define PACKAGE_BUGREPORT "bug-gnucobol@gnu.org"
| | #define PACKAGE_URL "https://www.gnu.org/software/gnucobol/"
| | #define PACKAGE "gnucobol"
| | #define PATCH_LEVEL 0
| | #define MAX_CALL_FIELD_PARAMS 192
| | #define HAVE_STDIO_H 1
| | #define HAVE_STDLIB_H 1
| | #define HAVE_STRING_H 1
| | #define HAVE_INTTYPES_H 1
| | #define HAVE_STDINT_H 1
| | #define HAVE_STRINGS_H 1
| | #define HAVE_SYS_STAT_H 1
| | #define HAVE_SYS_TYPES_H 1
| | #define HAVE_UNISTD_H 1
| | #define HAVE_WCHAR_H 1
| | #define STDC_HEADERS 1
| | #define _ALL_SOURCE 1
| | #define _DARWIN_C_SOURCE 1
| | #define _GNU_SOURCE 1
| | #define _HPUX_ALT_XOPEN_SOCKET_API 1
| | #define _NETBSD_SOURCE 1
| | #define _OPENBSD_SOURCE 1
| | #define _POSIX_PTHREAD_SEMANTICS 1
| | #define __STDC_WANT_IEC_60559_ATTRIBS_EXT__ 1
| | #define __STDC_WANT_IEC_60559_BFP_EXT__ 1
| | #define __STDC_WANT_IEC_60559_DFP_EXT__ 1
| | #define __STDC_WANT_IEC_60559_FUNCS_EXT__ 1
| | #define __STDC_WANT_IEC_60559_TYPES_EXT__ 1
| | #define __STDC_WANT_LIB_EXT2__ 1
| | #define __STDC_WANT_MATH_SPEC_FUNCS__ 1
| | #define _TANDEM_SOURCE 1
| | #define __EXTENSIONS__ 1
| | #define LT_OBJDIR ".libs/"
| | #define YYTEXT_POINTER 1
| | #define HAVE_SYS_TYPES_H 1
| | #define HAVE_SIGNAL_H 1
| | #define HAVE_STDDEF_H 1
| | #define HAVE_SYS_TIME_H 1
| | #define HAVE_LOCALE_H 1
| | #define HAVE_FCNTL_H 1
| | #define HAVE_SIG_ATOMIC_T 1
| | #define COB_KEYWORD_INLINE __inline
| | #define HAVE_VPRINTF 1
| | #define HAVE_MEMMOVE 1
| | #define HAVE_MEMSET 1
| | #define HAVE_SETLOCALE 1
| | #define HAVE_STRERROR 1
| | #define HAVE_STRCASECMP 1
| | #define HAVE_STRCHR 1
| | #define HAVE_STRRCHR 1
| | #define HAVE_STRDUP 1
| | #define HAVE_STRSTR 1
| | #define HAVE_STRTOL 1
| | #define HAVE_GETTIMEOFDAY 1
| | #define HAVE_LOCALECONV 1
| | #define HAVE_POPEN 1
| | #define HAVE_RAISE 1
| | /* end confdefs.h.  */
| | /* Define realpath to an innocuous variant, in case <limits.h> declares realpath.
| |    For example, HP-UX 11i <limits.h> declares gettimeofday.  */
| | #define realpath innocuous_realpath
| | 
| | /* System header to define __stub macros and hopefully few prototypes,
| |    which can conflict with char realpath (void); below.  */
| | 
| | #include <limits.h>
| | #undef realpath
| | 
| | /* Override any GCC internal prototype to avoid an error.
| |    Use char because int might match the return type of a GCC
| |    builtin and then its argument prototype would still apply.  */
| | #ifdef __cplusplus
| | extern "C"
| | #endif
| | char realpath (void);
| | /* The GNU C library defines this for functions which it implements
| |     to always fail with ENOSYS.  Some functions are actually named
| |     something starting with __ and the normal name is an alias.  */
| | #if defined __stub_realpath || defined __stub___realpath
| | choke me
| | #endif
| | 
| | int
| | main (void)
| | {
| | return realpath ();
| |   ;
| |   return 0;
| | }
| configure:15905: result: no
| configure:15911: checking for setenv
| configure:15911: gcc -o conftest.exe -O2   conftest.c  >&5
| R:/msys64/mingw64/bin/../lib/gcc/x86_64-w64-mingw32/13.1.0/../../../../x86_64-w64-mingw32/bin/ld.exe: R:\msys64\tmp\cceQEbkD.o:conftest.c:(.text.startup+0xa): undefined reference to `setenv'
| collect2.exe: error: ld returned 1 exit status
| configure:15911: $? = 1
| configure: failed program was:
| | /* confdefs.h */
| | #define PACKAGE_NAME "GnuCOBOL"
| | #define PACKAGE_TARNAME "gnucobol"
| | #define PACKAGE_VERSION "3.2"
| | #define PACKAGE_STRING "GnuCOBOL 3.2"
| | #define PACKAGE_BUGREPORT "bug-gnucobol@gnu.org"
| | #define PACKAGE_URL "https://www.gnu.org/software/gnucobol/"
| | #define PACKAGE "gnucobol"
| | #define PATCH_LEVEL 0
| | #define MAX_CALL_FIELD_PARAMS 192
| | #define HAVE_STDIO_H 1
| | #define HAVE_STDLIB_H 1
| | #define HAVE_STRING_H 1
| | #define HAVE_INTTYPES_H 1
| | #define HAVE_STDINT_H 1
| | #define HAVE_STRINGS_H 1
| | #define HAVE_SYS_STAT_H 1
| | #define HAVE_SYS_TYPES_H 1
| | #define HAVE_UNISTD_H 1
| | #define HAVE_WCHAR_H 1
| | #define STDC_HEADERS 1
| | #define _ALL_SOURCE 1
| | #define _DARWIN_C_SOURCE 1
| | #define _GNU_SOURCE 1
| | #define _HPUX_ALT_XOPEN_SOCKET_API 1
| | #define _NETBSD_SOURCE 1
| | #define _OPENBSD_SOURCE 1
| | #define _POSIX_PTHREAD_SEMANTICS 1
| | #define __STDC_WANT_IEC_60559_ATTRIBS_EXT__ 1
| | #define __STDC_WANT_IEC_60559_BFP_EXT__ 1
| | #define __STDC_WANT_IEC_60559_DFP_EXT__ 1
| | #define __STDC_WANT_IEC_60559_FUNCS_EXT__ 1
| | #define __STDC_WANT_IEC_60559_TYPES_EXT__ 1
| | #define __STDC_WANT_LIB_EXT2__ 1
| | #define __STDC_WANT_MATH_SPEC_FUNCS__ 1
| | #define _TANDEM_SOURCE 1
| | #define __EXTENSIONS__ 1
| | #define LT_OBJDIR ".libs/"
| | #define YYTEXT_POINTER 1
| | #define HAVE_SYS_TYPES_H 1
| | #define HAVE_SIGNAL_H 1
| | #define HAVE_STDDEF_H 1
| | #define HAVE_SYS_TIME_H 1
| | #define HAVE_LOCALE_H 1
| | #define HAVE_FCNTL_H 1
| | #define HAVE_SIG_ATOMIC_T 1
| | #define COB_KEYWORD_INLINE __inline
| | #define HAVE_VPRINTF 1
| | #define HAVE_MEMMOVE 1
| | #define HAVE_MEMSET 1
| | #define HAVE_SETLOCALE 1
| | #define HAVE_STRERROR 1
| | #define HAVE_STRCASECMP 1
| | #define HAVE_STRCHR 1
| | #define HAVE_STRRCHR 1
| | #define HAVE_STRDUP 1
| | #define HAVE_STRSTR 1
| | #define HAVE_STRTOL 1
| | #define HAVE_GETTIMEOFDAY 1
| | #define HAVE_LOCALECONV 1
| | #define HAVE_POPEN 1
| | #define HAVE_RAISE 1
| | /* end confdefs.h.  */
| | /* Define setenv to an innocuous variant, in case <limits.h> declares setenv.
| |    For example, HP-UX 11i <limits.h> declares gettimeofday.  */
| | #define setenv innocuous_setenv
| | 
| | /* System header to define __stub macros and hopefully few prototypes,
| |    which can conflict with char setenv (void); below.  */
| | 
| | #include <limits.h>
| | #undef setenv
| | 
| | /* Override any GCC internal prototype to avoid an error.
| |    Use char because int might match the return type of a GCC
| |    builtin and then its argument prototype would still apply.  */
| | #ifdef __cplusplus
| | extern "C"
| | #endif
| | char setenv (void);
| | /* The GNU C library defines this for functions which it implements
| |     to always fail with ENOSYS.  Some functions are actually named
| |     something starting with __ and the normal name is an alias.  */
| | #if defined __stub_setenv || defined __stub___setenv
| | choke me
| | #endif
| | 
| | int
| | main (void)
| | {
| | return setenv ();
| |   ;
| |   return 0;
| | }
| configure:15911: result: no
| configure:15917: checking for strcoll
| configure:15917: gcc -o conftest.exe -O2   conftest.c  >&5
| configure:15917: $? = 0
| configure:15917: result: yes
| configure:15923: checking for flockfile
| configure:15923: gcc -o conftest.exe -O2   conftest.c  >&5
| R:/msys64/mingw64/bin/../lib/gcc/x86_64-w64-mingw32/13.1.0/../../../../x86_64-w64-mingw32/bin/ld.exe: R:\msys64\tmp\ccEtOxPr.o:conftest.c:(.text.startup+0xa): undefined reference to `flockfile'
| collect2.exe: error: ld returned 1 exit status
| configure:15923: $? = 1
| configure: failed program was:
| | /* confdefs.h */
| | #define PACKAGE_NAME "GnuCOBOL"
| | #define PACKAGE_TARNAME "gnucobol"
| | #define PACKAGE_VERSION "3.2"
| | #define PACKAGE_STRING "GnuCOBOL 3.2"
| | #define PACKAGE_BUGREPORT "bug-gnucobol@gnu.org"
| | #define PACKAGE_URL "https://www.gnu.org/software/gnucobol/"
| | #define PACKAGE "gnucobol"
| | #define PATCH_LEVEL 0
| | #define MAX_CALL_FIELD_PARAMS 192
| | #define HAVE_STDIO_H 1
| | #define HAVE_STDLIB_H 1
| | #define HAVE_STRING_H 1
| | #define HAVE_INTTYPES_H 1
| | #define HAVE_STDINT_H 1
| | #define HAVE_STRINGS_H 1
| | #define HAVE_SYS_STAT_H 1
| | #define HAVE_SYS_TYPES_H 1
| | #define HAVE_UNISTD_H 1
| | #define HAVE_WCHAR_H 1
| | #define STDC_HEADERS 1
| | #define _ALL_SOURCE 1
| | #define _DARWIN_C_SOURCE 1
| | #define _GNU_SOURCE 1
| | #define _HPUX_ALT_XOPEN_SOCKET_API 1
| | #define _NETBSD_SOURCE 1
| | #define _OPENBSD_SOURCE 1
| | #define _POSIX_PTHREAD_SEMANTICS 1
| | #define __STDC_WANT_IEC_60559_ATTRIBS_EXT__ 1
| | #define __STDC_WANT_IEC_60559_BFP_EXT__ 1
| | #define __STDC_WANT_IEC_60559_DFP_EXT__ 1
| | #define __STDC_WANT_IEC_60559_FUNCS_EXT__ 1
| | #define __STDC_WANT_IEC_60559_TYPES_EXT__ 1
| | #define __STDC_WANT_LIB_EXT2__ 1
| | #define __STDC_WANT_MATH_SPEC_FUNCS__ 1
| | #define _TANDEM_SOURCE 1
| | #define __EXTENSIONS__ 1
| | #define LT_OBJDIR ".libs/"
| | #define YYTEXT_POINTER 1
| | #define HAVE_SYS_TYPES_H 1
| | #define HAVE_SIGNAL_H 1
| | #define HAVE_STDDEF_H 1
| | #define HAVE_SYS_TIME_H 1
| | #define HAVE_LOCALE_H 1
| | #define HAVE_FCNTL_H 1
| | #define HAVE_SIG_ATOMIC_T 1
| | #define COB_KEYWORD_INLINE __inline
| | #define HAVE_VPRINTF 1
| | #define HAVE_MEMMOVE 1
| | #define HAVE_MEMSET 1
| | #define HAVE_SETLOCALE 1
| | #define HAVE_STRERROR 1
| | #define HAVE_STRCASECMP 1
| | #define HAVE_STRCHR 1
| | #define HAVE_STRRCHR 1
| | #define HAVE_STRDUP 1
| | #define HAVE_STRSTR 1
| | #define HAVE_STRTOL 1
| | #define HAVE_GETTIMEOFDAY 1
| | #define HAVE_LOCALECONV 1
| | #define HAVE_POPEN 1
| | #define HAVE_RAISE 1
| | #define HAVE_STRCOLL 1
| | /* end confdefs.h.  */
| | /* Define flockfile to an innocuous variant, in case <limits.h> declares flockfile.
| |    For example, HP-UX 11i <limits.h> declares gettimeofday.  */
| | #define flockfile innocuous_flockfile
| | 
| | /* System header to define __stub macros and hopefully few prototypes,
| |    which can conflict with char flockfile (void); below.  */
| | 
| | #include <limits.h>
| | #undef flockfile
| | 
| | /* Override any GCC internal prototype to avoid an error.
| |    Use char because int might match the return type of a GCC
| |    builtin and then its argument prototype would still apply.  */
| | #ifdef __cplusplus
| | extern "C"
| | #endif
| | char flockfile (void);
| | /* The GNU C library defines this for functions which it implements
| |     to always fail with ENOSYS.  Some functions are actually named
| |     something starting with __ and the normal name is an alias.  */
| | #if defined __stub_flockfile || defined __stub___flockfile
| | choke me
| | #endif
| | 
| | int
| | main (void)
| | {
| | return flockfile ();
| |   ;
| |   return 0;
| | }
| configure:15923: result: no
| configure:16011: checking for timezone variable access
| configure:16029: gcc -c -O2  conftest.c >&5
| configure:16029: $? = 0
| configure:16039: result: yes
| configure:16047: checking for designated initializers
| configure:16068: gcc -c -O2  conftest.c >&5
| configure:16068: $? = 0
| configure:16078: result: yes
| configure:16197: Checks for math library ...
| configure:16202: none needed
| configure:16239: checking whether to build with code coverage support
| configure:16260: result: no
| configure:16662: checking for pkg-config
| configure:16685: found /usr/bin/pkg-config
| configure:16697: result: /usr/bin/pkg-config
| configure:16722: checking pkg-config is at least version 0.9.0
| configure:16725: result: yes
| configure:16736: Checks for GMP/MPIR ...
| configure:16773: checking for gmp
| configure:16780: $PKG_CONFIG --exists --print-errors "gmp"
| configure:16783: $? = 0
| configure:16797: $PKG_CONFIG --exists --print-errors "gmp"
| configure:16800: $? = 0
| configure:16986: result: yes
| configure:16998: checking for gmp.h
| configure:16998: gcc -c -O2   -Wall -Werror conftest.c >&5
| configure:16998: $? = 0
| configure:16998: result: yes
| configure:17003: checking whether linking against libgmp with "-lgmp" works
| configure:17016: gcc -o conftest.exe -O2   -Wall -Werror  conftest.c   -lgmp >&5
| configure:17016: $? = 0
| configure:17018: result: yes
| configure:17195: checking matching GMP version
| configure:17228: gcc -o conftest.exe -O2   -Wall -Werror -Wall -Werror  conftest.c   -lgmp >&5
| configure:17228: $? = 0
| configure:17228: ./conftest.exe
| configure:17228: $? = 0
| configure:17267: gcc -o conftest.exe -O2   -Wall -Werror -Wall -Werror  conftest.c   -lgmp >&5
| configure:17267: $? = 0
| configure:17267: ./conftest.exe
| configure:17267: $? = 0
| configure:17285: result: yes (6.2)
| configure:17297: checking for __gmp_get_memory_functions in -lgmp
| configure:17326: gcc -o conftest.exe -O2   -Wall -Werror -Wall -Werror  conftest.c -lgmp    -lgmp >&5
| configure:17326: $? = 0
| configure:17337: result: yes
| configure:17366: checking for libxml-2.0
| configure:17373: $PKG_CONFIG --exists --print-errors "libxml-2.0"
| configure:17376: $? = 0
| configure:17390: $PKG_CONFIG --exists --print-errors "libxml-2.0"
| configure:17393: $? = 0
| configure:17541: result: yes
| configure:17555: checking for libxml/xmlwriter.h
| configure:17555: gcc -c -O2  -I/mingw64/include/libxml2 conftest.c >&5
| configure:17555: $? = 0
| configure:17555: result: yes
| configure:17555: checking for libxml/xmlversion.h
| configure:17555: gcc -c -O2  -I/mingw64/include/libxml2 conftest.c >&5
| configure:17555: $? = 0
| configure:17555: result: yes
| configure:17555: checking for libxml/uri.h
| configure:17555: gcc -c -O2  -I/mingw64/include/libxml2 conftest.c >&5
| configure:17555: $? = 0
| configure:17555: result: yes
| configure:17555: checking for libxml/parser.h
| configure:17555: gcc -c -O2  -I/mingw64/include/libxml2 conftest.c >&5
| configure:17555: $? = 0
| configure:17555: result: yes
| configure:17555: checking for libxml/tree.h
| configure:17555: gcc -c -O2  -I/mingw64/include/libxml2 conftest.c >&5
| configure:17555: $? = 0
| configure:17555: result: yes
| configure:17574: checking for LIBXML_WRITER_ENABLED defined in libxml/xmlwriter.h
| configure:17598: gcc -c -O2  -I/mingw64/include/libxml2 conftest.c >&5
| configure:17598: $? = 0
| configure:17606: result: yes
| configure:17623: checking whether linking against libxml2 with "-lxml2" works
| configure:17636: gcc -o conftest.exe -O2  -I/mingw64/include/libxml2  conftest.c   -lgmp -lxml2 >&5
| configure:17636: $? = 0
| configure:17639: result: yes
| configure:17671: Checks for JSON handler
| configure:17703: Checks for local cJSON ...
| configure:17789: using local cJSON: no
| configure:17796: checking for libcjson
| configure:17803: $PKG_CONFIG --exists --print-errors "libcjson"
| configure:17806: $? = 0
| configure:17820: $PKG_CONFIG --exists --print-errors "libcjson"
| configure:17823: $? = 0
| configure:17863: result: yes
| configure:17875: checking for cJSON.h
| configure:17875: gcc -c -O2  -I/mingw64/include/cjson conftest.c >&5
| configure:17875: $? = 0
| configure:17875: result: yes
| configure:17896: checking whether linking against libcjson with "-lcjson" works
| configure:17917: gcc -o conftest.exe -O2  -I/mingw64/include/cjson  conftest.c   -lgmp -lxml2 -lcjson >&5
| configure:17917: $? = 0
| configure:17919: result: yes
| configure:18194: gcc -o conftest.exe -O2   conftest.c   -lgmp -lxml2 -lcjson >&5
| configure:18194: $? = 0
| configure:18312: checking for clock_gettime and CLOCK_REALTIME
| configure:18325: gcc -o conftest.exe -O2   conftest.c   -lgmp -lxml2 -lcjson >&5
| configure:18325: $? = 0
| configure:18328: result: yes
| configure:18337: checking for isfinite
| configure:18350: gcc -o conftest.exe -O2   conftest.c   -lgmp -lxml2 -lcjson >&5
| configure:18350: $? = 0
| configure:18353: result: yes
| configure:18575: checking for fdatasync
| configure:18575: gcc -o conftest.exe -O2   conftest.c   -lgmp -lxml2 -lcjson >&5
| R:/msys64/mingw64/bin/../lib/gcc/x86_64-w64-mingw32/13.1.0/../../../../x86_64-w64-mingw32/bin/ld.exe: R:\msys64\tmp\ccQB7Etz.o:conftest.c:(.text.startup+0xa): undefined reference to `fdatasync'
| collect2.exe: error: ld returned 1 exit status
| configure:18575: $? = 1
| configure: failed program was:
| | /* confdefs.h */
| | #define PACKAGE_NAME "GnuCOBOL"
| | #define PACKAGE_TARNAME "gnucobol"
| | #define PACKAGE_VERSION "3.2"
| | #define PACKAGE_STRING "GnuCOBOL 3.2"
| | #define PACKAGE_BUGREPORT "bug-gnucobol@gnu.org"
| | #define PACKAGE_URL "https://www.gnu.org/software/gnucobol/"
| | #define PACKAGE "gnucobol"
| | #define PATCH_LEVEL 0
| | #define MAX_CALL_FIELD_PARAMS 192
| | #define HAVE_STDIO_H 1
| | #define HAVE_STDLIB_H 1
| | #define HAVE_STRING_H 1
| | #define HAVE_INTTYPES_H 1
| | #define HAVE_STDINT_H 1
| | #define HAVE_STRINGS_H 1
| | #define HAVE_SYS_STAT_H 1
| | #define HAVE_SYS_TYPES_H 1
| | #define HAVE_UNISTD_H 1
| | #define HAVE_WCHAR_H 1
| | #define STDC_HEADERS 1
| | #define _ALL_SOURCE 1
| | #define _DARWIN_C_SOURCE 1
| | #define _GNU_SOURCE 1
| | #define _HPUX_ALT_XOPEN_SOCKET_API 1
| | #define _NETBSD_SOURCE 1
| | #define _OPENBSD_SOURCE 1
| | #define _POSIX_PTHREAD_SEMANTICS 1
| | #define __STDC_WANT_IEC_60559_ATTRIBS_EXT__ 1
| | #define __STDC_WANT_IEC_60559_BFP_EXT__ 1
| | #define __STDC_WANT_IEC_60559_DFP_EXT__ 1
| | #define __STDC_WANT_IEC_60559_FUNCS_EXT__ 1
| | #define __STDC_WANT_IEC_60559_TYPES_EXT__ 1
| | #define __STDC_WANT_LIB_EXT2__ 1
| | #define __STDC_WANT_MATH_SPEC_FUNCS__ 1
| | #define _TANDEM_SOURCE 1
| | #define __EXTENSIONS__ 1
| | #define LT_OBJDIR ".libs/"
| | #define YYTEXT_POINTER 1
| | #define HAVE_SYS_TYPES_H 1
| | #define HAVE_SIGNAL_H 1
| | #define HAVE_STDDEF_H 1
| | #define HAVE_SYS_TIME_H 1
| | #define HAVE_LOCALE_H 1
| | #define HAVE_FCNTL_H 1
| | #define HAVE_SIG_ATOMIC_T 1
| | #define COB_KEYWORD_INLINE __inline
| | #define HAVE_VPRINTF 1
| | #define HAVE_MEMMOVE 1
| | #define HAVE_MEMSET 1
| | #define HAVE_SETLOCALE 1
| | #define HAVE_STRERROR 1
| | #define HAVE_STRCASECMP 1
| | #define HAVE_STRCHR 1
| | #define HAVE_STRRCHR 1
| | #define HAVE_STRDUP 1
| | #define HAVE_STRSTR 1
| | #define HAVE_STRTOL 1
| | #define HAVE_GETTIMEOFDAY 1
| | #define HAVE_LOCALECONV 1
| | #define HAVE_POPEN 1
| | #define HAVE_RAISE 1
| | #define HAVE_STRCOLL 1
| | #define HAVE_TIMEZONE 1
| | #define HAVE_DESIGNATED_INITS 1
| | #define HAVE_GMP_H 1
| | #define HAVE_MP_GET_MEMORY_FUNCTIONS 1
| | #define WITH_XML2 1
| | #define HAVE_CJSON_H 1
| | #define WITH_CJSON 1
| | #define WITH_JSON "cjson"
| | #define WITH_VARSEQ 0
| | #define HAVE_NANO_SLEEP 1
| | #define HAVE_CLOCK_GETTIME 1
| | #define HAVE_ISFINITE 1
| | /* end confdefs.h.  */
| | /* Define fdatasync to an innocuous variant, in case <limits.h> declares fdatasync.
| |    For example, HP-UX 11i <limits.h> declares gettimeofday.  */
| | #define fdatasync innocuous_fdatasync
| | 
| | /* System header to define __stub macros and hopefully few prototypes,
| |    which can conflict with char fdatasync (void); below.  */
| | 
| | #include <limits.h>
| | #undef fdatasync
| | 
| | /* Override any GCC internal prototype to avoid an error.
| |    Use char because int might match the return type of a GCC
| |    builtin and then its argument prototype would still apply.  */
| | #ifdef __cplusplus
| | extern "C"
| | #endif
| | char fdatasync (void);
| | /* The GNU C library defines this for functions which it implements
| |     to always fail with ENOSYS.  Some functions are actually named
| |     something starting with __ and the normal name is an alias.  */
| | #if defined __stub_fdatasync || defined __stub___fdatasync
| | choke me
| | #endif
| | 
| | int
| | main (void)
| | {
| | return fdatasync ();
| |   ;
| |   return 0;
| | }
| configure:18575: result: no
| configure:18581: checking for sigaction
| configure:18581: gcc -o conftest.exe -O2   conftest.c   -lgmp -lxml2 -lcjson >&5
| R:/msys64/mingw64/bin/../lib/gcc/x86_64-w64-mingw32/13.1.0/../../../../x86_64-w64-mingw32/bin/ld.exe: R:\msys64\tmp\ccGqAtp7.o:conftest.c:(.text.startup+0xa): undefined reference to `sigaction'
| collect2.exe: error: ld returned 1 exit status
| configure:18581: $? = 1
| configure: failed program was:
| | /* confdefs.h */
| | #define PACKAGE_NAME "GnuCOBOL"
| | #define PACKAGE_TARNAME "gnucobol"
| | #define PACKAGE_VERSION "3.2"
| | #define PACKAGE_STRING "GnuCOBOL 3.2"
| | #define PACKAGE_BUGREPORT "bug-gnucobol@gnu.org"
| | #define PACKAGE_URL "https://www.gnu.org/software/gnucobol/"
| | #define PACKAGE "gnucobol"
| | #define PATCH_LEVEL 0
| | #define MAX_CALL_FIELD_PARAMS 192
| | #define HAVE_STDIO_H 1
| | #define HAVE_STDLIB_H 1
| | #define HAVE_STRING_H 1
| | #define HAVE_INTTYPES_H 1
| | #define HAVE_STDINT_H 1
| | #define HAVE_STRINGS_H 1
| | #define HAVE_SYS_STAT_H 1
| | #define HAVE_SYS_TYPES_H 1
| | #define HAVE_UNISTD_H 1
| | #define HAVE_WCHAR_H 1
| | #define STDC_HEADERS 1
| | #define _ALL_SOURCE 1
| | #define _DARWIN_C_SOURCE 1
| | #define _GNU_SOURCE 1
| | #define _HPUX_ALT_XOPEN_SOCKET_API 1
| | #define _NETBSD_SOURCE 1
| | #define _OPENBSD_SOURCE 1
| | #define _POSIX_PTHREAD_SEMANTICS 1
| | #define __STDC_WANT_IEC_60559_ATTRIBS_EXT__ 1
| | #define __STDC_WANT_IEC_60559_BFP_EXT__ 1
| | #define __STDC_WANT_IEC_60559_DFP_EXT__ 1
| | #define __STDC_WANT_IEC_60559_FUNCS_EXT__ 1
| | #define __STDC_WANT_IEC_60559_TYPES_EXT__ 1
| | #define __STDC_WANT_LIB_EXT2__ 1
| | #define __STDC_WANT_MATH_SPEC_FUNCS__ 1
| | #define _TANDEM_SOURCE 1
| | #define __EXTENSIONS__ 1
| | #define LT_OBJDIR ".libs/"
| | #define YYTEXT_POINTER 1
| | #define HAVE_SYS_TYPES_H 1
| | #define HAVE_SIGNAL_H 1
| | #define HAVE_STDDEF_H 1
| | #define HAVE_SYS_TIME_H 1
| | #define HAVE_LOCALE_H 1
| | #define HAVE_FCNTL_H 1
| | #define HAVE_SIG_ATOMIC_T 1
| | #define COB_KEYWORD_INLINE __inline
| | #define HAVE_VPRINTF 1
| | #define HAVE_MEMMOVE 1
| | #define HAVE_MEMSET 1
| | #define HAVE_SETLOCALE 1
| | #define HAVE_STRERROR 1
| | #define HAVE_STRCASECMP 1
| | #define HAVE_STRCHR 1
| | #define HAVE_STRRCHR 1
| | #define HAVE_STRDUP 1
| | #define HAVE_STRSTR 1
| | #define HAVE_STRTOL 1
| | #define HAVE_GETTIMEOFDAY 1
| | #define HAVE_LOCALECONV 1
| | #define HAVE_POPEN 1
| | #define HAVE_RAISE 1
| | #define HAVE_STRCOLL 1
| | #define HAVE_TIMEZONE 1
| | #define HAVE_DESIGNATED_INITS 1
| | #define HAVE_GMP_H 1
| | #define HAVE_MP_GET_MEMORY_FUNCTIONS 1
| | #define WITH_XML2 1
| | #define HAVE_CJSON_H 1
| | #define WITH_CJSON 1
| | #define WITH_JSON "cjson"
| | #define WITH_VARSEQ 0
| | #define HAVE_NANO_SLEEP 1
| | #define HAVE_CLOCK_GETTIME 1
| | #define HAVE_ISFINITE 1
| | /* end confdefs.h.  */
| | /* Define sigaction to an innocuous variant, in case <limits.h> declares sigaction.
| |    For example, HP-UX 11i <limits.h> declares gettimeofday.  */
| | #define sigaction innocuous_sigaction
| | 
| | /* System header to define __stub macros and hopefully few prototypes,
| |    which can conflict with char sigaction (void); below.  */
| | 
| | #include <limits.h>
| | #undef sigaction
| | 
| | /* Override any GCC internal prototype to avoid an error.
| |    Use char because int might match the return type of a GCC
| |    builtin and then its argument prototype would still apply.  */
| | #ifdef __cplusplus
| | extern "C"
| | #endif
| | char sigaction (void);
| | /* The GNU C library defines this for functions which it implements
| |     to always fail with ENOSYS.  Some functions are actually named
| |     something starting with __ and the normal name is an alias.  */
| | #if defined __stub_sigaction || defined __stub___sigaction
| | choke me
| | #endif
| | 
| | int
| | main (void)
| | {
| | return sigaction ();
| |   ;
| |   return 0;
| | }
| configure:18581: result: no
| configure:18587: checking for fmemopen
| configure:18587: gcc -o conftest.exe -O2   conftest.c   -lgmp -lxml2 -lcjson >&5
| R:/msys64/mingw64/bin/../lib/gcc/x86_64-w64-mingw32/13.1.0/../../../../x86_64-w64-mingw32/bin/ld.exe: R:\msys64\tmp\ccI6RFco.o:conftest.c:(.text.startup+0xa): undefined reference to `fmemopen'
| collect2.exe: error: ld returned 1 exit status
| configure:18587: $? = 1
| configure: failed program was:
| | /* confdefs.h */
| | #define PACKAGE_NAME "GnuCOBOL"
| | #define PACKAGE_TARNAME "gnucobol"
| | #define PACKAGE_VERSION "3.2"
| | #define PACKAGE_STRING "GnuCOBOL 3.2"
| | #define PACKAGE_BUGREPORT "bug-gnucobol@gnu.org"
| | #define PACKAGE_URL "https://www.gnu.org/software/gnucobol/"
| | #define PACKAGE "gnucobol"
| | #define PATCH_LEVEL 0
| | #define MAX_CALL_FIELD_PARAMS 192
| | #define HAVE_STDIO_H 1
| | #define HAVE_STDLIB_H 1
| | #define HAVE_STRING_H 1
| | #define HAVE_INTTYPES_H 1
| | #define HAVE_STDINT_H 1
| | #define HAVE_STRINGS_H 1
| | #define HAVE_SYS_STAT_H 1
| | #define HAVE_SYS_TYPES_H 1
| | #define HAVE_UNISTD_H 1
| | #define HAVE_WCHAR_H 1
| | #define STDC_HEADERS 1
| | #define _ALL_SOURCE 1
| | #define _DARWIN_C_SOURCE 1
| | #define _GNU_SOURCE 1
| | #define _HPUX_ALT_XOPEN_SOCKET_API 1
| | #define _NETBSD_SOURCE 1
| | #define _OPENBSD_SOURCE 1
| | #define _POSIX_PTHREAD_SEMANTICS 1
| | #define __STDC_WANT_IEC_60559_ATTRIBS_EXT__ 1
| | #define __STDC_WANT_IEC_60559_BFP_EXT__ 1
| | #define __STDC_WANT_IEC_60559_DFP_EXT__ 1
| | #define __STDC_WANT_IEC_60559_FUNCS_EXT__ 1
| | #define __STDC_WANT_IEC_60559_TYPES_EXT__ 1
| | #define __STDC_WANT_LIB_EXT2__ 1
| | #define __STDC_WANT_MATH_SPEC_FUNCS__ 1
| | #define _TANDEM_SOURCE 1
| | #define __EXTENSIONS__ 1
| | #define LT_OBJDIR ".libs/"
| | #define YYTEXT_POINTER 1
| | #define HAVE_SYS_TYPES_H 1
| | #define HAVE_SIGNAL_H 1
| | #define HAVE_STDDEF_H 1
| | #define HAVE_SYS_TIME_H 1
| | #define HAVE_LOCALE_H 1
| | #define HAVE_FCNTL_H 1
| | #define HAVE_SIG_ATOMIC_T 1
| | #define COB_KEYWORD_INLINE __inline
| | #define HAVE_VPRINTF 1
| | #define HAVE_MEMMOVE 1
| | #define HAVE_MEMSET 1
| | #define HAVE_SETLOCALE 1
| | #define HAVE_STRERROR 1
| | #define HAVE_STRCASECMP 1
| | #define HAVE_STRCHR 1
| | #define HAVE_STRRCHR 1
| | #define HAVE_STRDUP 1
| | #define HAVE_STRSTR 1
| | #define HAVE_STRTOL 1
| | #define HAVE_GETTIMEOFDAY 1
| | #define HAVE_LOCALECONV 1
| | #define HAVE_POPEN 1
| | #define HAVE_RAISE 1
| | #define HAVE_STRCOLL 1
| | #define HAVE_TIMEZONE 1
| | #define HAVE_DESIGNATED_INITS 1
| | #define HAVE_GMP_H 1
| | #define HAVE_MP_GET_MEMORY_FUNCTIONS 1
| | #define WITH_XML2 1
| | #define HAVE_CJSON_H 1
| | #define WITH_CJSON 1
| | #define WITH_JSON "cjson"
| | #define WITH_VARSEQ 0
| | #define HAVE_NANO_SLEEP 1
| | #define HAVE_CLOCK_GETTIME 1
| | #define HAVE_ISFINITE 1
| | /* end confdefs.h.  */
| | /* Define fmemopen to an innocuous variant, in case <limits.h> declares fmemopen.
| |    For example, HP-UX 11i <limits.h> declares gettimeofday.  */
| | #define fmemopen innocuous_fmemopen
| | 
| | /* System header to define __stub macros and hopefully few prototypes,
| |    which can conflict with char fmemopen (void); below.  */
| | 
| | #include <limits.h>
| | #undef fmemopen
| | 
| | /* Override any GCC internal prototype to avoid an error.
| |    Use char because int might match the return type of a GCC
| |    builtin and then its argument prototype would still apply.  */
| | #ifdef __cplusplus
| | extern "C"
| | #endif
| | char fmemopen (void);
| | /* The GNU C library defines this for functions which it implements
| |     to always fail with ENOSYS.  Some functions are actually named
| |     something starting with __ and the normal name is an alias.  */
| | #if defined __stub_fmemopen || defined __stub___fmemopen
| | choke me
| | #endif
| | 
| | int
| | main (void)
| | {
| | return fmemopen ();
| |   ;
| |   return 0;
| | }
| configure:18587: result: no
| configure:18594: checking for gcc options needed to detect all undeclared functions
| configure:18616: gcc -c -O2   conftest.c >&5
| conftest.c: In function 'main':
| conftest.c:81:8: error: 'strchr' undeclared (first use in this function)
|    81 | (void) strchr;
|       |        ^~~~~~
| conftest.c:1:1: note: 'strchr' is defined in header '<string.h>'; did you forget to '#include <string.h>'?
|     1 | /* confdefs.h */
| conftest.c:81:8: note: each undeclared identifier is reported only once for each function it appears in
|    81 | (void) strchr;
|       |        ^~~~~~
| configure:18616: $? = 1
| configure: failed program was:
| | /* confdefs.h */
| | #define PACKAGE_NAME "GnuCOBOL"
| | #define PACKAGE_TARNAME "gnucobol"
| | #define PACKAGE_VERSION "3.2"
| | #define PACKAGE_STRING "GnuCOBOL 3.2"
| | #define PACKAGE_BUGREPORT "bug-gnucobol@gnu.org"
| | #define PACKAGE_URL "https://www.gnu.org/software/gnucobol/"
| | #define PACKAGE "gnucobol"
| | #define PATCH_LEVEL 0
| | #define MAX_CALL_FIELD_PARAMS 192
| | #define HAVE_STDIO_H 1
| | #define HAVE_STDLIB_H 1
| | #define HAVE_STRING_H 1
| | #define HAVE_INTTYPES_H 1
| | #define HAVE_STDINT_H 1
| | #define HAVE_STRINGS_H 1
| | #define HAVE_SYS_STAT_H 1
| | #define HAVE_SYS_TYPES_H 1
| | #define HAVE_UNISTD_H 1
| | #define HAVE_WCHAR_H 1
| | #define STDC_HEADERS 1
| | #define _ALL_SOURCE 1
| | #define _DARWIN_C_SOURCE 1
| | #define _GNU_SOURCE 1
| | #define _HPUX_ALT_XOPEN_SOCKET_API 1
| | #define _NETBSD_SOURCE 1
| | #define _OPENBSD_SOURCE 1
| | #define _POSIX_PTHREAD_SEMANTICS 1
| | #define __STDC_WANT_IEC_60559_ATTRIBS_EXT__ 1
| | #define __STDC_WANT_IEC_60559_BFP_EXT__ 1
| | #define __STDC_WANT_IEC_60559_DFP_EXT__ 1
| | #define __STDC_WANT_IEC_60559_FUNCS_EXT__ 1
| | #define __STDC_WANT_IEC_60559_TYPES_EXT__ 1
| | #define __STDC_WANT_LIB_EXT2__ 1
| | #define __STDC_WANT_MATH_SPEC_FUNCS__ 1
| | #define _TANDEM_SOURCE 1
| | #define __EXTENSIONS__ 1
| | #define LT_OBJDIR ".libs/"
| | #define YYTEXT_POINTER 1
| | #define HAVE_SYS_TYPES_H 1
| | #define HAVE_SIGNAL_H 1
| | #define HAVE_STDDEF_H 1
| | #define HAVE_SYS_TIME_H 1
| | #define HAVE_LOCALE_H 1
| | #define HAVE_FCNTL_H 1
| | #define HAVE_SIG_ATOMIC_T 1
| | #define COB_KEYWORD_INLINE __inline
| | #define HAVE_VPRINTF 1
| | #define HAVE_MEMMOVE 1
| | #define HAVE_MEMSET 1
| | #define HAVE_SETLOCALE 1
| | #define HAVE_STRERROR 1
| | #define HAVE_STRCASECMP 1
| | #define HAVE_STRCHR 1
| | #define HAVE_STRRCHR 1
| | #define HAVE_STRDUP 1
| | #define HAVE_STRSTR 1
| | #define HAVE_STRTOL 1
| | #define HAVE_GETTIMEOFDAY 1
| | #define HAVE_LOCALECONV 1
| | #define HAVE_POPEN 1
| | #define HAVE_RAISE 1
| | #define HAVE_STRCOLL 1
| | #define HAVE_TIMEZONE 1
| | #define HAVE_DESIGNATED_INITS 1
| | #define HAVE_GMP_H 1
| | #define HAVE_MP_GET_MEMORY_FUNCTIONS 1
| | #define WITH_XML2 1
| | #define HAVE_CJSON_H 1
| | #define WITH_CJSON 1
| | #define WITH_JSON "cjson"
| | #define WITH_VARSEQ 0
| | #define HAVE_NANO_SLEEP 1
| | #define HAVE_CLOCK_GETTIME 1
| | #define HAVE_ISFINITE 1
| | /* end confdefs.h.  */
| | 
| | int
| | main (void)
| | {
| | (void) strchr;
| |   ;
| |   return 0;
| | }
| configure:18643: gcc -c -O2   conftest.c >&5
| configure:18643: $? = 0
| configure:18660: result: none needed
| configure:18674: checking whether fdatasync is declared
| configure:18674: gcc -c -O2   conftest.c >&5
| conftest.c: In function 'main':
| conftest.c:112:10: error: 'fdatasync' undeclared (first use in this function)
|   112 |   (void) fdatasync;
|       |          ^~~~~~~~~
| conftest.c:112:10: note: each undeclared identifier is reported only once for each function it appears in
| configure:18674: $? = 1
| configure: failed program was:
| | /* confdefs.h */
| | #define PACKAGE_NAME "GnuCOBOL"
| | #define PACKAGE_TARNAME "gnucobol"
| | #define PACKAGE_VERSION "3.2"
| | #define PACKAGE_STRING "GnuCOBOL 3.2"
| | #define PACKAGE_BUGREPORT "bug-gnucobol@gnu.org"
| | #define PACKAGE_URL "https://www.gnu.org/software/gnucobol/"
| | #define PACKAGE "gnucobol"
| | #define PATCH_LEVEL 0
| | #define MAX_CALL_FIELD_PARAMS 192
| | #define HAVE_STDIO_H 1
| | #define HAVE_STDLIB_H 1
| | #define HAVE_STRING_H 1
| | #define HAVE_INTTYPES_H 1
| | #define HAVE_STDINT_H 1
| | #define HAVE_STRINGS_H 1
| | #define HAVE_SYS_STAT_H 1
| | #define HAVE_SYS_TYPES_H 1
| | #define HAVE_UNISTD_H 1
| | #define HAVE_WCHAR_H 1
| | #define STDC_HEADERS 1
| | #define _ALL_SOURCE 1
| | #define _DARWIN_C_SOURCE 1
| | #define _GNU_SOURCE 1
| | #define _HPUX_ALT_XOPEN_SOCKET_API 1
| | #define _NETBSD_SOURCE 1
| | #define _OPENBSD_SOURCE 1
| | #define _POSIX_PTHREAD_SEMANTICS 1
| | #define __STDC_WANT_IEC_60559_ATTRIBS_EXT__ 1
| | #define __STDC_WANT_IEC_60559_BFP_EXT__ 1
| | #define __STDC_WANT_IEC_60559_DFP_EXT__ 1
| | #define __STDC_WANT_IEC_60559_FUNCS_EXT__ 1
| | #define __STDC_WANT_IEC_60559_TYPES_EXT__ 1
| | #define __STDC_WANT_LIB_EXT2__ 1
| | #define __STDC_WANT_MATH_SPEC_FUNCS__ 1
| | #define _TANDEM_SOURCE 1
| | #define __EXTENSIONS__ 1
| | #define LT_OBJDIR ".libs/"
| | #define YYTEXT_POINTER 1
| | #define HAVE_SYS_TYPES_H 1
| | #define HAVE_SIGNAL_H 1
| | #define HAVE_STDDEF_H 1
| | #define HAVE_SYS_TIME_H 1
| | #define HAVE_LOCALE_H 1
| | #define HAVE_FCNTL_H 1
| | #define HAVE_SIG_ATOMIC_T 1
| | #define COB_KEYWORD_INLINE __inline
| | #define HAVE_VPRINTF 1
| | #define HAVE_MEMMOVE 1
| | #define HAVE_MEMSET 1
| | #define HAVE_SETLOCALE 1
| | #define HAVE_STRERROR 1
| | #define HAVE_STRCASECMP 1
| | #define HAVE_STRCHR 1
| | #define HAVE_STRRCHR 1
| | #define HAVE_STRDUP 1
| | #define HAVE_STRSTR 1
| | #define HAVE_STRTOL 1
| | #define HAVE_GETTIMEOFDAY 1
| | #define HAVE_LOCALECONV 1
| | #define HAVE_POPEN 1
| | #define HAVE_RAISE 1
| | #define HAVE_STRCOLL 1
| | #define HAVE_TIMEZONE 1
| | #define HAVE_DESIGNATED_INITS 1
| | #define HAVE_GMP_H 1
| | #define HAVE_MP_GET_MEMORY_FUNCTIONS 1
| | #define WITH_XML2 1
| | #define HAVE_CJSON_H 1
| | #define WITH_CJSON 1
| | #define WITH_JSON "cjson"
| | #define WITH_VARSEQ 0
| | #define HAVE_NANO_SLEEP 1
| | #define HAVE_CLOCK_GETTIME 1
| | #define HAVE_ISFINITE 1
| | /* end confdefs.h.  */
| | #include <stddef.h>
| | #ifdef HAVE_STDIO_H
| | # include <stdio.h>
| | #endif
| | #ifdef HAVE_STDLIB_H
| | # include <stdlib.h>
| | #endif
| | #ifdef HAVE_STRING_H
| | # include <string.h>
| | #endif
| | #ifdef HAVE_INTTYPES_H
| | # include <inttypes.h>
| | #endif
| | #ifdef HAVE_STDINT_H
| | # include <stdint.h>
| | #endif
| | #ifdef HAVE_STRINGS_H
| | # include <strings.h>
| | #endif
| | #ifdef HAVE_SYS_TYPES_H
| | # include <sys/types.h>
| | #endif
| | #ifdef HAVE_SYS_STAT_H
| | # include <sys/stat.h>
| | #endif
| | #ifdef HAVE_UNISTD_H
| | # include <unistd.h>
| | #endif
| | int
| | main (void)
| | {
| | #ifndef fdatasync
| | #ifdef __cplusplus
| |   (void) fdatasync;
| | #else
| |   (void) fdatasync;
| | #endif
| | #endif
| | 
| |   ;
| |   return 0;
| | }
| configure:18674: result: no
| configure:18683: checking whether fmemopen is declared
| configure:18683: gcc -c -O2   conftest.c >&5
| conftest.c: In function 'main':
| conftest.c:113:10: error: 'fmemopen' undeclared (first use in this function); did you mean 'freopen'?
|   113 |   (void) fmemopen;
|       |          ^~~~~~~~
|       |          freopen
| conftest.c:113:10: note: each undeclared identifier is reported only once for each function it appears in
| configure:18683: $? = 1
| configure: failed program was:
| | /* confdefs.h */
| | #define PACKAGE_NAME "GnuCOBOL"
| | #define PACKAGE_TARNAME "gnucobol"
| | #define PACKAGE_VERSION "3.2"
| | #define PACKAGE_STRING "GnuCOBOL 3.2"
| | #define PACKAGE_BUGREPORT "bug-gnucobol@gnu.org"
| | #define PACKAGE_URL "https://www.gnu.org/software/gnucobol/"
| | #define PACKAGE "gnucobol"
| | #define PATCH_LEVEL 0
| | #define MAX_CALL_FIELD_PARAMS 192
| | #define HAVE_STDIO_H 1
| | #define HAVE_STDLIB_H 1
| | #define HAVE_STRING_H 1
| | #define HAVE_INTTYPES_H 1
| | #define HAVE_STDINT_H 1
| | #define HAVE_STRINGS_H 1
| | #define HAVE_SYS_STAT_H 1
| | #define HAVE_SYS_TYPES_H 1
| | #define HAVE_UNISTD_H 1
| | #define HAVE_WCHAR_H 1
| | #define STDC_HEADERS 1
| | #define _ALL_SOURCE 1
| | #define _DARWIN_C_SOURCE 1
| | #define _GNU_SOURCE 1
| | #define _HPUX_ALT_XOPEN_SOCKET_API 1
| | #define _NETBSD_SOURCE 1
| | #define _OPENBSD_SOURCE 1
| | #define _POSIX_PTHREAD_SEMANTICS 1
| | #define __STDC_WANT_IEC_60559_ATTRIBS_EXT__ 1
| | #define __STDC_WANT_IEC_60559_BFP_EXT__ 1
| | #define __STDC_WANT_IEC_60559_DFP_EXT__ 1
| | #define __STDC_WANT_IEC_60559_FUNCS_EXT__ 1
| | #define __STDC_WANT_IEC_60559_TYPES_EXT__ 1
| | #define __STDC_WANT_LIB_EXT2__ 1
| | #define __STDC_WANT_MATH_SPEC_FUNCS__ 1
| | #define _TANDEM_SOURCE 1
| | #define __EXTENSIONS__ 1
| | #define LT_OBJDIR ".libs/"
| | #define YYTEXT_POINTER 1
| | #define HAVE_SYS_TYPES_H 1
| | #define HAVE_SIGNAL_H 1
| | #define HAVE_STDDEF_H 1
| | #define HAVE_SYS_TIME_H 1
| | #define HAVE_LOCALE_H 1
| | #define HAVE_FCNTL_H 1
| | #define HAVE_SIG_ATOMIC_T 1
| | #define COB_KEYWORD_INLINE __inline
| | #define HAVE_VPRINTF 1
| | #define HAVE_MEMMOVE 1
| | #define HAVE_MEMSET 1
| | #define HAVE_SETLOCALE 1
| | #define HAVE_STRERROR 1
| | #define HAVE_STRCASECMP 1
| | #define HAVE_STRCHR 1
| | #define HAVE_STRRCHR 1
| | #define HAVE_STRDUP 1
| | #define HAVE_STRSTR 1
| | #define HAVE_STRTOL 1
| | #define HAVE_GETTIMEOFDAY 1
| | #define HAVE_LOCALECONV 1
| | #define HAVE_POPEN 1
| | #define HAVE_RAISE 1
| | #define HAVE_STRCOLL 1
| | #define HAVE_TIMEZONE 1
| | #define HAVE_DESIGNATED_INITS 1
| | #define HAVE_GMP_H 1
| | #define HAVE_MP_GET_MEMORY_FUNCTIONS 1
| | #define WITH_XML2 1
| | #define HAVE_CJSON_H 1
| | #define WITH_CJSON 1
| | #define WITH_JSON "cjson"
| | #define WITH_VARSEQ 0
| | #define HAVE_NANO_SLEEP 1
| | #define HAVE_CLOCK_GETTIME 1
| | #define HAVE_ISFINITE 1
| | #define HAVE_DECL_FDATASYNC 0
| | /* end confdefs.h.  */
| | #include <stddef.h>
| | #ifdef HAVE_STDIO_H
| | # include <stdio.h>
| | #endif
| | #ifdef HAVE_STDLIB_H
| | # include <stdlib.h>
| | #endif
| | #ifdef HAVE_STRING_H
| | # include <string.h>
| | #endif
| | #ifdef HAVE_INTTYPES_H
| | # include <inttypes.h>
| | #endif
| | #ifdef HAVE_STDINT_H
| | # include <stdint.h>
| | #endif
| | #ifdef HAVE_STRINGS_H
| | # include <strings.h>
| | #endif
| | #ifdef HAVE_SYS_TYPES_H
| | # include <sys/types.h>
| | #endif
| | #ifdef HAVE_SYS_STAT_H
| | # include <sys/stat.h>
| | #endif
| | #ifdef HAVE_UNISTD_H
| | # include <unistd.h>
| | #endif
| | int
| | main (void)
| | {
| | #ifndef fmemopen
| | #ifdef __cplusplus
| |   (void) fmemopen;
| | #else
| |   (void) fmemopen;
| | #endif
| | #endif
| | 
| |   ;
| |   return 0;
| | }
| configure:18683: result: no
| configure:18705: Checks for curses ...
| configure:18936: checking for initscr in -lpdcurses
| configure:18965: gcc -o conftest.exe -O2   conftest.c -lpdcurses    -lgmp -lxml2 -lcjson >&5
| configure:18965: $? = 0
| configure:18975: result: yes
| configure:18993: checking for pdcurses.h
| configure:18993: gcc -c -O2  conftest.c >&5
| configure:18993: $? = 0
| configure:18993: result: yes
| configure:19257: checking for curses color_set function
| configure:19285: gcc -o conftest.exe -O2   conftest.c   -lgmp -lxml2 -lcjson -lpdcurses >&5
| configure:19285: $? = 0
| configure:19288: result: yes
| configure:19297: checking for curses resize_term function
| configure:19325: gcc -o conftest.exe -O2   conftest.c   -lgmp -lxml2 -lcjson -lpdcurses >&5
| configure:19325: $? = 0
| configure:19328: result: yes
| configure:19337: checking for curses define_key function
| configure:19365: gcc -o conftest.exe -O2   conftest.c   -lgmp -lxml2 -lcjson -lpdcurses >&5
| conftest.c: In function 'main':
| conftest.c:101:9: warning: implicit declaration of function 'define_key' [-Wimplicit-function-declaration]
|   101 |         define_key ("\E-3;3~", (KEY_MAX + 1));
|       |         ^~~~~~~~~~
| R:/msys64/mingw64/bin/../lib/gcc/x86_64-w64-mingw32/13.1.0/../../../../x86_64-w64-mingw32/bin/ld.exe: R:\msys64\tmp\ccy0j1g6.o:conftest.c:(.text.startup+0x16): undefined reference to `define_key'
| collect2.exe: error: ld returned 1 exit status
| configure:19365: $? = 1
| configure: failed program was:
| | /* confdefs.h */
| | #define PACKAGE_NAME "GnuCOBOL"
| | #define PACKAGE_TARNAME "gnucobol"
| | #define PACKAGE_VERSION "3.2"
| | #define PACKAGE_STRING "GnuCOBOL 3.2"
| | #define PACKAGE_BUGREPORT "bug-gnucobol@gnu.org"
| | #define PACKAGE_URL "https://www.gnu.org/software/gnucobol/"
| | #define PACKAGE "gnucobol"
| | #define PATCH_LEVEL 0
| | #define MAX_CALL_FIELD_PARAMS 192
| | #define HAVE_STDIO_H 1
| | #define HAVE_STDLIB_H 1
| | #define HAVE_STRING_H 1
| | #define HAVE_INTTYPES_H 1
| | #define HAVE_STDINT_H 1
| | #define HAVE_STRINGS_H 1
| | #define HAVE_SYS_STAT_H 1
| | #define HAVE_SYS_TYPES_H 1
| | #define HAVE_UNISTD_H 1
| | #define HAVE_WCHAR_H 1
| | #define STDC_HEADERS 1
| | #define _ALL_SOURCE 1
| | #define _DARWIN_C_SOURCE 1
| | #define _GNU_SOURCE 1
| | #define _HPUX_ALT_XOPEN_SOCKET_API 1
| | #define _NETBSD_SOURCE 1
| | #define _OPENBSD_SOURCE 1
| | #define _POSIX_PTHREAD_SEMANTICS 1
| | #define __STDC_WANT_IEC_60559_ATTRIBS_EXT__ 1
| | #define __STDC_WANT_IEC_60559_BFP_EXT__ 1
| | #define __STDC_WANT_IEC_60559_DFP_EXT__ 1
| | #define __STDC_WANT_IEC_60559_FUNCS_EXT__ 1
| | #define __STDC_WANT_IEC_60559_TYPES_EXT__ 1
| | #define __STDC_WANT_LIB_EXT2__ 1
| | #define __STDC_WANT_MATH_SPEC_FUNCS__ 1
| | #define _TANDEM_SOURCE 1
| | #define __EXTENSIONS__ 1
| | #define LT_OBJDIR ".libs/"
| | #define YYTEXT_POINTER 1
| | #define HAVE_SYS_TYPES_H 1
| | #define HAVE_SIGNAL_H 1
| | #define HAVE_STDDEF_H 1
| | #define HAVE_SYS_TIME_H 1
| | #define HAVE_LOCALE_H 1
| | #define HAVE_FCNTL_H 1
| | #define HAVE_SIG_ATOMIC_T 1
| | #define COB_KEYWORD_INLINE __inline
| | #define HAVE_VPRINTF 1
| | #define HAVE_MEMMOVE 1
| | #define HAVE_MEMSET 1
| | #define HAVE_SETLOCALE 1
| | #define HAVE_STRERROR 1
| | #define HAVE_STRCASECMP 1
| | #define HAVE_STRCHR 1
| | #define HAVE_STRRCHR 1
| | #define HAVE_STRDUP 1
| | #define HAVE_STRSTR 1
| | #define HAVE_STRTOL 1
| | #define HAVE_GETTIMEOFDAY 1
| | #define HAVE_LOCALECONV 1
| | #define HAVE_POPEN 1
| | #define HAVE_RAISE 1
| | #define HAVE_STRCOLL 1
| | #define HAVE_TIMEZONE 1
| | #define HAVE_DESIGNATED_INITS 1
| | #define HAVE_GMP_H 1
| | #define HAVE_MP_GET_MEMORY_FUNCTIONS 1
| | #define WITH_XML2 1
| | #define HAVE_CJSON_H 1
| | #define WITH_CJSON 1
| | #define WITH_JSON "cjson"
| | #define WITH_VARSEQ 0
| | #define HAVE_NANO_SLEEP 1
| | #define HAVE_CLOCK_GETTIME 1
| | #define HAVE_ISFINITE 1
| | #define HAVE_DECL_FDATASYNC 0
| | #define HAVE_DECL_FMEMOPEN 0
| | #define HAVE_PDCURSES_H 1
| | #define WITH_CURSES "pdcurses"
| | #define HAVE_COLOR_SET 1
| | #define HAVE_RESIZE_TERM 1
| | /* end confdefs.h.  */
| | 
| | 	#ifdef HAVE_NCURSESW_NCURSES_H
| | 	#include <ncursesw/ncurses.h>
| | 	#elif defined (HAVE_NCURSESW_CURSES_H)
| | 	#include <ncursesw/curses.h>
| | 	#elif defined (HAVE_NCURSES_H)
| | 	#include <ncurses.h>
| | 	#elif defined (HAVE_NCURSES_NCURSES_H)
| | 	#include <ncurses/ncurses.h>
| | 	#elif defined (HAVE_PDCURSES_H)
| | 	#include <pdcurses.h>
| | 	#elif defined (HAVE_CURSES_H)
| | 	#include <curses.h>
| | 	#endif
| | int
| | main (void)
| | {
| | 
| | 	define_key ("\E-3;3~", (KEY_MAX + 1));
| | 
| |   ;
| |   return 0;
| | }
| configure:19371: result: no
| configure:19377: checking for curses mouseinterval function
| configure:19405: gcc -o conftest.exe -O2   conftest.c   -lgmp -lxml2 -lcjson -lpdcurses >&5
| configure:19405: $? = 0
| configure:19408: result: yes
| configure:19417: checking for curses has_mouse function
| configure:19445: gcc -o conftest.exe -O2   conftest.c   -lgmp -lxml2 -lcjson -lpdcurses >&5
| configure:19445: $? = 0
| configure:19448: result: yes
| configure:19457: checking for curses mousemask function and mmask_t
| configure:19486: gcc -o conftest.exe -O2   conftest.c   -lgmp -lxml2 -lcjson -lpdcurses >&5
| configure:19486: $? = 0
| configure:19489: result: yes
| configure:19784: Checks for Berkeley DB ...
| configure:19793: checking for db.h
| configure:19793: gcc -c -O2  conftest.c >&5
| configure:19793: $? = 0
| configure:19793: result: yes
| configure:19830: gcc -o conftest.exe -O2   conftest.c   -lgmp -lxml2 -lcjson -lpdcurses >&5
| configure:19830: $? = 0
| configure:19830: ./conftest.exe
| configure:19830: $? = 0
| configure:19845: db.h reports version "-Berkeley DB 18.1.40: (May 29, 2020)-"
| configure:19849: checking for Berkeley DB db.h version >= 4.1
| configure:19853: result: yes (18.1)
| configure:19909: checking for Berkeley DB library with version 18.1
| configure:19944: gcc -o conftest.exe -O2   conftest.c   -lgmp -lxml2 -lcjson -lpdcurses -ldb-18.1 >&5
| configure:19944: $? = 0
| configure:19944: ./conftest.exe
| configure:19944: $? = 0
| configure:19961: result: yes
| configure:19967: BDB library version 18.1 found as -ldb-18.1
| configure:20041: checking for _WIN32
| configure:20050: gcc -c -O2  conftest.c >&5
| configure:20050: $? = 0
| configure:20053: result: yes
| configure:20286: checking for support of computed gotos
| configure:20303: gcc -c -O2 -Wall -Werror  conftest.c >&5
| configure:20303: $? = 0
| configure:20307: result: yes
| configure:20316: Checks for different sizes ...
| configure:20323: checking size of long int
| configure:20329: gcc -o conftest.exe -O2 -Wall -Werror   conftest.c   -lgmp -lxml2 -lcjson -lpdcurses >&5
| configure:20329: $? = 0
| configure:20329: ./conftest.exe
| configure:20329: $? = 0
| configure:20344: result: 4
| configure:20356: checking size of long long
| configure:20362: gcc -o conftest.exe -O2 -Wall -Werror   conftest.c   -lgmp -lxml2 -lcjson -lpdcurses >&5
| configure:20362: $? = 0
| configure:20362: ./conftest.exe
| configure:20362: $? = 0
| configure:20377: result: 8
| configure:20389: checking size of long
| configure:20395: gcc -o conftest.exe -O2 -Wall -Werror   conftest.c   -lgmp -lxml2 -lcjson -lpdcurses >&5
| configure:20395: $? = 0
| configure:20395: ./conftest.exe
| configure:20395: $? = 0
| configure:20410: result: 4
| configure:20422: checking size of void *
| configure:20428: gcc -o conftest.exe -O2 -Wall -Werror   conftest.c   -lgmp -lxml2 -lcjson -lpdcurses >&5
| configure:20428: $? = 0
| configure:20428: ./conftest.exe
| configure:20428: $? = 0
| configure:20443: result: 8
| configure:20452: checking whether size of long int = size of long long
| configure:20460: result: no
| configure:20464: checking whether long is 32 bits
| configure:20469: result: yes
| configure:20476: checking whether pointer is longer than 32 bits
| configure:20483: result: yes
| configure:20495: checking for aligned attribute
| configure:20514: gcc -c -O2 -Wall -Werror  conftest.c >&5
| configure:20514: $? = 0
| configure:20521: result: yes
| configure:20531: checking for pure attribute
| configure:20551: gcc -c -O2 -Wall -Werror  conftest.c >&5
| configure:20551: $? = 0
| configure:20558: result: yes
| configure:20568: checking for constructor attribute
| configure:20588: gcc -c -O2 -Wall -Werror  conftest.c >&5
| configure:20588: $? = 0
| configure:20595: result: yes
| configure:20608: checking whether NLS is requested
| configure:20618: result: yes
| configure:20658: checking for msgfmt
| configure: trying /mingw64/bin/msgfmt...
| 0 translated messages.
| configure:20691: result: /mingw64/bin/msgfmt
| configure:20700: checking for gmsgfmt
| configure:20736: result: /mingw64/bin/msgfmt
| configure:20781: checking for xgettext
| configure: trying /mingw64/bin/xgettext...
| R:\msys64\mingw64\bin\xgettext.exe: warning: file 'nul' extension '' is unknown; will try C
| configure:20814: result: /mingw64/bin/xgettext
| configure:20859: checking for msgmerge
| configure: trying /mingw64/bin/msgmerge...
| configure:20891: result: /mingw64/bin/msgmerge
| configure:20934: checking 32-bit host C ABI
| configure:21001: gcc -c -O2  conftest.c >&5
| configure:21001: $? = 0
| configure:21197: result: no
| configure:21206: checking for ELF binary format
| ./configure: line 21219: conftest.c: command not found
| configure:21230: result: no
| configure:21282: checking for the common suffixes of directories in the library search path
| configure:21351: result: lib,lib,lib
| configure:21876: checking for CFPreferencesCopyAppValue
| configure:21905: result: no
| configure:21912: checking for CFLocaleCopyPreferredLanguages
| configure:21931: gcc -o conftest.exe -O2   conftest.c   -lgmp -lxml2 -lcjson -lpdcurses -Wl,-framework -Wl,CoreFoundation >&5
| conftest.c:98:10: fatal error: CoreFoundation/CFLocale.h: No such file or directory
|    98 | #include <CoreFoundation/CFLocale.h>
|       |          ^~~~~~~~~~~~~~~~~~~~~~~~~~~
| compilation terminated.
| configure:21931: $? = 1
| configure: failed program was:
| | /* confdefs.h */
| | #define PACKAGE_NAME "GnuCOBOL"
| | #define PACKAGE_TARNAME "gnucobol"
| | #define PACKAGE_VERSION "3.2"
| | #define PACKAGE_STRING "GnuCOBOL 3.2"
| | #define PACKAGE_BUGREPORT "bug-gnucobol@gnu.org"
| | #define PACKAGE_URL "https://www.gnu.org/software/gnucobol/"
| | #define PACKAGE "gnucobol"
| | #define PATCH_LEVEL 0
| | #define MAX_CALL_FIELD_PARAMS 192
| | #define HAVE_STDIO_H 1
| | #define HAVE_STDLIB_H 1
| | #define HAVE_STRING_H 1
| | #define HAVE_INTTYPES_H 1
| | #define HAVE_STDINT_H 1
| | #define HAVE_STRINGS_H 1
| | #define HAVE_SYS_STAT_H 1
| | #define HAVE_SYS_TYPES_H 1
| | #define HAVE_UNISTD_H 1
| | #define HAVE_WCHAR_H 1
| | #define STDC_HEADERS 1
| | #define _ALL_SOURCE 1
| | #define _DARWIN_C_SOURCE 1
| | #define _GNU_SOURCE 1
| | #define _HPUX_ALT_XOPEN_SOCKET_API 1
| | #define _NETBSD_SOURCE 1
| | #define _OPENBSD_SOURCE 1
| | #define _POSIX_PTHREAD_SEMANTICS 1
| | #define __STDC_WANT_IEC_60559_ATTRIBS_EXT__ 1
| | #define __STDC_WANT_IEC_60559_BFP_EXT__ 1
| | #define __STDC_WANT_IEC_60559_DFP_EXT__ 1
| | #define __STDC_WANT_IEC_60559_FUNCS_EXT__ 1
| | #define __STDC_WANT_IEC_60559_TYPES_EXT__ 1
| | #define __STDC_WANT_LIB_EXT2__ 1
| | #define __STDC_WANT_MATH_SPEC_FUNCS__ 1
| | #define _TANDEM_SOURCE 1
| | #define __EXTENSIONS__ 1
| | #define LT_OBJDIR ".libs/"
| | #define YYTEXT_POINTER 1
| | #define HAVE_SYS_TYPES_H 1
| | #define HAVE_SIGNAL_H 1
| | #define HAVE_STDDEF_H 1
| | #define HAVE_SYS_TIME_H 1
| | #define HAVE_LOCALE_H 1
| | #define HAVE_FCNTL_H 1
| | #define HAVE_SIG_ATOMIC_T 1
| | #define COB_KEYWORD_INLINE __inline
| | #define HAVE_VPRINTF 1
| | #define HAVE_MEMMOVE 1
| | #define HAVE_MEMSET 1
| | #define HAVE_SETLOCALE 1
| | #define HAVE_STRERROR 1
| | #define HAVE_STRCASECMP 1
| | #define HAVE_STRCHR 1
| | #define HAVE_STRRCHR 1
| | #define HAVE_STRDUP 1
| | #define HAVE_STRSTR 1
| | #define HAVE_STRTOL 1
| | #define HAVE_GETTIMEOFDAY 1
| | #define HAVE_LOCALECONV 1
| | #define HAVE_POPEN 1
| | #define HAVE_RAISE 1
| | #define HAVE_STRCOLL 1
| | #define HAVE_TIMEZONE 1
| | #define HAVE_DESIGNATED_INITS 1
| | #define HAVE_GMP_H 1
| | #define HAVE_MP_GET_MEMORY_FUNCTIONS 1
| | #define WITH_XML2 1
| | #define HAVE_CJSON_H 1
| | #define WITH_CJSON 1
| | #define WITH_JSON "cjson"
| | #define WITH_VARSEQ 0
| | #define HAVE_NANO_SLEEP 1
| | #define HAVE_CLOCK_GETTIME 1
| | #define HAVE_ISFINITE 1
| | #define HAVE_DECL_FDATASYNC 0
| | #define HAVE_DECL_FMEMOPEN 0
| | #define HAVE_PDCURSES_H 1
| | #define WITH_CURSES "pdcurses"
| | #define HAVE_COLOR_SET 1
| | #define HAVE_RESIZE_TERM 1
| | #define HAVE_MOUSEINTERVAL 1
| | #define HAVE_HAS_MOUSE 1
| | #define HAVE_MOUSEMASK 1
| | #define HAVE_DB_H 1
| | #define WITH_DB 1
| | #define COB_COMPUTED_GOTO 1
| | #define SIZEOF_LONG_INT 4
| | #define SIZEOF_LONG_LONG 8
| | #define SIZEOF_LONG 4
| | #define SIZEOF_VOID_P 8
| | #define COB_32_BIT_LONG 1
| | #define COB_64_BIT_POINTER 1
| | #define HAVE_ATTRIBUTE_ALIGNED 1
| | #define HAVE_ATTRIBUTE_PURE 1
| | #define HAVE_ATTRIBUTE_CONSTRUCTOR 1
| | /* end confdefs.h.  */
| | #include <CoreFoundation/CFLocale.h>
| | int
| | main (void)
| | {
| | CFLocaleCopyPreferredLanguages();
| |   ;
| |   return 0;
| | }
| configure:21941: result: no
| configure:21991: checking for GNU gettext in libc
| configure:22021: gcc -o conftest.exe -O2   conftest.c   -lgmp -lxml2 -lcjson -lpdcurses >&5
| R:/msys64/mingw64/bin/../lib/gcc/x86_64-w64-mingw32/13.1.0/../../../../x86_64-w64-mingw32/bin/ld.exe: R:\msys64\tmp\ccEzAl1X.o:conftest.c:(.text.startup+0x18): undefined reference to `libintl_bindtextdomain'
| R:/msys64/mingw64/bin/../lib/gcc/x86_64-w64-mingw32/13.1.0/../../../../x86_64-w64-mingw32/bin/ld.exe: R:\msys64\tmp\ccEzAl1X.o:conftest.c:(.text.startup+0x20): undefined reference to `libintl_gettext'
| collect2.exe: error: ld returned 1 exit status
| configure:22021: $? = 1
| configure: failed program was:
| | /* confdefs.h */
| | #define PACKAGE_NAME "GnuCOBOL"
| | #define PACKAGE_TARNAME "gnucobol"
| | #define PACKAGE_VERSION "3.2"
| | #define PACKAGE_STRING "GnuCOBOL 3.2"
| | #define PACKAGE_BUGREPORT "bug-gnucobol@gnu.org"
| | #define PACKAGE_URL "https://www.gnu.org/software/gnucobol/"
| | #define PACKAGE "gnucobol"
| | #define PATCH_LEVEL 0
| | #define MAX_CALL_FIELD_PARAMS 192
| | #define HAVE_STDIO_H 1
| | #define HAVE_STDLIB_H 1
| | #define HAVE_STRING_H 1
| | #define HAVE_INTTYPES_H 1
| | #define HAVE_STDINT_H 1
| | #define HAVE_STRINGS_H 1
| | #define HAVE_SYS_STAT_H 1
| | #define HAVE_SYS_TYPES_H 1
| | #define HAVE_UNISTD_H 1
| | #define HAVE_WCHAR_H 1
| | #define STDC_HEADERS 1
| | #define _ALL_SOURCE 1
| | #define _DARWIN_C_SOURCE 1
| | #define _GNU_SOURCE 1
| | #define _HPUX_ALT_XOPEN_SOCKET_API 1
| | #define _NETBSD_SOURCE 1
| | #define _OPENBSD_SOURCE 1
| | #define _POSIX_PTHREAD_SEMANTICS 1
| | #define __STDC_WANT_IEC_60559_ATTRIBS_EXT__ 1
| | #define __STDC_WANT_IEC_60559_BFP_EXT__ 1
| | #define __STDC_WANT_IEC_60559_DFP_EXT__ 1
| | #define __STDC_WANT_IEC_60559_FUNCS_EXT__ 1
| | #define __STDC_WANT_IEC_60559_TYPES_EXT__ 1
| | #define __STDC_WANT_LIB_EXT2__ 1
| | #define __STDC_WANT_MATH_SPEC_FUNCS__ 1
| | #define _TANDEM_SOURCE 1
| | #define __EXTENSIONS__ 1
| | #define LT_OBJDIR ".libs/"
| | #define YYTEXT_POINTER 1
| | #define HAVE_SYS_TYPES_H 1
| | #define HAVE_SIGNAL_H 1
| | #define HAVE_STDDEF_H 1
| | #define HAVE_SYS_TIME_H 1
| | #define HAVE_LOCALE_H 1
| | #define HAVE_FCNTL_H 1
| | #define HAVE_SIG_ATOMIC_T 1
| | #define COB_KEYWORD_INLINE __inline
| | #define HAVE_VPRINTF 1
| | #define HAVE_MEMMOVE 1
| | #define HAVE_MEMSET 1
| | #define HAVE_SETLOCALE 1
| | #define HAVE_STRERROR 1
| | #define HAVE_STRCASECMP 1
| | #define HAVE_STRCHR 1
| | #define HAVE_STRRCHR 1
| | #define HAVE_STRDUP 1
| | #define HAVE_STRSTR 1
| | #define HAVE_STRTOL 1
| | #define HAVE_GETTIMEOFDAY 1
| | #define HAVE_LOCALECONV 1
| | #define HAVE_POPEN 1
| | #define HAVE_RAISE 1
| | #define HAVE_STRCOLL 1
| | #define HAVE_TIMEZONE 1
| | #define HAVE_DESIGNATED_INITS 1
| | #define HAVE_GMP_H 1
| | #define HAVE_MP_GET_MEMORY_FUNCTIONS 1
| | #define WITH_XML2 1
| | #define HAVE_CJSON_H 1
| | #define WITH_CJSON 1
| | #define WITH_JSON "cjson"
| | #define WITH_VARSEQ 0
| | #define HAVE_NANO_SLEEP 1
| | #define HAVE_CLOCK_GETTIME 1
| | #define HAVE_ISFINITE 1
| | #define HAVE_DECL_FDATASYNC 0
| | #define HAVE_DECL_FMEMOPEN 0
| | #define HAVE_PDCURSES_H 1
| | #define WITH_CURSES "pdcurses"
| | #define HAVE_COLOR_SET 1
| | #define HAVE_RESIZE_TERM 1
| | #define HAVE_MOUSEINTERVAL 1
| | #define HAVE_HAS_MOUSE 1
| | #define HAVE_MOUSEMASK 1
| | #define HAVE_DB_H 1
| | #define WITH_DB 1
| | #define COB_COMPUTED_GOTO 1
| | #define SIZEOF_LONG_INT 4
| | #define SIZEOF_LONG_LONG 8
| | #define SIZEOF_LONG 4
| | #define SIZEOF_VOID_P 8
| | #define COB_32_BIT_LONG 1
| | #define COB_64_BIT_POINTER 1
| | #define HAVE_ATTRIBUTE_ALIGNED 1
| | #define HAVE_ATTRIBUTE_PURE 1
| | #define HAVE_ATTRIBUTE_CONSTRUCTOR 1
| | /* end confdefs.h.  */
| | 
| | #include <libintl.h>
| | #ifndef __GNU_GETTEXT_SUPPORTED_REVISION
| | extern int _nl_msg_cat_cntr;
| | extern int *_nl_domain_bindings;
| | #define __GNU_GETTEXT_SYMBOL_EXPRESSION (_nl_msg_cat_cntr + *_nl_domain_bindings)
| | #else
| | #define __GNU_GETTEXT_SYMBOL_EXPRESSION 0
| | #endif
| | 
| | 
| | int
| | main (void)
| | {
| | 
| | bindtextdomain ("", "");
| | return * gettext ("") + __GNU_GETTEXT_SYMBOL_EXPRESSION
| | 
| |   ;
| |   return 0;
| | }
| configure:22031: result: no
| configure:22065: checking for iconv
| configure:22090: gcc -o conftest.exe -O2 -I/mingw64/include  conftest.c   -lgmp -lxml2 -lcjson -lpdcurses >&5
| R:/msys64/mingw64/bin/../lib/gcc/x86_64-w64-mingw32/13.1.0/../../../../x86_64-w64-mingw32/bin/ld.exe: R:\msys64\tmp\ccwW6ylg.o:conftest.c:(.text.startup+0x15): undefined reference to `libiconv_open'
| R:/msys64/mingw64/bin/../lib/gcc/x86_64-w64-mingw32/13.1.0/../../../../x86_64-w64-mingw32/bin/ld.exe: R:\msys64\tmp\ccwW6ylg.o:conftest.c:(.text.startup+0x31): undefined reference to `libiconv'
| R:/msys64/mingw64/bin/../lib/gcc/x86_64-w64-mingw32/13.1.0/../../../../x86_64-w64-mingw32/bin/ld.exe: R:\msys64\tmp\ccwW6ylg.o:conftest.c:(.text.startup+0x39): undefined reference to `libiconv_close'
| collect2.exe: error: ld returned 1 exit status
| configure:22090: $? = 1
| configure: failed program was:
| | /* confdefs.h */
| | #define PACKAGE_NAME "GnuCOBOL"
| | #define PACKAGE_TARNAME "gnucobol"
| | #define PACKAGE_VERSION "3.2"
| | #define PACKAGE_STRING "GnuCOBOL 3.2"
| | #define PACKAGE_BUGREPORT "bug-gnucobol@gnu.org"
| | #define PACKAGE_URL "https://www.gnu.org/software/gnucobol/"
| | #define PACKAGE "gnucobol"
| | #define PATCH_LEVEL 0
| | #define MAX_CALL_FIELD_PARAMS 192
| | #define HAVE_STDIO_H 1
| | #define HAVE_STDLIB_H 1
| | #define HAVE_STRING_H 1
| | #define HAVE_INTTYPES_H 1
| | #define HAVE_STDINT_H 1
| | #define HAVE_STRINGS_H 1
| | #define HAVE_SYS_STAT_H 1
| | #define HAVE_SYS_TYPES_H 1
| | #define HAVE_UNISTD_H 1
| | #define HAVE_WCHAR_H 1
| | #define STDC_HEADERS 1
| | #define _ALL_SOURCE 1
| | #define _DARWIN_C_SOURCE 1
| | #define _GNU_SOURCE 1
| | #define _HPUX_ALT_XOPEN_SOCKET_API 1
| | #define _NETBSD_SOURCE 1
| | #define _OPENBSD_SOURCE 1
| | #define _POSIX_PTHREAD_SEMANTICS 1
| | #define __STDC_WANT_IEC_60559_ATTRIBS_EXT__ 1
| | #define __STDC_WANT_IEC_60559_BFP_EXT__ 1
| | #define __STDC_WANT_IEC_60559_DFP_EXT__ 1
| | #define __STDC_WANT_IEC_60559_FUNCS_EXT__ 1
| | #define __STDC_WANT_IEC_60559_TYPES_EXT__ 1
| | #define __STDC_WANT_LIB_EXT2__ 1
| | #define __STDC_WANT_MATH_SPEC_FUNCS__ 1
| | #define _TANDEM_SOURCE 1
| | #define __EXTENSIONS__ 1
| | #define LT_OBJDIR ".libs/"
| | #define YYTEXT_POINTER 1
| | #define HAVE_SYS_TYPES_H 1
| | #define HAVE_SIGNAL_H 1
| | #define HAVE_STDDEF_H 1
| | #define HAVE_SYS_TIME_H 1
| | #define HAVE_LOCALE_H 1
| | #define HAVE_FCNTL_H 1
| | #define HAVE_SIG_ATOMIC_T 1
| | #define COB_KEYWORD_INLINE __inline
| | #define HAVE_VPRINTF 1
| | #define HAVE_MEMMOVE 1
| | #define HAVE_MEMSET 1
| | #define HAVE_SETLOCALE 1
| | #define HAVE_STRERROR 1
| | #define HAVE_STRCASECMP 1
| | #define HAVE_STRCHR 1
| | #define HAVE_STRRCHR 1
| | #define HAVE_STRDUP 1
| | #define HAVE_STRSTR 1
| | #define HAVE_STRTOL 1
| | #define HAVE_GETTIMEOFDAY 1
| | #define HAVE_LOCALECONV 1
| | #define HAVE_POPEN 1
| | #define HAVE_RAISE 1
| | #define HAVE_STRCOLL 1
| | #define HAVE_TIMEZONE 1
| | #define HAVE_DESIGNATED_INITS 1
| | #define HAVE_GMP_H 1
| | #define HAVE_MP_GET_MEMORY_FUNCTIONS 1
| | #define WITH_XML2 1
| | #define HAVE_CJSON_H 1
| | #define WITH_CJSON 1
| | #define WITH_JSON "cjson"
| | #define WITH_VARSEQ 0
| | #define HAVE_NANO_SLEEP 1
| | #define HAVE_CLOCK_GETTIME 1
| | #define HAVE_ISFINITE 1
| | #define HAVE_DECL_FDATASYNC 0
| | #define HAVE_DECL_FMEMOPEN 0
| | #define HAVE_PDCURSES_H 1
| | #define WITH_CURSES "pdcurses"
| | #define HAVE_COLOR_SET 1
| | #define HAVE_RESIZE_TERM 1
| | #define HAVE_MOUSEINTERVAL 1
| | #define HAVE_HAS_MOUSE 1
| | #define HAVE_MOUSEMASK 1
| | #define HAVE_DB_H 1
| | #define WITH_DB 1
| | #define COB_COMPUTED_GOTO 1
| | #define SIZEOF_LONG_INT 4
| | #define SIZEOF_LONG_LONG 8
| | #define SIZEOF_LONG 4
| | #define SIZEOF_VOID_P 8
| | #define COB_32_BIT_LONG 1
| | #define COB_64_BIT_POINTER 1
| | #define HAVE_ATTRIBUTE_ALIGNED 1
| | #define HAVE_ATTRIBUTE_PURE 1
| | #define HAVE_ATTRIBUTE_CONSTRUCTOR 1
| | /* end confdefs.h.  */
| | 
| | #include <stdlib.h>
| | #include <iconv.h>
| | 
| | int
| | main (void)
| | {
| | iconv_t cd = iconv_open("","");
| |            iconv(cd,NULL,NULL,NULL,NULL);
| |            iconv_close(cd);
| |   ;
| |   return 0;
| | }
| configure:22115: gcc -o conftest.exe -O2 -I/mingw64/include  conftest.c   -lgmp -lxml2 -lcjson -lpdcurses /mingw64/lib/libiconv.dll.a >&5
| configure:22115: $? = 0
| configure:22126: result: yes
| configure:22129: checking for working iconv
| configure:22273: gcc -o conftest.exe -O2 -I/mingw64/include  conftest.c   -lgmp -lxml2 -lcjson -lpdcurses /mingw64/lib/libiconv.dll.a >&5
| configure:22273: $? = 0
| configure:22273: ./conftest.exe
| configure:22273: $? = 0
| configure:22286: result: yes
| configure:22301: checking how to link with libiconv
| configure:22303: result: /mingw64/lib/libiconv.dll.a
| configure:22805: checking for GNU gettext in libintl
| configure:22843: gcc -o conftest.exe -O2 -I/mingw64/include   conftest.c   -lgmp -lxml2 -lcjson -lpdcurses /mingw64/lib/libintl.dll.a >&5
| configure:22843: $? = 0
| configure:22895: result: yes
| configure:22930: checking whether to use NLS
| configure:22932: result: yes
| configure:22935: checking where the gettext function comes from
| configure:22946: result: external libintl
| configure:22954: checking how to link with libintl
| configure:22956: result: /mingw64/lib/libintl.dll.a
| configure:23015: checking for nl_langinfo and CODESET
| configure:23032: gcc -o conftest.exe -O2 -I/mingw64/include  conftest.c   -lgmp -lxml2 -lcjson -lpdcurses >&5
| conftest.c:102:10: fatal error: langinfo.h: No such file or directory
|   102 | #include <langinfo.h>
|       |          ^~~~~~~~~~~~
| compilation terminated.
| configure:23032: $? = 1
| configure: failed program was:
| | /* confdefs.h */
| | #define PACKAGE_NAME "GnuCOBOL"
| | #define PACKAGE_TARNAME "gnucobol"
| | #define PACKAGE_VERSION "3.2"
| | #define PACKAGE_STRING "GnuCOBOL 3.2"
| | #define PACKAGE_BUGREPORT "bug-gnucobol@gnu.org"
| | #define PACKAGE_URL "https://www.gnu.org/software/gnucobol/"
| | #define PACKAGE "gnucobol"
| | #define PATCH_LEVEL 0
| | #define MAX_CALL_FIELD_PARAMS 192
| | #define HAVE_STDIO_H 1
| | #define HAVE_STDLIB_H 1
| | #define HAVE_STRING_H 1
| | #define HAVE_INTTYPES_H 1
| | #define HAVE_STDINT_H 1
| | #define HAVE_STRINGS_H 1
| | #define HAVE_SYS_STAT_H 1
| | #define HAVE_SYS_TYPES_H 1
| | #define HAVE_UNISTD_H 1
| | #define HAVE_WCHAR_H 1
| | #define STDC_HEADERS 1
| | #define _ALL_SOURCE 1
| | #define _DARWIN_C_SOURCE 1
| | #define _GNU_SOURCE 1
| | #define _HPUX_ALT_XOPEN_SOCKET_API 1
| | #define _NETBSD_SOURCE 1
| | #define _OPENBSD_SOURCE 1
| | #define _POSIX_PTHREAD_SEMANTICS 1
| | #define __STDC_WANT_IEC_60559_ATTRIBS_EXT__ 1
| | #define __STDC_WANT_IEC_60559_BFP_EXT__ 1
| | #define __STDC_WANT_IEC_60559_DFP_EXT__ 1
| | #define __STDC_WANT_IEC_60559_FUNCS_EXT__ 1
| | #define __STDC_WANT_IEC_60559_TYPES_EXT__ 1
| | #define __STDC_WANT_LIB_EXT2__ 1
| | #define __STDC_WANT_MATH_SPEC_FUNCS__ 1
| | #define _TANDEM_SOURCE 1
| | #define __EXTENSIONS__ 1
| | #define LT_OBJDIR ".libs/"
| | #define YYTEXT_POINTER 1
| | #define HAVE_SYS_TYPES_H 1
| | #define HAVE_SIGNAL_H 1
| | #define HAVE_STDDEF_H 1
| | #define HAVE_SYS_TIME_H 1
| | #define HAVE_LOCALE_H 1
| | #define HAVE_FCNTL_H 1
| | #define HAVE_SIG_ATOMIC_T 1
| | #define COB_KEYWORD_INLINE __inline
| | #define HAVE_VPRINTF 1
| | #define HAVE_MEMMOVE 1
| | #define HAVE_MEMSET 1
| | #define HAVE_SETLOCALE 1
| | #define HAVE_STRERROR 1
| | #define HAVE_STRCASECMP 1
| | #define HAVE_STRCHR 1
| | #define HAVE_STRRCHR 1
| | #define HAVE_STRDUP 1
| | #define HAVE_STRSTR 1
| | #define HAVE_STRTOL 1
| | #define HAVE_GETTIMEOFDAY 1
| | #define HAVE_LOCALECONV 1
| | #define HAVE_POPEN 1
| | #define HAVE_RAISE 1
| | #define HAVE_STRCOLL 1
| | #define HAVE_TIMEZONE 1
| | #define HAVE_DESIGNATED_INITS 1
| | #define HAVE_GMP_H 1
| | #define HAVE_MP_GET_MEMORY_FUNCTIONS 1
| | #define WITH_XML2 1
| | #define HAVE_CJSON_H 1
| | #define WITH_CJSON 1
| | #define WITH_JSON "cjson"
| | #define WITH_VARSEQ 0
| | #define HAVE_NANO_SLEEP 1
| | #define HAVE_CLOCK_GETTIME 1
| | #define HAVE_ISFINITE 1
| | #define HAVE_DECL_FDATASYNC 0
| | #define HAVE_DECL_FMEMOPEN 0
| | #define HAVE_PDCURSES_H 1
| | #define WITH_CURSES "pdcurses"
| | #define HAVE_COLOR_SET 1
| | #define HAVE_RESIZE_TERM 1
| | #define HAVE_MOUSEINTERVAL 1
| | #define HAVE_HAS_MOUSE 1
| | #define HAVE_MOUSEMASK 1
| | #define HAVE_DB_H 1
| | #define WITH_DB 1
| | #define COB_COMPUTED_GOTO 1
| | #define SIZEOF_LONG_INT 4
| | #define SIZEOF_LONG_LONG 8
| | #define SIZEOF_LONG 4
| | #define SIZEOF_VOID_P 8
| | #define COB_32_BIT_LONG 1
| | #define COB_64_BIT_POINTER 1
| | #define HAVE_ATTRIBUTE_ALIGNED 1
| | #define HAVE_ATTRIBUTE_PURE 1
| | #define HAVE_ATTRIBUTE_CONSTRUCTOR 1
| | #define HAVE_ICONV 1
| | #define ENABLE_NLS 1
| | #define HAVE_GETTEXT 1
| | #define HAVE_DCGETTEXT 1
| | /* end confdefs.h.  */
| | #include <langinfo.h>
| | int
| | main (void)
| | {
| | char* cs = nl_langinfo(CODESET); return !cs;
| |   ;
| |   return 0;
| | }
| configure:23042: result: no
| configure:23055: checking for perl
| configure:23087: result: /usr/bin/perl
| configure:23148: checking for debug option -ggdb3
| configure:23161: gcc -o conftest.exe -O2 -ggdb3 -Wall -Werror -I/mingw64/include  conftest.c  >&5
| configure:23161: $? = 0
| configure:23163: result: yes
| configure:23203: checking for debug option -fasynchronous-unwind-tables
| configure:23216: gcc -o conftest.exe -O2 -fasynchronous-unwind-tables -Wall -Werror -I/mingw64/include  conftest.c  >&5
| configure:23216: $? = 0
| configure:23218: result: yes
| configure:23349: checking for -pipe option
| configure:23368: gcc -o conftest.exe -O2 -pipe -Wall -Werror -I/mingw64/include  conftest.c  >&5
| configure:23368: $? = 0
| configure:23378: result: yes
| configure:23439: checking for gcc pointer sign option
| configure:23452: gcc -c -O2 -pipe -Wpointer-sign -Wall -Werror -I/mingw64/include conftest.c >&5
| configure:23452: $? = 0
| configure:23454: result: yes
| configure:23649: checking for ld bind now option
| configure:23662: gcc -o conftest.exe -O2 -pipe -I/mingw64/include  -Wl,-z,relro,-z,now,-O1 conftest.c  >&5
| R:/msys64/mingw64/bin/../lib/gcc/x86_64-w64-mingw32/13.1.0/../../../../x86_64-w64-mingw32/bin/ld.exe: unrecognized option '-z'
| R:/msys64/mingw64/bin/../lib/gcc/x86_64-w64-mingw32/13.1.0/../../../../x86_64-w64-mingw32/bin/ld.exe: use the --help option for usage information
| collect2.exe: error: ld returned 1 exit status
| configure:23662: $? = 1
| configure: failed program was:
| | /* confdefs.h */
| | #define PACKAGE_NAME "GnuCOBOL"
| | #define PACKAGE_TARNAME "gnucobol"
| | #define PACKAGE_VERSION "3.2"
| | #define PACKAGE_STRING "GnuCOBOL 3.2"
| | #define PACKAGE_BUGREPORT "bug-gnucobol@gnu.org"
| | #define PACKAGE_URL "https://www.gnu.org/software/gnucobol/"
| | #define PACKAGE "gnucobol"
| | #define PATCH_LEVEL 0
| | #define MAX_CALL_FIELD_PARAMS 192
| | #define HAVE_STDIO_H 1
| | #define HAVE_STDLIB_H 1
| | #define HAVE_STRING_H 1
| | #define HAVE_INTTYPES_H 1
| | #define HAVE_STDINT_H 1
| | #define HAVE_STRINGS_H 1
| | #define HAVE_SYS_STAT_H 1
| | #define HAVE_SYS_TYPES_H 1
| | #define HAVE_UNISTD_H 1
| | #define HAVE_WCHAR_H 1
| | #define STDC_HEADERS 1
| | #define _ALL_SOURCE 1
| | #define _DARWIN_C_SOURCE 1
| | #define _GNU_SOURCE 1
| | #define _HPUX_ALT_XOPEN_SOCKET_API 1
| | #define _NETBSD_SOURCE 1
| | #define _OPENBSD_SOURCE 1
| | #define _POSIX_PTHREAD_SEMANTICS 1
| | #define __STDC_WANT_IEC_60559_ATTRIBS_EXT__ 1
| | #define __STDC_WANT_IEC_60559_BFP_EXT__ 1
| | #define __STDC_WANT_IEC_60559_DFP_EXT__ 1
| | #define __STDC_WANT_IEC_60559_FUNCS_EXT__ 1
| | #define __STDC_WANT_IEC_60559_TYPES_EXT__ 1
| | #define __STDC_WANT_LIB_EXT2__ 1
| | #define __STDC_WANT_MATH_SPEC_FUNCS__ 1
| | #define _TANDEM_SOURCE 1
| | #define __EXTENSIONS__ 1
| | #define LT_OBJDIR ".libs/"
| | #define YYTEXT_POINTER 1
| | #define HAVE_SYS_TYPES_H 1
| | #define HAVE_SIGNAL_H 1
| | #define HAVE_STDDEF_H 1
| | #define HAVE_SYS_TIME_H 1
| | #define HAVE_LOCALE_H 1
| | #define HAVE_FCNTL_H 1
| | #define HAVE_SIG_ATOMIC_T 1
| | #define COB_KEYWORD_INLINE __inline
| | #define HAVE_VPRINTF 1
| | #define HAVE_MEMMOVE 1
| | #define HAVE_MEMSET 1
| | #define HAVE_SETLOCALE 1
| | #define HAVE_STRERROR 1
| | #define HAVE_STRCASECMP 1
| | #define HAVE_STRCHR 1
| | #define HAVE_STRRCHR 1
| | #define HAVE_STRDUP 1
| | #define HAVE_STRSTR 1
| | #define HAVE_STRTOL 1
| | #define HAVE_GETTIMEOFDAY 1
| | #define HAVE_LOCALECONV 1
| | #define HAVE_POPEN 1
| | #define HAVE_RAISE 1
| | #define HAVE_STRCOLL 1
| | #define HAVE_TIMEZONE 1
| | #define HAVE_DESIGNATED_INITS 1
| | #define HAVE_GMP_H 1
| | #define HAVE_MP_GET_MEMORY_FUNCTIONS 1
| | #define WITH_XML2 1
| | #define HAVE_CJSON_H 1
| | #define WITH_CJSON 1
| | #define WITH_JSON "cjson"
| | #define WITH_VARSEQ 0
| | #define HAVE_NANO_SLEEP 1
| | #define HAVE_CLOCK_GETTIME 1
| | #define HAVE_ISFINITE 1
| | #define HAVE_DECL_FDATASYNC 0
| | #define HAVE_DECL_FMEMOPEN 0
| | #define HAVE_PDCURSES_H 1
| | #define WITH_CURSES "pdcurses"
| | #define HAVE_COLOR_SET 1
| | #define HAVE_RESIZE_TERM 1
| | #define HAVE_MOUSEINTERVAL 1
| | #define HAVE_HAS_MOUSE 1
| | #define HAVE_MOUSEMASK 1
| | #define HAVE_DB_H 1
| | #define WITH_DB 1
| | #define COB_COMPUTED_GOTO 1
| | #define SIZEOF_LONG_INT 4
| | #define SIZEOF_LONG_LONG 8
| | #define SIZEOF_LONG 4
| | #define SIZEOF_VOID_P 8
| | #define COB_32_BIT_LONG 1
| | #define COB_64_BIT_POINTER 1
| | #define HAVE_ATTRIBUTE_ALIGNED 1
| | #define HAVE_ATTRIBUTE_PURE 1
| | #define HAVE_ATTRIBUTE_CONSTRUCTOR 1
| | #define HAVE_ICONV 1
| | #define ENABLE_NLS 1
| | #define HAVE_GETTEXT 1
| | #define HAVE_DCGETTEXT 1
| | /* end confdefs.h.  */
| | 
| | int
| | main (void)
| | {
| | return 0;
| |   ;
| |   return 0;
| | }
| configure:23668: result: no
| configure:24046: checking that generated files are newer than configure
| configure:24052: result: done
| configure:24096: creating ./config.status
| 
| ## ---------------------- ##
| ## Running config.status. ##
| ## ---------------------- ##
| 
| This file was extended by GnuCOBOL config.status 3.2, which was
| generated by GNU Autoconf 2.71.  Invocation command line was
| 
|   CONFIG_FILES    = 
|   CONFIG_HEADERS  = 
|   CONFIG_LINKS    = 
|   CONFIG_COMMANDS = 
|   $ ./config.status 
| 
| on 3570K
| 
| config.status:1360: creating Makefile
| config.status:1360: creating libcob/Makefile
| config.status:1360: creating lib/Makefile
| config.status:1360: creating cobc/Makefile
| config.status:1360: creating bin/Makefile
| config.status:1360: creating po/Makefile.in
| config.status:1360: creating doc/Makefile
| config.status:1360: creating config/Makefile
| config.status:1360: creating copy/Makefile
| config.status:1360: creating tests/Makefile
| config.status:1360: creating tests/cobol85/Makefile
| config.status:1360: creating extras/Makefile
| config.status:1360: creating bin/cob-config
| config.status:1360: creating pre-inst-env
| config.status:1360: creating tests/atlocal
| config.status:1360: creating tests/run_prog_manual.sh
| config.status:1360: creating config.h
| config.status:1589: executing tests/atconfig commands
| config.status:1589: executing depfiles commands
| config.status:1695: cd libcob       && sed -e '/# am--include-marker/d' Makefile         | make -f - am--depfiles
| config.status:1700: $? = 0
| config.status:1695: cd lib       && sed -e '/# am--include-marker/d' Makefile         | make -f - am--depfiles
| config.status:1700: $? = 0
| config.status:1695: cd cobc       && sed -e '/# am--include-marker/d' Makefile         | make -f - am--depfiles
| config.status:1700: $? = 0
| config.status:1695: cd bin       && sed -e '/# am--include-marker/d' Makefile         | make -f - am--depfiles
| config.status:1700: $? = 0
| config.status:1589: executing libtool commands
| config.status:1589: executing po-directories commands
| config.status:1589: executing chmod commands
| configure:26637: GnuCOBOL Configuration:
| configure:26639:  CC                gcc
| configure:26641:  CFLAGS            -O2 -pipe -finline-functions -fsigned-char -Wall -Wwrite-strings -Wmissing-prototypes -Wno-format-y2k
| configure:26643:  LDFLAGS           
| configure:26645:  LIBCOB_LIBS        -lgmp -lxml2 -lcjson -lpdcurses -ldb-18.1 -L/mingw64/lib -lintl
| configure:26648:  PROGRAMS_LIBS         -L/mingw64/lib -lintl
| configure:26651:  COB_CC            gcc
| configure:26653:  COB_CFLAGS        -pipe -I/mingw64/include -I/mingw64/include -Wno-unused -fsigned-char -Wno-pointer-sign
| configure:26655:  COB_LDFLAGS       
| configure:26657:  COB_DEBUG_FLAGS   -ggdb3 -fasynchronous-unwind-tables
| configure:26659:  COB_LIBS          -L${exec_prefix}/lib -lcob
| configure:26661:  COB_CONFIG_DIR    ${datarootdir}/gnucobol/config
| configure:26663:  COB_COPY_DIR      ${datarootdir}/gnucobol/copy
| configure:26665:  COB_LIBRARY_PATH  ${exec_prefix}/lib/gnucobol
| configure:26667:  COB_OBJECT_EXT    o
| configure:26669:  COB_MODULE_EXT    dll
| configure:26671:  COB_EXE_EXT       .exe
| configure:26673:  COB_SHARED_OPT    -shared
| configure:26675:  COB_PIC_FLAGS     -DDLL_EXPORT -DPIC
| configure:26677:  COB_EXPORT_DYN    -Wl,--export-all-symbols -Wl,--enable-auto-import -Wl,--enable-auto-image-base
| configure:26680:  COB_STRIP_CMD     strip --strip-unneeded
| configure:26684:  Dynamic loading:                             System
| configure:26690:  Use gettext for international messages:      yes
| configure:26692:  Use fcntl for file locking:                  no
| configure:26694:  Use math multiple precision library:         gmp
| configure:26706:  Use curses library for screen I/O:           pdcurses
| configure:26735:  Use Berkeley DB for INDEXED I/O:             yes
| configure:26752:  Used for XML I/O:                            libxml2
| configure:26766:  Used for JSON I/O:                           cjson
| 
| ## ---------------- ##
| ## Cache variables. ##
| ## ---------------- ##
| 
| ac_cv_build=x86_64-w64-mingw32
| ac_cv_c_bigendian=no
| ac_cv_c_compiler_gnu=yes
| ac_cv_c_const=yes
| ac_cv_c_undeclared_builtin_options='none needed'
| ac_cv_defined_LIBXML_WRITER_ENABLED_libxml_xmlwriter_h=yes
| ac_cv_env_BDB_CFLAGS_set=
| ac_cv_env_BDB_CFLAGS_value=
| ac_cv_env_BDB_LIBS_set=
| ac_cv_env_BDB_LIBS_value=
| ac_cv_env_CC_set=
| ac_cv_env_CC_value=
| ac_cv_env_CFLAGS_set=set
| ac_cv_env_CFLAGS_value=-O2
| ac_cv_env_CJSON_CFLAGS_set=
| ac_cv_env_CJSON_CFLAGS_value=
| ac_cv_env_CJSON_LIBS_set=
| ac_cv_env_CJSON_LIBS_value=
| ac_cv_env_COBC_CPPFLAGS_set=
| ac_cv_env_COBC_CPPFLAGS_value=
| ac_cv_env_CPPFLAGS_set=
| ac_cv_env_CPPFLAGS_value=
| ac_cv_env_CPP_set=
| ac_cv_env_CPP_value=
| ac_cv_env_CURSES_LIBS_set=
| ac_cv_env_CURSES_LIBS_value=
| ac_cv_env_DIFF_FLAGS_set=
| ac_cv_env_DIFF_FLAGS_value=
| ac_cv_env_GMP_CFLAGS_set=
| ac_cv_env_GMP_CFLAGS_value=
| ac_cv_env_GMP_LIBS_set=
| ac_cv_env_GMP_LIBS_value=
| ac_cv_env_JSON_C_CFLAGS_set=
| ac_cv_env_JSON_C_CFLAGS_value=
| ac_cv_env_JSON_C_LIBS_set=
| ac_cv_env_JSON_C_LIBS_value=
| ac_cv_env_LDFLAGS_set=
| ac_cv_env_LDFLAGS_value=
| ac_cv_env_LIBCOB_CPPFLAGS_set=
| ac_cv_env_LIBCOB_CPPFLAGS_value=
| ac_cv_env_LIBCOB_LIBS_set=
| ac_cv_env_LIBCOB_LIBS_value=
| ac_cv_env_LIBS_set=
| ac_cv_env_LIBS_value=
| ac_cv_env_LT_SYS_LIBRARY_PATH_set=
| ac_cv_env_LT_SYS_LIBRARY_PATH_value=
| ac_cv_env_MPIR_CFLAGS_set=
| ac_cv_env_MPIR_CFLAGS_value=
| ac_cv_env_MPIR_LIBS_set=
| ac_cv_env_MPIR_LIBS_value=
| ac_cv_env_PKG_CONFIG_LIBDIR_set=
| ac_cv_env_PKG_CONFIG_LIBDIR_value=
| ac_cv_env_PKG_CONFIG_PATH_set=set
| ac_cv_env_PKG_CONFIG_PATH_value=/mingw64/lib/pkgconfig:/mingw64/share/pkgconfig
| ac_cv_env_PKG_CONFIG_set=
| ac_cv_env_PKG_CONFIG_value=
| ac_cv_env_PROGRAMS_LIBS_set=
| ac_cv_env_PROGRAMS_LIBS_value=
| ac_cv_env_XML2_CFLAGS_set=
| ac_cv_env_XML2_CFLAGS_value=
| ac_cv_env_XML2_LIBS_set=
| ac_cv_env_XML2_LIBS_value=
| ac_cv_env_YACC_set=
| ac_cv_env_YACC_value=
| ac_cv_env_YFLAGS_set=
| ac_cv_env_YFLAGS_value=
| ac_cv_env_build_alias_set=
| ac_cv_env_build_alias_value=
| ac_cv_env_host_alias_set=
| ac_cv_env_host_alias_value=
| ac_cv_env_target_alias_set=
| ac_cv_env_target_alias_value=
| ac_cv_exeext=.exe
| ac_cv_func_canonicalize_file_name=no
| ac_cv_func_fcntl=no
| ac_cv_func_fdatasync=no
| ac_cv_func_flockfile=no
| ac_cv_func_fmemopen=no
| ac_cv_func_getexecname=no
| ac_cv_func_gettimeofday=yes
| ac_cv_func_localeconv=yes
| ac_cv_func_memmove=yes
| ac_cv_func_memset=yes
| ac_cv_func_popen=yes
| ac_cv_func_raise=yes
| ac_cv_func_readlink=no
| ac_cv_func_realpath=no
| ac_cv_func_setenv=no
| ac_cv_func_setlocale=yes
| ac_cv_func_sigaction=no
| ac_cv_func_strcasecmp=yes
| ac_cv_func_strchr=yes
| ac_cv_func_strcoll=yes
| ac_cv_func_strdup=yes
| ac_cv_func_strerror=yes
| ac_cv_func_strrchr=yes
| ac_cv_func_strstr=yes
| ac_cv_func_strtol=yes
| ac_cv_func_vprintf=yes
| ac_cv_have_decl_fdatasync=no
| ac_cv_have_decl_fmemopen=no
| ac_cv_header_cJSON_h=yes
| ac_cv_header_db_h=yes
| ac_cv_header_dlfcn_h=no
| ac_cv_header_fcntl_h=yes
| ac_cv_header_gmp_h=yes
| ac_cv_header_inttypes_h=yes
| ac_cv_header_libxml_parser_h=yes
| ac_cv_header_libxml_tree_h=yes
| ac_cv_header_libxml_uri_h=yes
| ac_cv_header_libxml_xmlversion_h=yes
| ac_cv_header_libxml_xmlwriter_h=yes
| ac_cv_header_locale_h=yes
| ac_cv_header_minix_config_h=no
| ac_cv_header_pdcurses_h=yes
| ac_cv_header_signal_h=yes
| ac_cv_header_stddef_h=yes
| ac_cv_header_stdint_h=yes
| ac_cv_header_stdio_h=yes
| ac_cv_header_stdlib_h=yes
| ac_cv_header_string_h=yes
| ac_cv_header_strings_h=yes
| ac_cv_header_sys_stat_h=yes
| ac_cv_header_sys_time_h=yes
| ac_cv_header_sys_types_h=yes
| ac_cv_header_unistd_h=yes
| ac_cv_header_wchar_h=yes
| ac_cv_host=x86_64-w64-mingw32
| ac_cv_lib_gmp___gmp_get_memory_functions=yes
| ac_cv_lib_lex='none needed'
| ac_cv_lib_pdcurses_initscr=yes
| ac_cv_objext=o
| ac_cv_path_EGREP='/usr/bin/grep -E'
| ac_cv_path_FGREP='/usr/bin/grep -F'
| ac_cv_path_GMSGFMT=/mingw64/bin/msgfmt
| ac_cv_path_GREP=/usr/bin/grep
| ac_cv_path_MSGFMT=/mingw64/bin/msgfmt
| ac_cv_path_MSGMERGE=/mingw64/bin/msgmerge
| ac_cv_path_SED=/usr/bin/sed
| ac_cv_path_XGETTEXT=/mingw64/bin/xgettext
| ac_cv_path_ac_pt_PKG_CONFIG=/usr/bin/pkg-config
| ac_cv_path_install='/usr/bin/install -c'
| ac_cv_path_lt_DD=/usr/bin/dd
| ac_cv_path_mkdir=/usr/bin/mkdir
| ac_cv_prog_AWK=gawk
| ac_cv_prog_LEX=flex
| ac_cv_prog_PERL=/usr/bin/perl
| ac_cv_prog_YACC='bison -y'
| ac_cv_prog_ac_ct_AR=ar
| ac_cv_prog_ac_ct_AS=as
| ac_cv_prog_ac_ct_CC=gcc
| ac_cv_prog_ac_ct_DLLTOOL=dlltool
| ac_cv_prog_ac_ct_FILECMD=file
| ac_cv_prog_ac_ct_OBJDUMP=objdump
| ac_cv_prog_ac_ct_RANLIB=ranlib
| ac_cv_prog_ac_ct_RC=windres
| ac_cv_prog_ac_ct_STRIP=strip
| ac_cv_prog_cc_c11=
| ac_cv_prog_cc_g=yes
| ac_cv_prog_cc_stdc=
| ac_cv_prog_configured_make=make
| ac_cv_prog_lex_root=lex.yy
| ac_cv_prog_lex_yytext_pointer=yes
| ac_cv_prog_make_make_set=yes
| ac_cv_safe_to_define___extensions__=yes
| ac_cv_search_yywrap=no
| ac_cv_should_define__xopen_source=no
| ac_cv_sizeof_long=4
| ac_cv_sizeof_long_int=4
| ac_cv_sizeof_long_long=8
| ac_cv_sizeof_void_p=8
| ac_cv_struct_tm=time.h
| ac_cv_type_sig_atomic_t=yes
| ac_cv_type_size_t=yes
| acl_cv_hardcode_direct=no
| acl_cv_hardcode_libdir_flag_spec='-L$libdir'
| acl_cv_hardcode_libdir_separator=
| acl_cv_hardcode_minus_L=no
| acl_cv_libdirstems=lib,lib,lib
| acl_cv_libext=a
| acl_cv_libname_spec='lib$name'
| acl_cv_library_names_spec='$libname.dll.a $libname.lib'
| acl_cv_prog_gnu_ld=yes
| acl_cv_rpath=done
| acl_cv_shlibext=dll
| acl_cv_wl=-Wl,
| am_cv_CC_dependencies_compiler_type=gcc3
| am_cv_ar_interface=ar
| am_cv_func_iconv=yes
| am_cv_func_iconv_works=yes
| am_cv_langinfo_codeset=no
| am_cv_lib_iconv=yes
| am_cv_make_support_nested_variables=yes
| am_cv_prog_cc_c_o=yes
| ax_cv_prog_bison=yes
| ax_cv_prog_flex=yes
| gc_cv_attribute_aligned=yes
| gc_cv_attribute_constructor=yes
| gc_cv_attribute_pure=yes
| gc_cv_designated_inits=yes
| gc_cv_err_warn='-Wall -Werror'
| gc_cv_gcc_pipe=yes
| gc_cv_keyword_inline=__inline
| gc_cv_time_timezone=yes
| gl_cv_elf=no
| gl_cv_host_cpu_c_abi_32bit=no
| gt_cv_func_CFLocaleCopyCurrent=no
| gt_cv_func_CFLocaleCopyPreferredLanguages=no
| gt_cv_func_CFPreferencesCopyAppValue=no
| gt_cv_func_gnugettext1_libc=no
| gt_cv_func_gnugettext1_libintl=yes
| lt_cv_ar_at_file=@
| lt_cv_archive_cmds_need_lc=yes
| lt_cv_deplibs_check_method=pass_all
| lt_cv_dlopen=LoadLibrary
| lt_cv_dlopen_libs=
| lt_cv_ld_reload_flag=-r
| lt_cv_nm_interface='BSD nm'
| lt_cv_objdir=.libs
| lt_cv_path_LD=R:/msys64/mingw64/x86_64-w64-mingw32/bin/ld.exe
| lt_cv_path_NM='/mingw64/bin/nm -B'
| lt_cv_path_mainfest_tool=no
| lt_cv_prog_compiler_c_o=yes
| lt_cv_prog_compiler_c_o_RC=yes
| lt_cv_prog_compiler_pic='-DDLL_EXPORT -DPIC'
| lt_cv_prog_compiler_pic_works=yes
| lt_cv_prog_compiler_rtti_exceptions=no
| lt_cv_prog_compiler_static_works=yes
| lt_cv_prog_gnu_ld=yes
| lt_cv_sharedlib_from_linklib_cmd=func_cygming_dll_for_implib
| lt_cv_sys_global_symbol_pipe='/usr/bin/sed -n -e '\''s/^.*[	 ]\([ABCDGIRSTW][ABCDGIRSTW]*\)[	 ][	 ]*\([_A-Za-z][_A-Za-z0-9]*\)\{0,1\}$/\1 \2 \2/p'\'' | /usr/bin/sed '\''/ __gnu_lto/d'\'''
| lt_cv_sys_global_symbol_to_c_name_address='/usr/bin/sed -n -e '\''s/^: \(.*\) .*$/  {"\1", (void *) 0},/p'\'' -e '\''s/^[ABCDGIRSTW][ABCDGIRSTW]* .* \(.*\)$/  {"\1", (void *) \&\1},/p'\'''
| lt_cv_sys_global_symbol_to_c_name_address_lib_prefix='/usr/bin/sed -n -e '\''s/^: \(.*\) .*$/  {"\1", (void *) 0},/p'\'' -e '\''s/^[ABCDGIRSTW][ABCDGIRSTW]* .* \(lib.*\)$/  {"\1", (void *) \&\1},/p'\'' -e '\''s/^[ABCDGIRSTW][ABCDGIRSTW]* .* \(.*\)$/  {"lib\1", (void *) \&\1},/p'\'''
| lt_cv_sys_global_symbol_to_cdecl='/usr/bin/sed -n -e '\''s/^T .* \(.*\)$/extern int \1();/p'\'' -e '\''s/^[ABCDGIRSTW][ABCDGIRSTW]* .* \(.*\)$/extern char \1;/p'\'''
| lt_cv_sys_global_symbol_to_import=
| lt_cv_sys_max_cmd_len=8192
| lt_cv_to_host_file_cmd=func_convert_file_msys_to_w32
| lt_cv_to_tool_file_cmd=func_convert_file_msys_to_w32
| lt_cv_truncate_bin='/usr/bin/dd bs=4096 count=1'
| pkg_cv_CJSON_CFLAGS=-I/mingw64/include/cjson
| pkg_cv_CJSON_LIBS=-lcjson
| pkg_cv_GMP_CFLAGS=
| pkg_cv_GMP_LIBS=-lgmp
| pkg_cv_XML2_CFLAGS=-I/mingw64/include/libxml2
| pkg_cv_XML2_LIBS=-lxml2
| 
| ## ----------------- ##
| ## Output variables. ##
| ## ----------------- ##
| 
| ACLOCAL='${SHELL} '\''/home/spcwh2/x64/gnucobol-trunk/build_aux/missing'\'' aclocal-1.16'
| AMDEPBACKSLASH='\'
| AMDEP_FALSE='#'
| AMDEP_TRUE=''
| AMTAR='$${TAR-tar}'
| AM_BACKSLASH='\'
| AM_DEFAULT_V='$(AM_DEFAULT_VERBOSITY)'
| AM_DEFAULT_VERBOSITY='1'
| AM_V='$(V)'
| AR='ar'
| AS='as'
| AUTOCONF='${SHELL} '\''/home/spcwh2/x64/gnucobol-trunk/build_aux/missing'\'' autoconf'
| AUTOHEADER='${SHELL} '\''/home/spcwh2/x64/gnucobol-trunk/build_aux/missing'\'' autoheader'
| AUTOMAKE='${SHELL} '\''/home/spcwh2/x64/gnucobol-trunk/build_aux/missing'\'' automake-1.16'
| AWK='gawk'
| BDB_CFLAGS=''
| BDB_LIBS=''
| CC='gcc'
| CCDEPMODE='depmode=gcc3'
| CFLAGS='-O2 -pipe -finline-functions -fsigned-char -Wall -Wwrite-strings -Wmissing-prototypes -Wno-format-y2k'
| CJSON_CFLAGS='-I/mingw64/include/cjson'
| CJSON_LIBS='-lcjson'
| COBC_CPPFLAGS=''
| COB_BIGENDIAN='no'
| COB_CC='gcc'
| COB_CFLAGS='-pipe -I/mingw64/include -I/mingw64/include -Wno-unused -fsigned-char -Wno-pointer-sign'
| COB_CONFIG_DIR='${datarootdir}/gnucobol/config'
| COB_COPY_DIR='${datarootdir}/gnucobol/copy'
| COB_ENABLE_DEBUG='no'
| COB_EXE_EXT='.exe'
| COB_FIX_LIBTOOL='-Wl,--enable-auto-import'
| COB_HAS_64_BIT_POINTER='yes'
| COB_HAS_CURSES='yes'
| COB_HAS_ISAM='db'
| COB_HAS_JSON='cjson'
| COB_HAS_XML2='yes'
| COB_LDFLAGS=''
| COB_LIBRARY_PATH='${exec_prefix}/lib/gnucobol'
| COB_LIBS='-L${exec_prefix}/lib -lcob'
| COB_MAKE_IX_FALSE='#'
| COB_MAKE_IX_TRUE=''
| COB_MAKE_RUN_BINARIES_FALSE='#'
| COB_MAKE_RUN_BINARIES_TRUE=''
| COB_MODULE_EXT='dll'
| COB_OBJECT_EXT='o'
| COB_PATCH_LEVEL='0'
| CODE_COVERAGE_CFLAGS=''
| CODE_COVERAGE_CPPFLAGS=''
| CODE_COVERAGE_CXXFLAGS=''
| CODE_COVERAGE_ENABLED='no'
| CODE_COVERAGE_ENABLED_FALSE=''
| CODE_COVERAGE_ENABLED_TRUE='#'
| CODE_COVERAGE_LIBS=''
| CPP=''
| CPPFLAGS='-I/mingw64/include'
| CSCOPE='cscope'
| CTAGS='ctags'
| CURSES_LIBS='-lpdcurses'
| CYGPATH_W='cygpath -w'
| DEFS='-DHAVE_CONFIG_H'
| DEPDIR='.deps'
| DIFF_FLAGS='--strip-trailing-cr'
| DLLTOOL='dlltool'
| DSYMUTIL=''
| DUMPBIN=''
| ECHO_C=''
| ECHO_N='-n'
| ECHO_T=''
| EGREP='/usr/bin/grep -E'
| ETAGS='etags'
| EXEEXT='.exe'
| FGREP='/usr/bin/grep -F'
| FILECMD='file'
| GCOV=''
| GENHTML=''
| GETTEXT_MACRO_VERSION='0.20'
| GMP_CFLAGS=''
| GMP_LIBS='-lgmp'
| GMSGFMT='/mingw64/bin/msgfmt'
| GMSGFMT_015='/mingw64/bin/msgfmt'
| GREP='/usr/bin/grep'
| HELP2MAN='${SHELL} '\''/home/spcwh2/x64/gnucobol-trunk/build_aux/missing'\'' help2man'
| INSTALL_DATA='${INSTALL} -m 644'
| INSTALL_PROGRAM='${INSTALL}'
| INSTALL_SCRIPT='${INSTALL}'
| INSTALL_STRIP_PROGRAM='$(install_sh) -c -s'
| INTLLIBS='/mingw64/lib/libintl.dll.a'
| INTL_MACOSX_LIBS=''
| JSON_C_CFLAGS=''
| JSON_C_LIBS=''
| LCOV=''
| LD='R:/msys64/mingw64/x86_64-w64-mingw32/bin/ld.exe'
| LDFLAGS=''
| LEX='flex'
| LEXLIB=''
| LEX_OUTPUT_ROOT='lex.yy'
| LIBCOB_CPPFLAGS=' -I/mingw64/include/libxml2 -I/mingw64/include/cjson'
| LIBCOB_LIBS=' -lgmp -lxml2 -lcjson -lpdcurses -ldb-18.1 -L/mingw64/lib -lintl'
| LIBICONV='/mingw64/lib/libiconv.dll.a'
| LIBINTL='/mingw64/lib/libintl.dll.a'
| LIBOBJS=''
| LIBS=''
| LIBTOOL='$(SHELL) $(top_builddir)/libtool'
| LIPO=''
| LN_S='cp -pR'
| LOCAL_CJSON_FALSE=''
| LOCAL_CJSON_TRUE='#'
| LTLIBICONV='-L/mingw64/lib -liconv'
| LTLIBINTL='-L/mingw64/lib -lintl'
| LTLIBOBJS=''
| LT_SYS_LIBRARY_PATH=''
| MAKE='make'
| MAKEINFO='${SHELL} '\''/home/spcwh2/x64/gnucobol-trunk/build_aux/missing'\'' makeinfo'
| MAKE_HAS_PREREQ_ONLY_FALSE='#'
| MAKE_HAS_PREREQ_ONLY_TRUE=''
| MANIFEST_TOOL=':'
| MKDIR_P='/usr/bin/mkdir -p'
| MPIR_CFLAGS=''
| MPIR_LIBS=''
| MSGFMT='/mingw64/bin/msgfmt'
| MSGMERGE='/mingw64/bin/msgmerge'
| MSGMERGE_FOR_MSGFMT_OPTION='--for-msgfmt'
| NM='/mingw64/bin/nm -B'
| NMEDIT=''
| OBJDUMP='objdump'
| OBJEXT='o'
| OTOOL64=''
| OTOOL=''
| PACKAGE='gnucobol'
| PACKAGE_BUGREPORT='bug-gnucobol@gnu.org'
| PACKAGE_NAME='GnuCOBOL'
| PACKAGE_STRING='GnuCOBOL 3.2'
| PACKAGE_TARNAME='gnucobol'
| PACKAGE_URL='https://www.gnu.org/software/gnucobol/'
| PACKAGE_VERSION='3.2'
| PATH_SEPARATOR=':'
| PERL='/usr/bin/perl'
| PKG_CONFIG='/usr/bin/pkg-config'
| PKG_CONFIG_LIBDIR=''
| PKG_CONFIG_PATH='/mingw64/lib/pkgconfig:/mingw64/share/pkgconfig'
| POSUB='po'
| PROGRAMS_LIBS='-L/mingw64/lib -lintl'
| QUOTE_INCLUDE_FLAG=''
| RANLIB='ranlib'
| RC='windres'
| SED='/usr/bin/sed'
| SET_MAKE=''
| SHELL='/bin/sh'
| STRIP='strip'
| USE_NLS='yes'
| VERSION='3.2'
| XGETTEXT='/mingw64/bin/xgettext'
| XGETTEXT_015='/mingw64/bin/xgettext'
| XGETTEXT_EXTRA_OPTIONS=''
| XML2_CFLAGS='-I/mingw64/include/libxml2'
| XML2_CONFIG=''
| XML2_LIBS='-lxml2'
| YACC='bison -o y.tab.c'
| YFLAGS=''
| ac_ct_AR='ar'
| ac_ct_CC='gcc'
| ac_ct_DUMPBIN=''
| am__EXEEXT_FALSE='#'
| am__EXEEXT_TRUE=''
| am__fastdepCC_FALSE='#'
| am__fastdepCC_TRUE=''
| am__include='include'
| am__isrc=''
| am__leading_dot='.'
| am__nodep='_no'
| am__quote=''
| am__tar='$${TAR-tar} chof - "$$tardir"'
| am__untar='$${TAR-tar} xf -'
| bindir='${exec_prefix}/bin'
| build='x86_64-w64-mingw32'
| build_alias='x86_64-w64-mingw32'
| build_cpu='x86_64'
| build_os='mingw32'
| build_vendor='w64'
| configured_make='make'
| datadir='${datarootdir}'
| datarootdir='${prefix}/share'
| docdir='${datarootdir}/doc/${PACKAGE_TARNAME}'
| dvidir='${docdir}'
| exec_prefix='${prefix}'
| host='x86_64-w64-mingw32'
| host_alias=''
| host_cpu='x86_64'
| host_os='mingw32'
| host_vendor='w64'
| htmldir='${docdir}'
| ifGNUmake=''
| ifnGNUmake=''
| includedir='${prefix}/include'
| infodir='${datarootdir}/info'
| install_sh='${SHELL} /home/spcwh2/x64/gnucobol-trunk/build_aux/install-sh'
| libdir='${exec_prefix}/lib'
| libexecdir='${exec_prefix}/libexec'
| localedir='${datarootdir}/locale'
| localstatedir='${prefix}/var'
| mandir='${datarootdir}/man'
| mkdir_p='$(MKDIR_P)'
| oldincludedir='/usr/include'
| pdfdir='${docdir}'
| prefix='/mingw64'
| program_transform_name='s,x,x,'
| psdir='${docdir}'
| runstatedir='${localstatedir}/run'
| sbindir='${exec_prefix}/sbin'
| sharedstatedir='${prefix}/com'
| sysconfdir='${prefix}/etc'
| target_alias=''
| 
| ## ----------- ##
| ## confdefs.h. ##
| ## ----------- ##
| 
| /* confdefs.h */
| #define PACKAGE_NAME "GnuCOBOL"
| #define PACKAGE_TARNAME "gnucobol"
| #define PACKAGE_VERSION "3.2"
| #define PACKAGE_STRING "GnuCOBOL 3.2"
| #define PACKAGE_BUGREPORT "bug-gnucobol@gnu.org"
| #define PACKAGE_URL "https://www.gnu.org/software/gnucobol/"
| #define PACKAGE "gnucobol"
| #define PATCH_LEVEL 0
| #define MAX_CALL_FIELD_PARAMS 192
| #define HAVE_STDIO_H 1
| #define HAVE_STDLIB_H 1
| #define HAVE_STRING_H 1
| #define HAVE_INTTYPES_H 1
| #define HAVE_STDINT_H 1
| #define HAVE_STRINGS_H 1
| #define HAVE_SYS_STAT_H 1
| #define HAVE_SYS_TYPES_H 1
| #define HAVE_UNISTD_H 1
| #define HAVE_WCHAR_H 1
| #define STDC_HEADERS 1
| #define _ALL_SOURCE 1
| #define _DARWIN_C_SOURCE 1
| #define _GNU_SOURCE 1
| #define _HPUX_ALT_XOPEN_SOCKET_API 1
| #define _NETBSD_SOURCE 1
| #define _OPENBSD_SOURCE 1
| #define _POSIX_PTHREAD_SEMANTICS 1
| #define __STDC_WANT_IEC_60559_ATTRIBS_EXT__ 1
| #define __STDC_WANT_IEC_60559_BFP_EXT__ 1
| #define __STDC_WANT_IEC_60559_DFP_EXT__ 1
| #define __STDC_WANT_IEC_60559_FUNCS_EXT__ 1
| #define __STDC_WANT_IEC_60559_TYPES_EXT__ 1
| #define __STDC_WANT_LIB_EXT2__ 1
| #define __STDC_WANT_MATH_SPEC_FUNCS__ 1
| #define _TANDEM_SOURCE 1
| #define __EXTENSIONS__ 1
| #define LT_OBJDIR ".libs/"
| #define YYTEXT_POINTER 1
| #define HAVE_SYS_TYPES_H 1
| #define HAVE_SIGNAL_H 1
| #define HAVE_STDDEF_H 1
| #define HAVE_SYS_TIME_H 1
| #define HAVE_LOCALE_H 1
| #define HAVE_FCNTL_H 1
| #define HAVE_SIG_ATOMIC_T 1
| #define COB_KEYWORD_INLINE __inline
| #define HAVE_VPRINTF 1
| #define HAVE_MEMMOVE 1
| #define HAVE_MEMSET 1
| #define HAVE_SETLOCALE 1
| #define HAVE_STRERROR 1
| #define HAVE_STRCASECMP 1
| #define HAVE_STRCHR 1
| #define HAVE_STRRCHR 1
| #define HAVE_STRDUP 1
| #define HAVE_STRSTR 1
| #define HAVE_STRTOL 1
| #define HAVE_GETTIMEOFDAY 1
| #define HAVE_LOCALECONV 1
| #define HAVE_POPEN 1
| #define HAVE_RAISE 1
| #define HAVE_STRCOLL 1
| #define HAVE_TIMEZONE 1
| #define HAVE_DESIGNATED_INITS 1
| #define HAVE_GMP_H 1
| #define HAVE_MP_GET_MEMORY_FUNCTIONS 1
| #define WITH_XML2 1
| #define HAVE_CJSON_H 1
| #define WITH_CJSON 1
| #define WITH_JSON "cjson"
| #define WITH_VARSEQ 0
| #define HAVE_NANO_SLEEP 1
| #define HAVE_CLOCK_GETTIME 1
| #define HAVE_ISFINITE 1
| #define HAVE_DECL_FDATASYNC 0
| #define HAVE_DECL_FMEMOPEN 0
| #define HAVE_PDCURSES_H 1
| #define WITH_CURSES "pdcurses"
| #define HAVE_COLOR_SET 1
| #define HAVE_RESIZE_TERM 1
| #define HAVE_MOUSEINTERVAL 1
| #define HAVE_HAS_MOUSE 1
| #define HAVE_MOUSEMASK 1
| #define HAVE_DB_H 1
| #define WITH_DB 1
| #define COB_COMPUTED_GOTO 1
| #define SIZEOF_LONG_INT 4
| #define SIZEOF_LONG_LONG 8
| #define SIZEOF_LONG 4
| #define SIZEOF_VOID_P 8
| #define COB_32_BIT_LONG 1
| #define COB_64_BIT_POINTER 1
| #define HAVE_ATTRIBUTE_ALIGNED 1
| #define HAVE_ATTRIBUTE_PURE 1
| #define HAVE_ATTRIBUTE_CONSTRUCTOR 1
| #define HAVE_ICONV 1
| #define ENABLE_NLS 1
| #define HAVE_GETTEXT 1
| #define HAVE_DCGETTEXT 1
| #define COB_NO_SELFOPEN 1
| #define COB_CC "gcc"
| #define COB_CFLAGS "-pipe -I/mingw64/include -I/mingw64/include -Wno-unused -fsigned-char -Wno-pointer-sign"
| #define COB_LDFLAGS ""
| #define COB_LIBS "-L/mingw64/lib -lcob"
| #define COB_PIC_FLAGS "-DDLL_EXPORT -DPIC"
| #define COB_DEBUG_FLAGS "-ggdb3 -fasynchronous-unwind-tables"
| #define COB_EXPORT_DYN "-Wl,--export-all-symbols -Wl,--enable-auto-import -Wl,--enable-auto-image-base"
| #define COB_SHARED_OPT "-shared"
| #define COB_MODULE_EXT "dll"
| #define COB_OBJECT_EXT "o"
| #define COB_EXE_EXT ".exe"
| #define COB_LIBRARY_PATH "/mingw64/lib/gnucobol"
| #define COB_STRIP_CMD "strip --strip-unneeded"
| #define COB_CONFIG_DIR "/mingw64/share/gnucobol/config"
| #define COB_COPY_DIR "/mingw64/share/gnucobol/copy"
| #define COBCRUN_NAME "cobcrun"
| #define COB_BLD_CC "gcc"
| #define COB_BLD_CFLAGS "-O2 -pipe -finline-functions -fsigned-char -Wall -Wwrite-strings -Wmissing-prototypes -Wno-format-y2k"
| #define COB_BLD_CPPFLAGS "-I/mingw64/include"
| #define COB_BLD_LD "R:/msys64/mingw64/x86_64-w64-mingw32/bin/ld.exe"
| #define COB_BLD_LDFLAGS ""
| #define COB_BLD_BUILD "x86_64-w64-mingw32"
| 
| configure: exit 0

